Archive member included because of file (symbol)

c:/altera/quartus/nios2eds/bin/gnu/h-i686-mingw32/bin/../lib/gcc/nios2-elf/4.1.2\libgcc.a(_div_sf.o)
                              obj/default/project_1.o (__divsf3)
c:/altera/quartus/nios2eds/bin/gnu/h-i686-mingw32/bin/../lib/gcc/nios2-elf/4.1.2\libgcc.a(_si_to_sf.o)
                              obj/default/project_1.o (__floatsisf)
c:/altera/quartus/nios2eds/bin/gnu/h-i686-mingw32/bin/../lib/gcc/nios2-elf/4.1.2\libgcc.a(_sf_to_df.o)
                              obj/default/project_1.o (__extendsfdf2)
c:/altera/quartus/nios2eds/bin/gnu/h-i686-mingw32/bin/../lib/gcc/nios2-elf/4.1.2\libgcc.a(_thenan_sf.o)
                              c:/altera/quartus/nios2eds/bin/gnu/h-i686-mingw32/bin/../lib/gcc/nios2-elf/4.1.2\libgcc.a(_div_sf.o) (__thenan_sf)
c:/altera/quartus/nios2eds/bin/gnu/h-i686-mingw32/bin/../lib/gcc/nios2-elf/4.1.2\libgcc.a(_usi_to_sf.o)
                              obj/default/project_1.o (__floatunsisf)
c:/altera/quartus/nios2eds/bin/gnu/h-i686-mingw32/bin/../lib/gcc/nios2-elf/4.1.2\libgcc.a(_make_df.o)
                              c:/altera/quartus/nios2eds/bin/gnu/h-i686-mingw32/bin/../lib/gcc/nios2-elf/4.1.2\libgcc.a(_sf_to_df.o) (__make_dp)
c:/altera/quartus/nios2eds/bin/gnu/h-i686-mingw32/bin/../lib/gcc/nios2-elf/4.1.2\libgcc.a(_clzsi2.o)
                              c:/altera/quartus/nios2eds/bin/gnu/h-i686-mingw32/bin/../lib/gcc/nios2-elf/4.1.2\libgcc.a(_si_to_sf.o) (__clzsi2)
c:/altera/quartus/nios2eds/bin/gnu/h-i686-mingw32/bin/../lib/gcc/nios2-elf/4.1.2\libgcc.a(_pack_sf.o)
                              c:/altera/quartus/nios2eds/bin/gnu/h-i686-mingw32/bin/../lib/gcc/nios2-elf/4.1.2\libgcc.a(_div_sf.o) (__pack_f)
c:/altera/quartus/nios2eds/bin/gnu/h-i686-mingw32/bin/../lib/gcc/nios2-elf/4.1.2\libgcc.a(_unpack_sf.o)
                              c:/altera/quartus/nios2eds/bin/gnu/h-i686-mingw32/bin/../lib/gcc/nios2-elf/4.1.2\libgcc.a(_div_sf.o) (__unpack_f)
c:/altera/quartus/nios2eds/bin/gnu/h-i686-mingw32/bin/../lib/gcc/nios2-elf/4.1.2\libgcc.a(_pack_df.o)
                              c:/altera/quartus/nios2eds/bin/gnu/h-i686-mingw32/bin/../lib/gcc/nios2-elf/4.1.2\libgcc.a(_make_df.o) (__pack_d)
c:/altera/quartus/nios2eds/bin/gnu/h-i686-mingw32/bin/../lib/gcc/nios2-elf/4.1.2\libgcc.a(_clz.o)
                              c:/altera/quartus/nios2eds/bin/gnu/h-i686-mingw32/bin/../lib/gcc/nios2-elf/4.1.2\libgcc.a(_clzsi2.o) (__clz_tab)
c:/altera/quartus/nios2eds/bin/gnu/h-i686-mingw32/bin/../lib/gcc/nios2-elf/4.1.2/../../../../nios2-elf/lib\libc.a(lib_a-printf.o)
                              obj/default/project_1.o (printf)
c:/altera/quartus/nios2eds/bin/gnu/h-i686-mingw32/bin/../lib/gcc/nios2-elf/4.1.2/../../../../nios2-elf/lib\libc.a(lib_a-puts.o)
                              obj/default/project_1.o (puts)
c:/altera/quartus/nios2eds/bin/gnu/h-i686-mingw32/bin/../lib/gcc/nios2-elf/4.1.2/../../../../nios2-elf/lib\libc.a(lib_a-strlen.o)
                              c:/altera/quartus/nios2eds/bin/gnu/h-i686-mingw32/bin/../lib/gcc/nios2-elf/4.1.2/../../../../nios2-elf/lib\libc.a(lib_a-puts.o) (strlen)
c:/altera/quartus/nios2eds/bin/gnu/h-i686-mingw32/bin/../lib/gcc/nios2-elf/4.1.2/../../../../nios2-elf/lib\libc.a(lib_a-vfprintf.o)
                              c:/altera/quartus/nios2eds/bin/gnu/h-i686-mingw32/bin/../lib/gcc/nios2-elf/4.1.2/../../../../nios2-elf/lib\libc.a(lib_a-printf.o) (___vfprintf_internal_r)
c:/altera/quartus/nios2eds/bin/gnu/h-i686-mingw32/bin/../lib/gcc/nios2-elf/4.1.2/../../../../nios2-elf/lib\libc.a(lib_a-wsetup.o)
                              c:/altera/quartus/nios2eds/bin/gnu/h-i686-mingw32/bin/../lib/gcc/nios2-elf/4.1.2/../../../../nios2-elf/lib\libc.a(lib_a-vfprintf.o) (__swsetup_r)
c:/altera/quartus/nios2eds/bin/gnu/h-i686-mingw32/bin/../lib/gcc/nios2-elf/4.1.2/../../../../nios2-elf/lib\libc.a(lib_a-dtoa.o)
                              c:/altera/quartus/nios2eds/bin/gnu/h-i686-mingw32/bin/../lib/gcc/nios2-elf/4.1.2/../../../../nios2-elf/lib\libc.a(lib_a-vfprintf.o) (_dtoa_r)
c:/altera/quartus/nios2eds/bin/gnu/h-i686-mingw32/bin/../lib/gcc/nios2-elf/4.1.2/../../../../nios2-elf/lib\libc.a(lib_a-fflush.o)
                              c:/altera/quartus/nios2eds/bin/gnu/h-i686-mingw32/bin/../lib/gcc/nios2-elf/4.1.2/../../../../nios2-elf/lib\libc.a(lib_a-vfprintf.o) (_fflush_r)
c:/altera/quartus/nios2eds/bin/gnu/h-i686-mingw32/bin/../lib/gcc/nios2-elf/4.1.2/../../../../nios2-elf/lib\libc.a(lib_a-findfp.o)
                              c:/altera/quartus/nios2eds/bin/gnu/h-i686-mingw32/bin/../lib/gcc/nios2-elf/4.1.2/../../../../nios2-elf/lib\libc.a(lib_a-vfprintf.o) (__sinit)
c:/altera/quartus/nios2eds/bin/gnu/h-i686-mingw32/bin/../lib/gcc/nios2-elf/4.1.2/../../../../nios2-elf/lib\libc.a(lib_a-freer.o)
                              c:/altera/quartus/nios2eds/bin/gnu/h-i686-mingw32/bin/../lib/gcc/nios2-elf/4.1.2/../../../../nios2-elf/lib\libc.a(lib_a-wsetup.o) (_free_r)
[...]
Memory Configuration

Name             Origin             Length             Attributes
onchip_memory2_0 0x00000000         0x00001000
reset            0x01000000         0x00000020
sdram            0x01000020         0x007fffe0
*default*        0x00000000         0xffffffff

Linker script and memory map

LOAD ../Project_1_bsp//obj/HAL/src/crt0.o
LOAD obj/default/project_1.o
LOAD c:/altera/quartus/nios2eds/bin/gnu/h-i686-mingw32/bin/../lib/gcc/nios2-elf/4.1.2/../../../../nios2-elf/lib\libstdc++.a
LOAD c:/altera/quartus/nios2eds/bin/gnu/h-i686-mingw32/bin/../lib/gcc/nios2-elf/4.1.2/../../../../nios2-elf/lib\libm.a
LOAD c:/altera/quartus/nios2eds/bin/gnu/h-i686-mingw32/bin/../lib/gcc/nios2-elf/4.1.2\libgcc.a
START GROUP
LOAD c:/altera/quartus/nios2eds/bin/gnu/h-i686-mingw32/bin/../lib/gcc/nios2-elf/4.1.2/../../../../nios2-elf/lib\libc.a
LOAD c:/altera/quartus/nios2eds/bin/gnu/h-i686-mingw32/bin/../lib/gcc/nios2-elf/4.1.2\libgcc.a
LOAD ../Project_1_bsp/\libhal_bsp.a
END GROUP
LOAD c:/altera/quartus/nios2eds/bin/gnu/h-i686-mingw32/bin/../lib/gcc/nios2-elf/4.1.2\libgcc.a
                0x00000000                __alt_mem_onchip_memory2_0 = 0x0
                0x01000000                __alt_mem_sdram = 0x1000000

.entry          0x01000000       0x20
 *(.entry)
 .entry         0x01000000       0x20 ../Project_1_bsp//obj/HAL/src/crt0.o
                0x01000000                __reset

.exceptions     0x01000020      0x194
                0x01000020                PROVIDE (__ram_exceptions_start, ABSOLUTE (.))
                0x01000020                . = ALIGN (0x20)
 *(.irq)
 *(.exceptions.entry.label)
 .exceptions.entry.label
                0x01000020        0x0 ../Project_1_bsp/\libhal_bsp.a(alt_irq_entry.o)
                0x01000020                alt_irq_entry
 .exceptions.entry.label
                0x01000020        0x0 ../Project_1_bsp/\libhal_bsp.a(alt_exception_entry.o)
                0x01000020                alt_exception
 *(.exceptions.entry.user)
 *(.exceptions.entry)
 .exceptions.entry
                0x01000020       0x54 ../Project_1_bsp/\libhal_bsp.a(alt_exception_entry.o)
 *(.exceptions.irqtest.user)
 *(.exceptions.irqtest)
 .exceptions.irqtest
                0x01000074       0x10 ../Project_1_bsp/\libhal_bsp.a(alt_irq_entry.o)
 *(.exceptions.irqhandler.user)
 *(.exceptions.irqhandler)
 .exceptions.irqhandler
                0x01000084        0x4 ../Project_1_bsp/\libhal_bsp.a(alt_irq_entry.o)
 *(.exceptions.irqreturn.user)
 *(.exceptions.irqreturn)
 .exceptions.irqreturn
                0x01000088        0x4 ../Project_1_bsp/\libhal_bsp.a(alt_irq_entry.o)
 *(.exceptions.notirq.label)
 .exceptions.notirq.label
                0x0100008c        0x0 ../Project_1_bsp/\libhal_bsp.a(alt_irq_entry.o)
 *(.exceptions.notirq.user)
 *(.exceptions.notirq)
 .exceptions.notirq
                0x0100008c        0x8 ../Project_1_bsp/\libhal_bsp.a(alt_exception_entry.o)
 *(.exceptions.soft.user)
 *(.exceptions.soft)
 *(.exceptions.unknown.user)
 *(.exceptions.unknown)
 .exceptions.unknown
                0x01000094        0x4 ../Project_1_bsp/\libhal_bsp.a(alt_exception_entry.o)
 *(.exceptions.exit.label)
 .exceptions.exit.label
                0x01000098        0x0 ../Project_1_bsp/\libhal_bsp.a(alt_irq_entry.o)
 .exceptions.exit.label
                0x01000098        0x0 ../Project_1_bsp/\libhal_bsp.a(alt_exception_entry.o)
 *(.exceptions.exit.user)
 *(.exceptions.exit)
 .exceptions.exit
                0x01000098       0x54 ../Project_1_bsp/\libhal_bsp.a(alt_exception_entry.o)
 *(.exceptions)
 .exceptions    0x010000ec       0xc8 ../Project_1_bsp/\libhal_bsp.a(alt_irq_handler.o)
                0x010000ec                alt_irq_handler
                0x010001b4                PROVIDE (__ram_exceptions_end, ABSOLUTE (.))
                0x01000020                PROVIDE (__flash_exceptions_start, LOADADDR (.exceptions))

.text           0x010001b4     0xe3fc
                0x010001b4                PROVIDE (stext, ABSOLUTE (.))
 *(.interp)
 *(.hash)
 *(.dynsym)
 *(.dynstr)
 *(.gnu.version)
 *(.gnu.version_d)
 *(.gnu.version_r)
 *(.rel.init)
 *(.rela.init)
 *(.rel.text .rel.text.* .rel.gnu.linkonce.t.*)
 *(.rela.text .rela.text.* .rela.gnu.linkonce.t.*)
 *(.rel.fini)
 *(.rela.fini)
 *(.rel.rodata .rel.rodata.* .rel.gnu.linkonce.r.*)
 *(.rela.rodata .rela.rodata.* .rela.gnu.linkonce.r.*)
 *(.rel.data .rel.data.* .rel.gnu.linkonce.d.*)
 *(.rela.data .rela.data.* .rela.gnu.linkonce.d.*)
 *(.rel.tdata .rel.tdata.* .rel.gnu.linkonce.td.*)
 *(.rela.tdata .rela.tdata.* .rela.gnu.linkonce.td.*)
 *(.rel.tbss .rel.tbss.* .rel.gnu.linkonce.tb.*)
 *(.rela.tbss .rela.tbss.* .rela.gnu.linkonce.tb.*)
 *(.rel.ctors)
 *(.rela.ctors)
 *(.rel.dtors)
 *(.rela.dtors)
 *(.rel.got)
 *(.rela.got)
 *(.rel.sdata .rel.sdata.* .rel.gnu.linkonce.s.*)
 *(.rela.sdata .rela.sdata.* .rela.gnu.linkonce.s.*)
 *(.rel.sbss .rel.sbss.* .rel.gnu.linkonce.sb.*)
 *(.rela.sbss .rela.sbss.* .rela.gnu.linkonce.sb.*)
 *(.rel.sdata2 .rel.sdata2.* .rel.gnu.linkonce.s2.*)
 *(.rela.sdata2 .rela.sdata2.* .rela.gnu.linkonce.s2.*)
 *(.rel.sbss2 .rel.sbss2.* .rel.gnu.linkonce.sb2.*)
 *(.rela.sbss2 .rela.sbss2.* .rela.gnu.linkonce.sb2.*)
 *(.rel.bss .rel.bss.* .rel.gnu.linkonce.b.*)
 *(.rela.bss .rela.bss.* .rela.gnu.linkonce.b.*)
 *(.rel.plt)
 *(.rela.plt)
 *(.rel.dyn)
 *(.init)
 *(.plt)
 *(.text .stub .text.* .gnu.linkonce.t.*)
 .text          0x010001b4       0x4c ../Project_1_bsp//obj/HAL/src/crt0.o
                0x010001b4                _start
 .text          0x01000200      0x810 obj/default/project_1.o
                0x01000200                main
                0x01000288                multiply_matrix
                0x01000608                timer_test
                0x010008ac                init_lcd
                0x0100090c                lcd_to_key
 .text          0x01000a10      0x174 c:/altera/quartus/nios2eds/bin/gnu/h-i686-mingw32/bin/../lib/gcc/nios2-elf/4.1.2\libgcc.a(_div_sf.o)
                0x01000a10                __divsf3
 .text          0x01000b84       0x98 c:/altera/quartus/nios2eds/bin/gnu/h-i686-mingw32/bin/../lib/gcc/nios2-elf/4.1.2\libgcc.a(_si_to_sf.o)
                0x01000b84                __floatsisf
 .text          0x01000c1c       0x54 c:/altera/quartus/nios2eds/bin/gnu/h-i686-mingw32/bin/../lib/gcc/nios2-elf/4.1.2\libgcc.a(_sf_to_df.o)
                0x01000c1c                __extendsfdf2
 .text          0x01000c70        0x0 c:/altera/quartus/nios2eds/bin/gnu/h-i686-mingw32/bin/../lib/gcc/nios2-elf/4.1.2\libgcc.a(_thenan_sf.o)
 .text          0x01000c70       0xc0 c:/altera/quartus/nios2eds/bin/gnu/h-i686-mingw32/bin/../lib/gcc/nios2-elf/4.1.2\libgcc.a(_usi_to_sf.o)
                0x01000c70                __floatunsisf
 .text          0x01000d30       0x38 c:/altera/quartus/nios2eds/bin/gnu/h-i686-mingw32/bin/../lib/gcc/nios2-elf/4.1.2\libgcc.a(_make_df.o)
                0x01000d30                __make_dp
 .text          0x01000d68       0x80 c:/altera/quartus/nios2eds/bin/gnu/h-i686-mingw32/bin/../lib/gcc/nios2-elf/4.1.2\libgcc.a(_clzsi2.o)
                0x01000d68                __clzsi2
 .text          0x01000de8      0x160 c:/altera/quartus/nios2eds/bin/gnu/h-i686-mingw32/bin/../lib/gcc/nios2-elf/4.1.2\libgcc.a(_pack_sf.o)
                0x01000de8                __pack_f
 .text          0x01000f48       0xc8 c:/altera/quartus/nios2eds/bin/gnu/h-i686-mingw32/bin/../lib/gcc/nios2-elf/4.1.2\libgcc.a(_unpack_sf.o)
                0x01000f48                __unpack_f
 .text          0x01001010      0x314 c:/altera/quartus/nios2eds/bin/gnu/h-i686-mingw32/bin/../lib/gcc/nios2-elf/4.1.2\libgcc.a(_pack_df.o)
                0x01001010                __pack_d
 .text          0x01001324        0x0 c:/altera/quartus/nios2eds/bin/gnu/h-i686-mingw32/bin/../lib/gcc/nios2-elf/4.1.2\libgcc.a(_clz.o)
 .text          0x01001324       0x78 c:/altera/quartus/nios2eds/bin/gnu/h-i686-mingw32/bin/../lib/gcc/nios2-elf/4.1.2/../../../../nios2-elf/lib\libc.a(lib_a-printf.o)
                0x01001324                printf
                0x01001368                _printf_r
 .text          0x0100139c       0xb4 c:/altera/quartus/nios2eds/bin/gnu/h-i686-mingw32/bin/../lib/gcc/nios2-elf/4.1.2/../../../../nios2-elf/lib\libc.a(lib_a-puts.o)
                0x0100139c                _puts_r
                0x0100143c                puts
 .text          0x01001450       0x74 c:/altera/quartus/nios2eds/bin/gnu/h-i686-mingw32/bin/../lib/gcc/nios2-elf/4.1.2/../../../../nios2-elf/lib\libc.a(lib_a-strlen.o)
                0x01001450                strlen
 .text          0x010014c4     0x1f28 c:/altera/quartus/nios2eds/bin/gnu/h-i686-mingw32/bin/../lib/gcc/nios2-elf/4.1.2/../../../../nios2-elf/lib\libc.a(lib_a-vfprintf.o)
                0x0100151c                ___vfprintf_internal_r
                0x010033c8                __vfprintf_internal
 .text          0x010033ec      0x13c c:/altera/quartus/nios2eds/bin/gnu/h-i686-mingw32/bin/../lib/gcc/nios2-elf/4.1.2/../../../../nios2-elf/lib\libc.a(lib_a-wsetup.o)
                0x010033ec                __swsetup_r
 .text          0x01003528     0x17cc c:/altera/quartus/nios2eds/bin/gnu/h-i686-mingw32/bin/../lib/gcc/nios2-elf/4.1.2/../../../../nios2-elf/lib\libc.a(lib_a-dtoa.o)
                0x01003740                _dtoa_r
 .text          0x01004cf4      0x230 c:/altera/quartus/nios2eds/bin/gnu/h-i686-mingw32/bin/../lib/gcc/nios2-elf/4.1.2/../../../../nios2-elf/lib\libc.a(lib_a-fflush.o)
                0x01004cf4                _fflush_r
                0x01004ef0                fflush
 .text          0x01004f24      0x2c0 c:/altera/quartus/nios2eds/bin/gnu/h-i686-mingw32/bin/../lib/gcc/nios2-elf/4.1.2/../../../../nios2-elf/lib\libc.a(lib_a-findfp.o)
                0x01004f7c                __sfp_lock_acquire
                0x01004f80                __sfp_lock_release
                0x01004f84                __sinit_lock_acquire
                0x01004f88                __sinit_lock_release
                0x01004f8c                __sinit
                0x01005040                __fp_unlock_all
                0x01005058                __fp_lock_all
                0x01005070                _cleanup_r
                0x0100507c                _cleanup
                0x0100508c                __sfmoreglue
                0x010050f4                __sfp
 .text          0x010051e4      0x440 c:/altera/quartus/nios2eds/bin/gnu/h-i686-mingw32/bin/../lib/gcc/nios2-elf/4.1.2/../../../../nios2-elf/lib\libc.a(lib_a-freer.o)
                0x010051e4                _malloc_trim_r
                0x01005310                _free_r
 .text          0x01005624      0x49c c:/altera/quartus/nios2eds/bin/gnu/h-i686-mingw32/bin/../lib/gcc/nios2-elf/4.1.2/../../../../nios2-elf/lib\libc.a(lib_a-fvwrite.o)
                0x01005624                __sfvwrite_r
 .text          0x01005ac0      0x180 c:/altera/quartus/nios2eds/bin/gnu/h-i686-mingw32/bin/../lib/gcc/nios2-elf/4.1.2/../../../../nios2-elf/lib\libc.a(lib_a-fwalk.o)
                0x01005ac0                _fwalk_reent
                0x01005b88                _fwalk
 .text          0x01005c40        0x0 c:/altera/quartus/nios2eds/bin/gnu/h-i686-mingw32/bin/../lib/gcc/nios2-elf/4.1.2/../../../../nios2-elf/lib\libc.a(lib_a-impure.o)
 .text          0x01005c40       0xc4 c:/altera/quartus/nios2eds/bin/gnu/h-i686-mingw32/bin/../lib/gcc/nios2-elf/4.1.2/../../../../nios2-elf/lib\libc.a(lib_a-locale.o)
                0x01005c40                __locale_charset
                0x01005c48                _localeconv_r
                0x01005c54                localeconv
                0x01005c64                _setlocale_r
                0x01005ce8                setlocale
 .text          0x01005d04      0x194 c:/altera/quartus/nios2eds/bin/gnu/h-i686-mingw32/bin/../lib/gcc/nios2-elf/4.1.2/../../../../nios2-elf/lib\libc.a(lib_a-makebuf.o)
                0x01005d04                __smakebuf_r
 .text          0x01005e98      0x740 c:/altera/quartus/nios2eds/bin/gnu/h-i686-mingw32/bin/../lib/gcc/nios2-elf/4.1.2/../../../../nios2-elf/lib\libc.a(lib_a-mallocr.o)
                0x01005e98                _malloc_r
 .text          0x010065d8       0xe4 c:/altera/quartus/nios2eds/bin/gnu/h-i686-mingw32/bin/../lib/gcc/nios2-elf/4.1.2/../../../../nios2-elf/lib\libc.a(lib_a-memchr.o)
                0x010065d8                memchr
 .text          0x010066bc       0xa0 c:/altera/quartus/nios2eds/bin/gnu/h-i686-mingw32/bin/../lib/gcc/nios2-elf/4.1.2/../../../../nios2-elf/lib\libc.a(lib_a-memcpy.o)
                0x010066bc                memcpy
 .text          0x0100675c       0xe0 c:/altera/quartus/nios2eds/bin/gnu/h-i686-mingw32/bin/../lib/gcc/nios2-elf/4.1.2/../../../../nios2-elf/lib\libc.a(lib_a-memmove.o)
                0x0100675c                memmove
 .text          0x0100683c       0x98 c:/altera/quartus/nios2eds/bin/gnu/h-i686-mingw32/bin/../lib/gcc/nios2-elf/4.1.2/../../../../nios2-elf/lib\libc.a(lib_a-memset.o)
                0x0100683c                memset
 .text          0x010068d4      0xff4 c:/altera/quartus/nios2eds/bin/gnu/h-i686-mingw32/bin/../lib/gcc/nios2-elf/4.1.2/../../../../nios2-elf/lib\libc.a(lib_a-mprec.o)
                0x010068d4                _Bfree
                0x010068fc                __hi0bits
                0x0100696c                __lo0bits
                0x01006a30                __mcmp
                0x01006a90                __ulp
                0x01006b10                __b2d
                0x01006c30                __ratio
                0x01006ce0                _mprec_log10
                0x01006d74                __copybits
                0x01006dcc                __any_on
                0x01006e54                _Balloc
                0x01006f10                __d2b
                0x0100708c                __mdiff
                0x01007218                __lshift
                0x01007364                __multiply
                0x0100754c                __i2b
                0x01007588                __multadd
                0x01007688                __pow5mult
                0x010077a8                __s2b
 .text          0x010078c8      0x5f4 c:/altera/quartus/nios2eds/bin/gnu/h-i686-mingw32/bin/../lib/gcc/nios2-elf/4.1.2/../../../../nios2-elf/lib\libc.a(lib_a-reallocr.o)
                0x010078c8                _realloc_r
 .text          0x01007ebc       0x40 c:/altera/quartus/nios2eds/bin/gnu/h-i686-mingw32/bin/../lib/gcc/nios2-elf/4.1.2/../../../../nios2-elf/lib\libc.a(lib_a-s_isinfd.o)
                0x01007ebc                __isinfd
 .text          0x01007efc       0x30 c:/altera/quartus/nios2eds/bin/gnu/h-i686-mingw32/bin/../lib/gcc/nios2-elf/4.1.2/../../../../nios2-elf/lib\libc.a(lib_a-s_isnand.o)
                0x01007efc                __isnand
 .text          0x01007f2c       0x70 c:/altera/quartus/nios2eds/bin/gnu/h-i686-mingw32/bin/../lib/gcc/nios2-elf/4.1.2/../../../../nios2-elf/lib\libc.a(lib_a-sbrkr.o)
                0x01007f2c                _sbrk_r
 .text          0x01007f9c      0x14c c:/altera/quartus/nios2eds/bin/gnu/h-i686-mingw32/bin/../lib/gcc/nios2-elf/4.1.2/../../../../nios2-elf/lib\libc.a(lib_a-stdio.o)
                0x01007f9c                __sclose
                0x01007fa4                __sseek
                0x0100800c                __swrite
                0x01008088                __sread
 .text          0x010080e8       0xbc c:/altera/quartus/nios2eds/bin/gnu/h-i686-mingw32/bin/../lib/gcc/nios2-elf/4.1.2/../../../../nios2-elf/lib\libc.a(lib_a-strcmp.o)
                0x010080e8                strcmp
 .text          0x010081a4       0x78 c:/altera/quartus/nios2eds/bin/gnu/h-i686-mingw32/bin/../lib/gcc/nios2-elf/4.1.2/../../../../nios2-elf/lib\libc.a(lib_a-writer.o)
                0x010081a4                _write_r
 .text          0x0100821c       0xb4 c:/altera/quartus/nios2eds/bin/gnu/h-i686-mingw32/bin/../lib/gcc/nios2-elf/4.1.2/../../../../nios2-elf/lib\libc.a(lib_a-callocr.o)
                0x0100821c                _calloc_r
 .text          0x010082d0       0x70 c:/altera/quartus/nios2eds/bin/gnu/h-i686-mingw32/bin/../lib/gcc/nios2-elf/4.1.2/../../../../nios2-elf/lib\libc.a(lib_a-closer.o)
                0x010082d0                _close_r
 .text          0x01008340      0x124 c:/altera/quartus/nios2eds/bin/gnu/h-i686-mingw32/bin/../lib/gcc/nios2-elf/4.1.2/../../../../nios2-elf/lib\libc.a(lib_a-fclose.o)
                0x01008340                _fclose_r
                0x01008450                fclose
 .text          0x01008464       0x74 c:/altera/quartus/nios2eds/bin/gnu/h-i686-mingw32/bin/../lib/gcc/nios2-elf/4.1.2/../../../../nios2-elf/lib\libc.a(lib_a-fstatr.o)
                0x01008464                _fstat_r
 .text          0x010084d8        0x0 c:/altera/quartus/nios2eds/bin/gnu/h-i686-mingw32/bin/../lib/gcc/nios2-elf/4.1.2/../../../../nios2-elf/lib\libc.a(lib_a-int_errno.o)
 .text          0x010084d8       0x70 c:/altera/quartus/nios2eds/bin/gnu/h-i686-mingw32/bin/../lib/gcc/nios2-elf/4.1.2/../../../../nios2-elf/lib\libc.a(lib_a-isattyr.o)
                0x010084d8                _isatty_r
 .text          0x01008548       0x78 c:/altera/quartus/nios2eds/bin/gnu/h-i686-mingw32/bin/../lib/gcc/nios2-elf/4.1.2/../../../../nios2-elf/lib\libc.a(lib_a-lseekr.o)
                0x01008548                _lseek_r
 .text          0x010085c0       0x78 c:/altera/quartus/nios2eds/bin/gnu/h-i686-mingw32/bin/../lib/gcc/nios2-elf/4.1.2/../../../../nios2-elf/lib\libc.a(lib_a-readr.o)
                0x010085c0                _read_r
 .text          0x01008638      0x5dc c:/altera/quartus/nios2eds/bin/gnu/h-i686-mingw32/bin/../lib/gcc/nios2-elf/4.1.2\libgcc.a(_udivdi3.o)
                0x01008638                __udivdi3
 .text          0x01008c14      0x5b0 c:/altera/quartus/nios2eds/bin/gnu/h-i686-mingw32/bin/../lib/gcc/nios2-elf/4.1.2\libgcc.a(_umoddi3.o)
                0x01008c14                __umoddi3
 .text          0x010091c4      0x504 c:/altera/quartus/nios2eds/bin/gnu/h-i686-mingw32/bin/../lib/gcc/nios2-elf/4.1.2\libgcc.a(_addsub_df.o)
                0x010095d4                __subdf3
                0x01009654                __adddf3
 .text          0x010096c8      0x3c4 c:/altera/quartus/nios2eds/bin/gnu/h-i686-mingw32/bin/../lib/gcc/nios2-elf/4.1.2\libgcc.a(_mul_df.o)
                0x010096c8                __muldf3
 .text          0x01009a8c      0x258 c:/altera/quartus/nios2eds/bin/gnu/h-i686-mingw32/bin/../lib/gcc/nios2-elf/4.1.2\libgcc.a(_div_df.o)
                0x01009a8c                __divdf3
 .text          0x01009ce4       0x88 c:/altera/quartus/nios2eds/bin/gnu/h-i686-mingw32/bin/../lib/gcc/nios2-elf/4.1.2\libgcc.a(_eq_df.o)
                0x01009ce4                __eqdf2
 .text          0x01009d6c       0x88 c:/altera/quartus/nios2eds/bin/gnu/h-i686-mingw32/bin/../lib/gcc/nios2-elf/4.1.2\libgcc.a(_ne_df.o)
                0x01009d6c                __nedf2
 .text          0x01009df4       0x88 c:/altera/quartus/nios2eds/bin/gnu/h-i686-mingw32/bin/../lib/gcc/nios2-elf/4.1.2\libgcc.a(_gt_df.o)
                0x01009df4                __gtdf2
 .text          0x01009e7c       0x88 c:/altera/quartus/nios2eds/bin/gnu/h-i686-mingw32/bin/../lib/gcc/nios2-elf/4.1.2\libgcc.a(_ge_df.o)
                0x01009e7c                __gedf2
 .text          0x01009f04       0x88 c:/altera/quartus/nios2eds/bin/gnu/h-i686-mingw32/bin/../lib/gcc/nios2-elf/4.1.2\libgcc.a(_lt_df.o)
                0x01009f04                __ltdf2
 .text          0x01009f8c       0xf8 c:/altera/quartus/nios2eds/bin/gnu/h-i686-mingw32/bin/../lib/gcc/nios2-elf/4.1.2\libgcc.a(_si_to_df.o)
                0x01009f8c                __floatsidf
 .text          0x0100a084       0xd8 c:/altera/quartus/nios2eds/bin/gnu/h-i686-mingw32/bin/../lib/gcc/nios2-elf/4.1.2\libgcc.a(_df_to_si.o)
                0x0100a084                __fixdfsi
 .text          0x0100a15c        0x0 c:/altera/quartus/nios2eds/bin/gnu/h-i686-mingw32/bin/../lib/gcc/nios2-elf/4.1.2\libgcc.a(_thenan_df.o)
 .text          0x0100a15c      0x194 c:/altera/quartus/nios2eds/bin/gnu/h-i686-mingw32/bin/../lib/gcc/nios2-elf/4.1.2\libgcc.a(_usi_to_df.o)
                0x0100a15c                __floatunsidf
 .text          0x0100a2f0      0x14c c:/altera/quartus/nios2eds/bin/gnu/h-i686-mingw32/bin/../lib/gcc/nios2-elf/4.1.2\libgcc.a(lib2-divmod.o)
                0x0100a36c                __divsi3
                0x0100a3cc                __modsi3
                0x0100a42c                __udivsi3
                0x0100a434                __umodsi3
 .text          0x0100a43c       0x98 c:/altera/quartus/nios2eds/bin/gnu/h-i686-mingw32/bin/../lib/gcc/nios2-elf/4.1.2\libgcc.a(_muldi3.o)
                0x0100a43c                __muldi3
 .text          0x0100a4d4      0x138 c:/altera/quartus/nios2eds/bin/gnu/h-i686-mingw32/bin/../lib/gcc/nios2-elf/4.1.2\libgcc.a(_unpack_df.o)
                0x0100a4d4                __unpack_d
 .text          0x0100a60c       0xc8 c:/altera/quartus/nios2eds/bin/gnu/h-i686-mingw32/bin/../lib/gcc/nios2-elf/4.1.2\libgcc.a(_fpcmp_parts_df.o)
                0x0100a60c                __fpcmp_parts_d
 .text          0x0100a6d4      0x15c ../Project_1_bsp/\libhal_bsp.a(alt_close.o)
                0x0100a6d4                close
 .text          0x0100a830       0x2c ../Project_1_bsp/\libhal_bsp.a(alt_dev.o)
 .text          0x0100a85c        0x0 ../Project_1_bsp/\libhal_bsp.a(alt_errno.o)
 .text          0x0100a85c      0x134 ../Project_1_bsp/\libhal_bsp.a(alt_fstat.o)
                0x0100a85c                fstat
 .text          0x0100a990      0x120 ../Project_1_bsp/\libhal_bsp.a(alt_isatty.o)
                0x0100a990                isatty
 .text          0x0100aab0       0xec ../Project_1_bsp/\libhal_bsp.a(alt_load.o)
                0x0100aab0                alt_load
 .text          0x0100ab9c      0x150 ../Project_1_bsp/\libhal_bsp.a(alt_lseek.o)
                0x0100ab9c                lseek
 .text          0x0100acec       0x6c ../Project_1_bsp/\libhal_bsp.a(alt_main.o)
                0x0100acec                alt_main
 .text          0x0100ad58       0x40 ../Project_1_bsp/\libhal_bsp.a(alt_malloc_lock.o)
                0x0100ad58                __malloc_lock
                0x0100ad78                __malloc_unlock
 .text          0x0100ad98      0x258 ../Project_1_bsp/\libhal_bsp.a(alt_printf.o)
                0x0100ad98                alt_printf
 .text          0x0100aff0       0x40 ../Project_1_bsp/\libhal_bsp.a(alt_putchar.o)
                0x0100aff0                alt_putchar
 .text          0x0100b030      0x180 ../Project_1_bsp/\libhal_bsp.a(alt_read.o)
                0x0100b030                read
 .text          0x0100b1b0       0x60 ../Project_1_bsp/\libhal_bsp.a(alt_release_fd.o)
                0x0100b1b0                alt_release_fd
 .text          0x0100b210       0xbc ../Project_1_bsp/\libhal_bsp.a(alt_sbrk.o)
                0x0100b210                sbrk
 .text          0x0100b2cc      0x1a4 ../Project_1_bsp/\libhal_bsp.a(alt_tick.o)
                0x0100b2cc                alt_alarm_stop
                0x0100b364                alt_tick
 .text          0x0100b470       0x30 ../Project_1_bsp/\libhal_bsp.a(alt_usleep.o)
                0x0100b470                usleep
 .text          0x0100b4a0      0x180 ../Project_1_bsp/\libhal_bsp.a(alt_write.o)
                0x0100b4a0                write
 .text          0x0100b620      0x3c0 ../Project_1_bsp/\libhal_bsp.a(alt_sys_init.o)
                0x0100b620                alt_irq_init
                0x0100b654                alt_sys_init
 .text          0x0100b9e0      0x148 ../Project_1_bsp/\libhal_bsp.a(altera_avalon_jtag_uart_fd.o)
                0x0100b9e0                altera_avalon_jtag_uart_read_fd
                0x0100ba38                altera_avalon_jtag_uart_write_fd
                0x0100ba90                altera_avalon_jtag_uart_close_fd
                0x0100bad8                altera_avalon_jtag_uart_ioctl_fd
 .text          0x0100bb28      0x40c ../Project_1_bsp/\libhal_bsp.a(altera_avalon_jtag_uart_init.o)
                0x0100bb28                altera_avalon_jtag_uart_init
                0x0100bec0                altera_avalon_jtag_uart_close
 .text          0x0100bf34       0xf4 ../Project_1_bsp/\libhal_bsp.a(altera_avalon_jtag_uart_ioctl.o)
                0x0100bf34                altera_avalon_jtag_uart_ioctl
 .text          0x0100c028      0x224 ../Project_1_bsp/\libhal_bsp.a(altera_avalon_jtag_uart_read.o)
                0x0100c028                altera_avalon_jtag_uart_read
 .text          0x0100c24c      0x240 ../Project_1_bsp/\libhal_bsp.a(altera_avalon_jtag_uart_write.o)
                0x0100c24c                altera_avalon_jtag_uart_write
 .text          0x0100c48c      0x100 ../Project_1_bsp/\libhal_bsp.a(altera_avalon_timer_sc.o)
                0x0100c4fc                alt_avalon_timer_sc_init
 .text          0x0100c58c      0x168 ../Project_1_bsp/\libhal_bsp.a(altera_avalon_timer_ts.o)
                0x0100c58c                alt_timestamp_start
                0x0100c630                alt_timestamp
                0x0100c6cc                alt_timestamp_freq
 .text          0x0100c6f4        0x0 ../Project_1_bsp/\libhal_bsp.a(altera_avalon_timer_vars.o)
 .text          0x0100c6f4      0x530 ../Project_1_bsp/\libhal_bsp.a(altera_up_avalon_character_lcd.o)
                0x0100c6f4                get_DDRAM_addr
                0x0100c770                alt_up_character_lcd_send_cmd
                0x0100c7a4                alt_up_character_lcd_init
                0x0100c7d8                alt_up_character_lcd_open_dev
                0x0100c818                alt_up_character_lcd_write
                0x0100c890                alt_up_character_lcd_string
                0x0100c908                alt_up_character_lcd_write_fd
                0x0100c954                alt_up_character_lcd_set_cursor_pos
                0x0100c9cc                alt_up_character_lcd_shift_cursor
                0x0100ca7c                alt_up_character_lcd_shift_display
                0x0100cb2c                alt_up_character_lcd_erase_pos
                0x0100cbbc                alt_up_character_lcd_cursor_off
                0x0100cbf0                alt_up_character_lcd_cursor_blink_on
 .text          0x0100cc24      0x304 ../Project_1_bsp/\libhal_bsp.a(altera_up_avalon_video_character_buffer_with_dma.o)
                0x0100cc24                alt_up_char_buffer_init
                0x0100cca8                alt_up_char_buffer_open_dev
                0x0100cce8                alt_up_char_buffer_draw
                0x0100cdb8                alt_up_char_buffer_string
                0x0100cecc                alt_up_char_buffer_clear
 .text          0x0100cf28      0x154 ../Project_1_bsp/\libhal_bsp.a(alt_alarm_start.o)
                0x0100cf28                alt_alarm_start
 .text          0x0100d07c      0x14c ../Project_1_bsp/\libhal_bsp.a(alt_busy_sleep.o)
                0x0100d07c                alt_busy_sleep
 .text          0x0100d1c8       0x44 ../Project_1_bsp/\libhal_bsp.a(alt_dcache_flush_all.o)
                0x0100d1c8                alt_dcache_flush_all
 .text          0x0100d20c      0x114 ../Project_1_bsp/\libhal_bsp.a(alt_dev_llist_insert.o)
                0x0100d20c                alt_dev_llist_insert
 .text          0x0100d320       0x64 ../Project_1_bsp/\libhal_bsp.a(alt_do_ctors.o)
                0x0100d320                _do_ctors
 .text          0x0100d384       0x64 ../Project_1_bsp/\libhal_bsp.a(alt_do_dtors.o)
                0x0100d384                _do_dtors
 .text          0x0100d3e8       0x94 ../Project_1_bsp/\libhal_bsp.a(alt_find_dev.o)
                0x0100d3e8                alt_find_dev
 .text          0x0100d47c       0x30 ../Project_1_bsp/\libhal_bsp.a(alt_icache_flush_all.o)
                0x0100d47c                alt_icache_flush_all
 .text          0x0100d4ac      0x1d4 ../Project_1_bsp/\libhal_bsp.a(alt_iic.o)
                0x0100d4ac                alt_ic_isr_register
                0x0100d4fc                alt_ic_irq_enable
                0x0100d598                alt_ic_irq_disable
                0x0100d638                alt_ic_irq_enabled
 .text          0x0100d680       0xf8 ../Project_1_bsp/\libhal_bsp.a(alt_iic_isr_register.o)
                0x0100d680                alt_iic_isr_register
 .text          0x0100d778      0x13c ../Project_1_bsp/\libhal_bsp.a(alt_io_redirect.o)
                0x0100d83c                alt_io_redirect
 .text          0x0100d8b4        0x0 ../Project_1_bsp/\libhal_bsp.a(alt_irq_entry.o)
 .text          0x0100d8b4        0x0 ../Project_1_bsp/\libhal_bsp.a(alt_irq_handler.o)
 .text          0x0100d8b4        0x0 ../Project_1_bsp/\libhal_bsp.a(alt_irq_vars.o)
 .text          0x0100d8b4      0x2c4 ../Project_1_bsp/\libhal_bsp.a(alt_open.o)
                0x0100d990                open
 .text          0x0100db78       0x20 ../Project_1_bsp/\libhal_bsp.a(altera_nios2_qsys_irq.o)
                0x0100db78                altera_nios2_qsys_irq_init
 .text          0x0100db98        0x0 ../Project_1_bsp/\libhal_bsp.a(alt_exception_entry.o)
 .text          0x0100db98      0x120 ../Project_1_bsp/\libhal_bsp.a(alt_find_file.o)
                0x0100db98                alt_find_file
 .text          0x0100dcb8       0xb8 ../Project_1_bsp/\libhal_bsp.a(alt_get_fd.o)
                0x0100dcb8                alt_get_fd
 .text          0x0100dd70       0x90 ../Project_1_bsp/\libhal_bsp.a(alt_icache_flush.o)
                0x0100dd70                alt_icache_flush
 .text          0x0100de00       0x14 c:/altera/quartus/nios2eds/bin/gnu/h-i686-mingw32/bin/../lib/gcc/nios2-elf/4.1.2/../../../../nios2-elf/lib\libc.a(lib_a-atexit.o)
                0x0100de00                atexit
 .text          0x0100de14       0x38 c:/altera/quartus/nios2eds/bin/gnu/h-i686-mingw32/bin/../lib/gcc/nios2-elf/4.1.2/../../../../nios2-elf/lib\libc.a(lib_a-exit.o)
                0x0100de14                exit
 .text          0x0100de4c       0x74 c:/altera/quartus/nios2eds/bin/gnu/h-i686-mingw32/bin/../lib/gcc/nios2-elf/4.1.2/../../../../nios2-elf/lib\libc.a(lib_a-memcmp.o)
                0x0100de4c                memcmp
 .text          0x0100dec0      0x1ec c:/altera/quartus/nios2eds/bin/gnu/h-i686-mingw32/bin/../lib/gcc/nios2-elf/4.1.2/../../../../nios2-elf/lib\libc.a(lib_a-putc.o)
                0x0100dec0                putc
                0x0100dfc4                _putc_r
 .text          0x0100e0ac      0x14c c:/altera/quartus/nios2eds/bin/gnu/h-i686-mingw32/bin/../lib/gcc/nios2-elf/4.1.2/../../../../nios2-elf/lib\libc.a(lib_a-wbuf.o)
                0x0100e0ac                __swbuf_r
                0x0100e1dc                __swbuf
 .text          0x0100e1f8      0x134 c:/altera/quartus/nios2eds/bin/gnu/h-i686-mingw32/bin/../lib/gcc/nios2-elf/4.1.2/../../../../nios2-elf/lib\libc.a(lib_a-__atexit.o)
                0x0100e1f8                __register_exitproc
 .text          0x0100e32c      0x1b4 c:/altera/quartus/nios2eds/bin/gnu/h-i686-mingw32/bin/../lib/gcc/nios2-elf/4.1.2/../../../../nios2-elf/lib\libc.a(lib_a-__call_atexit.o)
                0x0100e330                __call_exitprocs
 .text          0x0100e4e0       0x60 ../Project_1_bsp/\libhal_bsp.a(alt_exit.o)
                0x0100e520                _exit
 *(.gnu.warning.*)
 *(.fini)
                0x0100e540                PROVIDE (__etext, ABSOLUTE (.))
                0x0100e540                PROVIDE (_etext, ABSOLUTE (.))
                0x0100e540                PROVIDE (etext, ABSOLUTE (.))
 *(.eh_frame_hdr)
                0x0100e540                . = ALIGN (0x4)
                0x0100e540                PROVIDE (__preinit_array_start, ABSOLUTE (.))
 *(.preinit_array)
                0x0100e540                PROVIDE (__preinit_array_end, ABSOLUTE (.))
                0x0100e540                PROVIDE (__init_array_start, ABSOLUTE (.))
 *(.init_array)
                0x0100e540                PROVIDE (__init_array_end, ABSOLUTE (.))
                0x0100e540                PROVIDE (__fini_array_start, ABSOLUTE (.))
 *(.fini_array)
                0x0100e540                PROVIDE (__fini_array_end, ABSOLUTE (.))
 *(.eh_frame)
 .eh_frame      0x0100e540       0x40 c:/altera/quartus/nios2eds/bin/gnu/h-i686-mingw32/bin/../lib/gcc/nios2-elf/4.1.2\libgcc.a(_udivdi3.o)
 .eh_frame      0x0100e580       0x2c c:/altera/quartus/nios2eds/bin/gnu/h-i686-mingw32/bin/../lib/gcc/nios2-elf/4.1.2\libgcc.a(_umoddi3.o)
                                 0x40 (size before relaxing)
 *(.gcc_except_table)
 *(.dynamic)
                0x0100e5ac                PROVIDE (__CTOR_LIST__, ABSOLUTE (.))
 *(.ctors)
 *(SORT(.ctors.*))
 .ctors.65535   0x0100e5ac        0x4 c:/altera/quartus/nios2eds/bin/gnu/h-i686-mingw32/bin/../lib/gcc/nios2-elf/4.1.2/../../../../nios2-elf/lib\libc.a(lib_a-__call_atexit.o)
                0x0100e5b0                PROVIDE (__CTOR_END__, ABSOLUTE (.))
                0x0100e5b0                PROVIDE (__DTOR_LIST__, ABSOLUTE (.))
 *(.dtors)
 *(SORT(.dtors.*))
                0x0100e5b0                PROVIDE (__DTOR_END__, ABSOLUTE (.))
 *(.jcr)
                0x0100e5b0                . = ALIGN (0x4)

.rodata         0x0100e5b0      0x694
                0x0100e5b0                PROVIDE (__ram_rodata_start, ABSOLUTE (.))
                0x0100e5b0                . = ALIGN (0x4)
 *(.rodata .rodata.* .gnu.linkonce.r.*)
 .rodata        0x0100e5b0      0x2b4 obj/default/project_1.o
 .rodata        0x0100e864       0x10 c:/altera/quartus/nios2eds/bin/gnu/h-i686-mingw32/bin/../lib/gcc/nios2-elf/4.1.2\libgcc.a(_thenan_sf.o)
                0x0100e864                __thenan_sf
 .rodata        0x0100e874      0x100 c:/altera/quartus/nios2eds/bin/gnu/h-i686-mingw32/bin/../lib/gcc/nios2-elf/4.1.2\libgcc.a(_clz.o)
                0x0100e874                __clz_tab
 .rodata.str1.4
                0x0100e974        0x2 c:/altera/quartus/nios2eds/bin/gnu/h-i686-mingw32/bin/../lib/gcc/nios2-elf/4.1.2/../../../../nios2-elf/lib\libc.a(lib_a-puts.o)
                                  0x4 (size before relaxing)
 *fill*         0x0100e976        0x2 00
 .rodata.str1.4
                0x0100e978       0x5e c:/altera/quartus/nios2eds/bin/gnu/h-i686-mingw32/bin/../lib/gcc/nios2-elf/4.1.2/../../../../nios2-elf/lib\libc.a(lib_a-vfprintf.o)
                                 0x60 (size before relaxing)
 .rodata        0x0100e9d6       0x20 c:/altera/quartus/nios2eds/bin/gnu/h-i686-mingw32/bin/../lib/gcc/nios2-elf/4.1.2/../../../../nios2-elf/lib\libc.a(lib_a-vfprintf.o)
 *fill*         0x0100e9f6        0x2 00
 .rodata.str1.4
                0x0100e9f8       0x10 c:/altera/quartus/nios2eds/bin/gnu/h-i686-mingw32/bin/../lib/gcc/nios2-elf/4.1.2/../../../../nios2-elf/lib\libc.a(lib_a-dtoa.o)
                                 0x14 (size before relaxing)
 .rodata.str1.4
                0x0100ea08        0x2 c:/altera/quartus/nios2eds/bin/gnu/h-i686-mingw32/bin/../lib/gcc/nios2-elf/4.1.2/../../../../nios2-elf/lib\libc.a(lib_a-impure.o)
                                  0x4 (size before relaxing)
 *fill*         0x0100ea0a        0x2 00
 .rodata.str1.4
                0x0100ea0c       0x10 c:/altera/quartus/nios2eds/bin/gnu/h-i686-mingw32/bin/../lib/gcc/nios2-elf/4.1.2/../../../../nios2-elf/lib\libc.a(lib_a-locale.o)
                                 0x18 (size before relaxing)
 .rodata        0x0100ea1c       0x30 c:/altera/quartus/nios2eds/bin/gnu/h-i686-mingw32/bin/../lib/gcc/nios2-elf/4.1.2/../../../../nios2-elf/lib\libc.a(lib_a-locale.o)
 .rodata        0x0100ea4c      0x124 c:/altera/quartus/nios2eds/bin/gnu/h-i686-mingw32/bin/../lib/gcc/nios2-elf/4.1.2/../../../../nios2-elf/lib\libc.a(lib_a-mprec.o)
                0x0100ea4c                __mprec_tens
                0x0100eb14                __mprec_bigtens
                0x0100eb3c                __mprec_tinytens
 .rodata        0x0100eb70       0x14 c:/altera/quartus/nios2eds/bin/gnu/h-i686-mingw32/bin/../lib/gcc/nios2-elf/4.1.2\libgcc.a(_thenan_df.o)
                0x0100eb70                __thenan_df
 .rodata        0x0100eb84        0xc ../Project_1_bsp/\libhal_bsp.a(alt_dev.o)
 .rodata        0x0100eb90       0x14 ../Project_1_bsp/\libhal_bsp.a(alt_main.o)
 .rodata        0x0100eba4       0x84 ../Project_1_bsp/\libhal_bsp.a(alt_sys_init.o)
 .rodata        0x0100ec28       0x1c ../Project_1_bsp/\libhal_bsp.a(altera_up_avalon_video_character_buffer_with_dma.o)
 *(.rodata1)
                0x0100ec44                . = ALIGN (0x4)
                0x0100ec44                PROVIDE (__ram_rodata_end, ABSOLUTE (.))
                0x0100e5b0                PROVIDE (__flash_rodata_start, LOADADDR (.rodata))

.rwdata         0x0100ec44     0x1b50 load address 0x01010794
                0x0100ec44                PROVIDE (__ram_rwdata_start, ABSOLUTE (.))
                0x0100ec44                . = ALIGN (0x4)
 *(.got.plt)
 *(.got)
 *(.data1)
 *(.data .data.* .gnu.linkonce.d.*)
 .data          0x0100ec44        0x0 ../Project_1_bsp//obj/HAL/src/crt0.o
 .data          0x0100ec44        0x0 obj/default/project_1.o
 .data          0x0100ec44        0x0 c:/altera/quartus/nios2eds/bin/gnu/h-i686-mingw32/bin/../lib/gcc/nios2-elf/4.1.2\libgcc.a(_div_sf.o)
 .data          0x0100ec44        0x0 c:/altera/quartus/nios2eds/bin/gnu/h-i686-mingw32/bin/../lib/gcc/nios2-elf/4.1.2\libgcc.a(_si_to_sf.o)
 .data          0x0100ec44        0x0 c:/altera/quartus/nios2eds/bin/gnu/h-i686-mingw32/bin/../lib/gcc/nios2-elf/4.1.2\libgcc.a(_sf_to_df.o)
 .data          0x0100ec44        0x0 c:/altera/quartus/nios2eds/bin/gnu/h-i686-mingw32/bin/../lib/gcc/nios2-elf/4.1.2\libgcc.a(_thenan_sf.o)
 .data          0x0100ec44        0x0 c:/altera/quartus/nios2eds/bin/gnu/h-i686-mingw32/bin/../lib/gcc/nios2-elf/4.1.2\libgcc.a(_usi_to_sf.o)
 .data          0x0100ec44        0x0 c:/altera/quartus/nios2eds/bin/gnu/h-i686-mingw32/bin/../lib/gcc/nios2-elf/4.1.2\libgcc.a(_make_df.o)
 .data          0x0100ec44        0x0 c:/altera/quartus/nios2eds/bin/gnu/h-i686-mingw32/bin/../lib/gcc/nios2-elf/4.1.2\libgcc.a(_clzsi2.o)
 .data          0x0100ec44        0x0 c:/altera/quartus/nios2eds/bin/gnu/h-i686-mingw32/bin/../lib/gcc/nios2-elf/4.1.2\libgcc.a(_pack_sf.o)
 .data          0x0100ec44        0x0 c:/altera/quartus/nios2eds/bin/gnu/h-i686-mingw32/bin/../lib/gcc/nios2-elf/4.1.2\libgcc.a(_unpack_sf.o)
 .data          0x0100ec44        0x0 c:/altera/quartus/nios2eds/bin/gnu/h-i686-mingw32/bin/../lib/gcc/nios2-elf/4.1.2\libgcc.a(_pack_df.o)
 .data          0x0100ec44        0x0 c:/altera/quartus/nios2eds/bin/gnu/h-i686-mingw32/bin/../lib/gcc/nios2-elf/4.1.2\libgcc.a(_clz.o)
 .data          0x0100ec44        0x0 c:/altera/quartus/nios2eds/bin/gnu/h-i686-mingw32/bin/../lib/gcc/nios2-elf/4.1.2/../../../../nios2-elf/lib\libc.a(lib_a-printf.o)
 .data          0x0100ec44        0x0 c:/altera/quartus/nios2eds/bin/gnu/h-i686-mingw32/bin/../lib/gcc/nios2-elf/4.1.2/../../../../nios2-elf/lib\libc.a(lib_a-puts.o)
 .data          0x0100ec44        0x0 c:/altera/quartus/nios2eds/bin/gnu/h-i686-mingw32/bin/../lib/gcc/nios2-elf/4.1.2/../../../../nios2-elf/lib\libc.a(lib_a-strlen.o)
 .data          0x0100ec44        0x0 c:/altera/quartus/nios2eds/bin/gnu/h-i686-mingw32/bin/../lib/gcc/nios2-elf/4.1.2/../../../../nios2-elf/lib\libc.a(lib_a-vfprintf.o)
 .data          0x0100ec44        0x0 c:/altera/quartus/nios2eds/bin/gnu/h-i686-mingw32/bin/../lib/gcc/nios2-elf/4.1.2/../../../../nios2-elf/lib\libc.a(lib_a-wsetup.o)
 .data          0x0100ec44        0x0 c:/altera/quartus/nios2eds/bin/gnu/h-i686-mingw32/bin/../lib/gcc/nios2-elf/4.1.2/../../../../nios2-elf/lib\libc.a(lib_a-dtoa.o)
 .data          0x0100ec44        0x0 c:/altera/quartus/nios2eds/bin/gnu/h-i686-mingw32/bin/../lib/gcc/nios2-elf/4.1.2/../../../../nios2-elf/lib\libc.a(lib_a-fflush.o)
 .data          0x0100ec44        0x0 c:/altera/quartus/nios2eds/bin/gnu/h-i686-mingw32/bin/../lib/gcc/nios2-elf/4.1.2/../../../../nios2-elf/lib\libc.a(lib_a-findfp.o)
 .data          0x0100ec44        0x0 c:/altera/quartus/nios2eds/bin/gnu/h-i686-mingw32/bin/../lib/gcc/nios2-elf/4.1.2/../../../../nios2-elf/lib\libc.a(lib_a-freer.o)
 .data          0x0100ec44        0x0 c:/altera/quartus/nios2eds/bin/gnu/h-i686-mingw32/bin/../lib/gcc/nios2-elf/4.1.2/../../../../nios2-elf/lib\libc.a(lib_a-fvwrite.o)
 .data          0x0100ec44        0x0 c:/altera/quartus/nios2eds/bin/gnu/h-i686-mingw32/bin/../lib/gcc/nios2-elf/4.1.2/../../../../nios2-elf/lib\libc.a(lib_a-fwalk.o)
 .data          0x0100ec44      0x400 c:/altera/quartus/nios2eds/bin/gnu/h-i686-mingw32/bin/../lib/gcc/nios2-elf/4.1.2/../../../../nios2-elf/lib\libc.a(lib_a-impure.o)
 .data          0x0100f044        0xc c:/altera/quartus/nios2eds/bin/gnu/h-i686-mingw32/bin/../lib/gcc/nios2-elf/4.1.2/../../../../nios2-elf/lib\libc.a(lib_a-locale.o)
                0x0100f044                __lc_ctype
 .data          0x0100f050        0x0 c:/altera/quartus/nios2eds/bin/gnu/h-i686-mingw32/bin/../lib/gcc/nios2-elf/4.1.2/../../../../nios2-elf/lib\libc.a(lib_a-makebuf.o)
 .data          0x0100f050      0x408 c:/altera/quartus/nios2eds/bin/gnu/h-i686-mingw32/bin/../lib/gcc/nios2-elf/4.1.2/../../../../nios2-elf/lib\libc.a(lib_a-mallocr.o)
                0x0100f050                __malloc_av_
 .data          0x0100f458        0x0 c:/altera/quartus/nios2eds/bin/gnu/h-i686-mingw32/bin/../lib/gcc/nios2-elf/4.1.2/../../../../nios2-elf/lib\libc.a(lib_a-memchr.o)
 .data          0x0100f458        0x0 c:/altera/quartus/nios2eds/bin/gnu/h-i686-mingw32/bin/../lib/gcc/nios2-elf/4.1.2/../../../../nios2-elf/lib\libc.a(lib_a-memcpy.o)
 .data          0x0100f458        0x0 c:/altera/quartus/nios2eds/bin/gnu/h-i686-mingw32/bin/../lib/gcc/nios2-elf/4.1.2/../../../../nios2-elf/lib\libc.a(lib_a-memmove.o)
 .data          0x0100f458        0x0 c:/altera/quartus/nios2eds/bin/gnu/h-i686-mingw32/bin/../lib/gcc/nios2-elf/4.1.2/../../../../nios2-elf/lib\libc.a(lib_a-memset.o)
 .data          0x0100f458        0x0 c:/altera/quartus/nios2eds/bin/gnu/h-i686-mingw32/bin/../lib/gcc/nios2-elf/4.1.2/../../../../nios2-elf/lib\libc.a(lib_a-mprec.o)
 .data          0x0100f458        0x0 c:/altera/quartus/nios2eds/bin/gnu/h-i686-mingw32/bin/../lib/gcc/nios2-elf/4.1.2/../../../../nios2-elf/lib\libc.a(lib_a-reallocr.o)
 .data          0x0100f458        0x0 c:/altera/quartus/nios2eds/bin/gnu/h-i686-mingw32/bin/../lib/gcc/nios2-elf/4.1.2/../../../../nios2-elf/lib\libc.a(lib_a-s_isinfd.o)
 .data          0x0100f458        0x0 c:/altera/quartus/nios2eds/bin/gnu/h-i686-mingw32/bin/../lib/gcc/nios2-elf/4.1.2/../../../../nios2-elf/lib\libc.a(lib_a-s_isnand.o)
 .data          0x0100f458        0x0 c:/altera/quartus/nios2eds/bin/gnu/h-i686-mingw32/bin/../lib/gcc/nios2-elf/4.1.2/../../../../nios2-elf/lib\libc.a(lib_a-sbrkr.o)
 .data          0x0100f458        0x0 c:/altera/quartus/nios2eds/bin/gnu/h-i686-mingw32/bin/../lib/gcc/nios2-elf/4.1.2/../../../../nios2-elf/lib\libc.a(lib_a-stdio.o)
 .data          0x0100f458        0x0 c:/altera/quartus/nios2eds/bin/gnu/h-i686-mingw32/bin/../lib/gcc/nios2-elf/4.1.2/../../../../nios2-elf/lib\libc.a(lib_a-strcmp.o)
 .data          0x0100f458        0x0 c:/altera/quartus/nios2eds/bin/gnu/h-i686-mingw32/bin/../lib/gcc/nios2-elf/4.1.2/../../../../nios2-elf/lib\libc.a(lib_a-writer.o)
 .data          0x0100f458        0x0 c:/altera/quartus/nios2eds/bin/gnu/h-i686-mingw32/bin/../lib/gcc/nios2-elf/4.1.2/../../../../nios2-elf/lib\libc.a(lib_a-callocr.o)
 .data          0x0100f458        0x0 c:/altera/quartus/nios2eds/bin/gnu/h-i686-mingw32/bin/../lib/gcc/nios2-elf/4.1.2/../../../../nios2-elf/lib\libc.a(lib_a-closer.o)
 .data          0x0100f458        0x0 c:/altera/quartus/nios2eds/bin/gnu/h-i686-mingw32/bin/../lib/gcc/nios2-elf/4.1.2/../../../../nios2-elf/lib\libc.a(lib_a-fclose.o)
 .data          0x0100f458        0x0 c:/altera/quartus/nios2eds/bin/gnu/h-i686-mingw32/bin/../lib/gcc/nios2-elf/4.1.2/../../../../nios2-elf/lib\libc.a(lib_a-fstatr.o)
 .data          0x0100f458        0x0 c:/altera/quartus/nios2eds/bin/gnu/h-i686-mingw32/bin/../lib/gcc/nios2-elf/4.1.2/../../../../nios2-elf/lib\libc.a(lib_a-int_errno.o)
 .data          0x0100f458        0x0 c:/altera/quartus/nios2eds/bin/gnu/h-i686-mingw32/bin/../lib/gcc/nios2-elf/4.1.2/../../../../nios2-elf/lib\libc.a(lib_a-isattyr.o)
 .data          0x0100f458        0x0 c:/altera/quartus/nios2eds/bin/gnu/h-i686-mingw32/bin/../lib/gcc/nios2-elf/4.1.2/../../../../nios2-elf/lib\libc.a(lib_a-lseekr.o)
 .data          0x0100f458        0x0 c:/altera/quartus/nios2eds/bin/gnu/h-i686-mingw32/bin/../lib/gcc/nios2-elf/4.1.2/../../../../nios2-elf/lib\libc.a(lib_a-readr.o)
 .data          0x0100f458        0x0 c:/altera/quartus/nios2eds/bin/gnu/h-i686-mingw32/bin/../lib/gcc/nios2-elf/4.1.2\libgcc.a(_udivdi3.o)
 .data          0x0100f458        0x0 c:/altera/quartus/nios2eds/bin/gnu/h-i686-mingw32/bin/../lib/gcc/nios2-elf/4.1.2\libgcc.a(_umoddi3.o)
 .data          0x0100f458        0x0 c:/altera/quartus/nios2eds/bin/gnu/h-i686-mingw32/bin/../lib/gcc/nios2-elf/4.1.2\libgcc.a(_addsub_df.o)
 .data          0x0100f458        0x0 c:/altera/quartus/nios2eds/bin/gnu/h-i686-mingw32/bin/../lib/gcc/nios2-elf/4.1.2\libgcc.a(_mul_df.o)
 .data          0x0100f458        0x0 c:/altera/quartus/nios2eds/bin/gnu/h-i686-mingw32/bin/../lib/gcc/nios2-elf/4.1.2\libgcc.a(_div_df.o)
 .data          0x0100f458        0x0 c:/altera/quartus/nios2eds/bin/gnu/h-i686-mingw32/bin/../lib/gcc/nios2-elf/4.1.2\libgcc.a(_eq_df.o)
 .data          0x0100f458        0x0 c:/altera/quartus/nios2eds/bin/gnu/h-i686-mingw32/bin/../lib/gcc/nios2-elf/4.1.2\libgcc.a(_ne_df.o)
 .data          0x0100f458        0x0 c:/altera/quartus/nios2eds/bin/gnu/h-i686-mingw32/bin/../lib/gcc/nios2-elf/4.1.2\libgcc.a(_gt_df.o)
 .data          0x0100f458        0x0 c:/altera/quartus/nios2eds/bin/gnu/h-i686-mingw32/bin/../lib/gcc/nios2-elf/4.1.2\libgcc.a(_ge_df.o)
 .data          0x0100f458        0x0 c:/altera/quartus/nios2eds/bin/gnu/h-i686-mingw32/bin/../lib/gcc/nios2-elf/4.1.2\libgcc.a(_lt_df.o)
 .data          0x0100f458        0x0 c:/altera/quartus/nios2eds/bin/gnu/h-i686-mingw32/bin/../lib/gcc/nios2-elf/4.1.2\libgcc.a(_si_to_df.o)
 .data          0x0100f458        0x0 c:/altera/quartus/nios2eds/bin/gnu/h-i686-mingw32/bin/../lib/gcc/nios2-elf/4.1.2\libgcc.a(_df_to_si.o)
 .data          0x0100f458        0x0 c:/altera/quartus/nios2eds/bin/gnu/h-i686-mingw32/bin/../lib/gcc/nios2-elf/4.1.2\libgcc.a(_thenan_df.o)
 .data          0x0100f458        0x0 c:/altera/quartus/nios2eds/bin/gnu/h-i686-mingw32/bin/../lib/gcc/nios2-elf/4.1.2\libgcc.a(_usi_to_df.o)
 .data          0x0100f458        0x0 c:/altera/quartus/nios2eds/bin/gnu/h-i686-mingw32/bin/../lib/gcc/nios2-elf/4.1.2\libgcc.a(lib2-divmod.o)
 .data          0x0100f458        0x0 c:/altera/quartus/nios2eds/bin/gnu/h-i686-mingw32/bin/../lib/gcc/nios2-elf/4.1.2\libgcc.a(_muldi3.o)
 .data          0x0100f458        0x0 c:/altera/quartus/nios2eds/bin/gnu/h-i686-mingw32/bin/../lib/gcc/nios2-elf/4.1.2\libgcc.a(_unpack_df.o)
 .data          0x0100f458        0x0 c:/altera/quartus/nios2eds/bin/gnu/h-i686-mingw32/bin/../lib/gcc/nios2-elf/4.1.2\libgcc.a(_fpcmp_parts_df.o)
 .data          0x0100f458        0x0 ../Project_1_bsp/\libhal_bsp.a(alt_close.o)
 .data          0x0100f458      0x1a8 ../Project_1_bsp/\libhal_bsp.a(alt_dev.o)
                0x0100f458                alt_dev_null
                0x0100f480                alt_fd_list
 .data          0x0100f600        0x0 ../Project_1_bsp/\libhal_bsp.a(alt_errno.o)
 .data          0x0100f600        0x0 ../Project_1_bsp/\libhal_bsp.a(alt_fstat.o)
 .data          0x0100f600        0x0 ../Project_1_bsp/\libhal_bsp.a(alt_isatty.o)
 .data          0x0100f600        0x0 ../Project_1_bsp/\libhal_bsp.a(alt_load.o)
 .data          0x0100f600        0x0 ../Project_1_bsp/\libhal_bsp.a(alt_lseek.o)
 .data          0x0100f600        0x0 ../Project_1_bsp/\libhal_bsp.a(alt_main.o)
 .data          0x0100f600        0x0 ../Project_1_bsp/\libhal_bsp.a(alt_malloc_lock.o)
 .data          0x0100f600        0x0 ../Project_1_bsp/\libhal_bsp.a(alt_printf.o)
 .data          0x0100f600        0x0 ../Project_1_bsp/\libhal_bsp.a(alt_putchar.o)
 .data          0x0100f600        0x0 ../Project_1_bsp/\libhal_bsp.a(alt_read.o)
 .data          0x0100f600        0x0 ../Project_1_bsp/\libhal_bsp.a(alt_release_fd.o)
 .data          0x0100f600        0x0 ../Project_1_bsp/\libhal_bsp.a(alt_sbrk.o)
 .data          0x0100f600        0x0 ../Project_1_bsp/\libhal_bsp.a(alt_tick.o)
 .data          0x0100f600        0x0 ../Project_1_bsp/\libhal_bsp.a(alt_usleep.o)
 .data          0x0100f600        0x0 ../Project_1_bsp/\libhal_bsp.a(alt_write.o)
 .data          0x0100f600     0x1154 ../Project_1_bsp/\libhal_bsp.a(alt_sys_init.o)
 .data          0x01010754        0x0 ../Project_1_bsp/\libhal_bsp.a(altera_avalon_jtag_uart_fd.o)
 .data          0x01010754        0x0 ../Project_1_bsp/\libhal_bsp.a(altera_avalon_jtag_uart_init.o)
 .data          0x01010754        0x0 ../Project_1_bsp/\libhal_bsp.a(altera_avalon_jtag_uart_ioctl.o)
 .data          0x01010754        0x0 ../Project_1_bsp/\libhal_bsp.a(altera_avalon_jtag_uart_read.o)
 .data          0x01010754        0x0 ../Project_1_bsp/\libhal_bsp.a(altera_avalon_jtag_uart_write.o)
 .data          0x01010754        0x0 ../Project_1_bsp/\libhal_bsp.a(altera_avalon_timer_sc.o)
 .data          0x01010754        0x0 ../Project_1_bsp/\libhal_bsp.a(altera_avalon_timer_ts.o)
 .data          0x01010754        0x0 ../Project_1_bsp/\libhal_bsp.a(altera_avalon_timer_vars.o)
 .data          0x01010754        0x0 ../Project_1_bsp/\libhal_bsp.a(altera_up_avalon_character_lcd.o)
 .data          0x01010754        0x0 ../Project_1_bsp/\libhal_bsp.a(altera_up_avalon_video_character_buffer_with_dma.o)
 .data          0x01010754        0x0 ../Project_1_bsp/\libhal_bsp.a(alt_alarm_start.o)
 .data          0x01010754        0x0 ../Project_1_bsp/\libhal_bsp.a(alt_busy_sleep.o)
 .data          0x01010754        0x0 ../Project_1_bsp/\libhal_bsp.a(alt_dcache_flush_all.o)
 .data          0x01010754        0x0 ../Project_1_bsp/\libhal_bsp.a(alt_dev_llist_insert.o)
 .data          0x01010754        0x0 ../Project_1_bsp/\libhal_bsp.a(alt_do_ctors.o)
 .data          0x01010754        0x0 ../Project_1_bsp/\libhal_bsp.a(alt_do_dtors.o)
 .data          0x01010754        0x0 ../Project_1_bsp/\libhal_bsp.a(alt_find_dev.o)
 .data          0x01010754        0x0 ../Project_1_bsp/\libhal_bsp.a(alt_icache_flush_all.o)
 .data          0x01010754        0x0 ../Project_1_bsp/\libhal_bsp.a(alt_iic.o)
 .data          0x01010754        0x0 ../Project_1_bsp/\libhal_bsp.a(alt_iic_isr_register.o)
 .data          0x01010754        0x0 ../Project_1_bsp/\libhal_bsp.a(alt_io_redirect.o)
 .data          0x01010754        0x0 ../Project_1_bsp/\libhal_bsp.a(alt_irq_entry.o)
 .data          0x01010754        0x0 ../Project_1_bsp/\libhal_bsp.a(alt_irq_handler.o)
 .data          0x01010754        0x0 ../Project_1_bsp/\libhal_bsp.a(alt_irq_vars.o)
 .data          0x01010754        0x0 ../Project_1_bsp/\libhal_bsp.a(alt_open.o)
 .data          0x01010754        0x0 ../Project_1_bsp/\libhal_bsp.a(altera_nios2_qsys_irq.o)
 .data          0x01010754        0x0 ../Project_1_bsp/\libhal_bsp.a(alt_exception_entry.o)
 .data          0x01010754        0x0 ../Project_1_bsp/\libhal_bsp.a(alt_find_file.o)
 .data          0x01010754        0x0 ../Project_1_bsp/\libhal_bsp.a(alt_get_fd.o)
 .data          0x01010754        0x0 ../Project_1_bsp/\libhal_bsp.a(alt_icache_flush.o)
 .data          0x01010754        0x0 c:/altera/quartus/nios2eds/bin/gnu/h-i686-mingw32/bin/../lib/gcc/nios2-elf/4.1.2/../../../../nios2-elf/lib\libc.a(lib_a-atexit.o)
 .data          0x01010754        0x0 c:/altera/quartus/nios2eds/bin/gnu/h-i686-mingw32/bin/../lib/gcc/nios2-elf/4.1.2/../../../../nios2-elf/lib\libc.a(lib_a-exit.o)
 .data          0x01010754        0x0 c:/altera/quartus/nios2eds/bin/gnu/h-i686-mingw32/bin/../lib/gcc/nios2-elf/4.1.2/../../../../nios2-elf/lib\libc.a(lib_a-memcmp.o)
 .data          0x01010754        0x0 c:/altera/quartus/nios2eds/bin/gnu/h-i686-mingw32/bin/../lib/gcc/nios2-elf/4.1.2/../../../../nios2-elf/lib\libc.a(lib_a-putc.o)
 .data          0x01010754        0x0 c:/altera/quartus/nios2eds/bin/gnu/h-i686-mingw32/bin/../lib/gcc/nios2-elf/4.1.2/../../../../nios2-elf/lib\libc.a(lib_a-wbuf.o)
 .data          0x01010754        0x0 c:/altera/quartus/nios2eds/bin/gnu/h-i686-mingw32/bin/../lib/gcc/nios2-elf/4.1.2/../../../../nios2-elf/lib\libc.a(lib_a-__atexit.o)
 .data          0x01010754        0x0 c:/altera/quartus/nios2eds/bin/gnu/h-i686-mingw32/bin/../lib/gcc/nios2-elf/4.1.2/../../../../nios2-elf/lib\libc.a(lib_a-__call_atexit.o)
 .data          0x01010754        0x0 ../Project_1_bsp/\libhal_bsp.a(alt_exit.o)
                0x01018754                _gp = ABSOLUTE ((. + 0x8000))
                0x01018754                PROVIDE (gp, _gp)
 *(.rwdata .rwdata.*)
 *(.sdata .sdata.* .gnu.linkonce.s.*)
 .sdata         0x01010754        0x8 c:/altera/quartus/nios2eds/bin/gnu/h-i686-mingw32/bin/../lib/gcc/nios2-elf/4.1.2/../../../../nios2-elf/lib\libc.a(lib_a-impure.o)
                0x01010754                _impure_ptr
                0x01010758                _global_impure_ptr
 .sdata         0x0101075c        0x8 c:/altera/quartus/nios2eds/bin/gnu/h-i686-mingw32/bin/../lib/gcc/nios2-elf/4.1.2/../../../../nios2-elf/lib\libc.a(lib_a-locale.o)
                0x0101075c                __mb_cur_max
 .sdata         0x01010764        0x8 c:/altera/quartus/nios2eds/bin/gnu/h-i686-mingw32/bin/../lib/gcc/nios2-elf/4.1.2/../../../../nios2-elf/lib\libc.a(lib_a-mallocr.o)
                0x01010764                __malloc_trim_threshold
                0x01010768                __malloc_sbrk_base
 .sdata         0x0101076c       0x14 ../Project_1_bsp/\libhal_bsp.a(alt_dev.o)
                0x0101076c                alt_fs_list
                0x01010774                alt_dev_list
                0x0101077c                alt_max_fd
 .sdata         0x01010780        0x4 ../Project_1_bsp/\libhal_bsp.a(alt_errno.o)
                0x01010780                alt_errno
 .sdata         0x01010784        0x4 ../Project_1_bsp/\libhal_bsp.a(alt_sbrk.o)
 .sdata         0x01010788        0x8 ../Project_1_bsp/\libhal_bsp.a(alt_tick.o)
                0x01010788                alt_alarm_list
 .sdata         0x01010790        0x4 ../Project_1_bsp/\libhal_bsp.a(alt_irq_vars.o)
                0x01010790                alt_priority_mask
 *(.sdata2 .sdata2.* .gnu.linkonce.s2.*)
                0x01010794                . = ALIGN (0x4)
                0x01010794                _edata = ABSOLUTE (.)
                0x01010794                PROVIDE (edata, ABSOLUTE (.))
                0x01010794                PROVIDE (__ram_rwdata_end, ABSOLUTE (.))
                0x01010794                PROVIDE (__flash_rwdata_start, LOADADDR (.rwdata))

.bss            0x010122e4      0x2f4
                0x010122e4                __bss_start = ABSOLUTE (.)
                0x010122e4                PROVIDE (__sbss_start, ABSOLUTE (.))
                0x010122e4                PROVIDE (___sbss_start, ABSOLUTE (.))
 *(.dynsbss)
 *(.sbss .sbss.* .gnu.linkonce.sb.*)
 .sbss          0x010122e4        0xc c:/altera/quartus/nios2eds/bin/gnu/h-i686-mingw32/bin/../lib/gcc/nios2-elf/4.1.2/../../../../nios2-elf/lib\libc.a(lib_a-locale.o)
                0x010122e4                __nlocale_changed
                0x010122e8                __mlocale_changed
                0x010122ec                _PathLocale
 .sbss          0x010122f0        0xc c:/altera/quartus/nios2eds/bin/gnu/h-i686-mingw32/bin/../lib/gcc/nios2-elf/4.1.2/../../../../nios2-elf/lib\libc.a(lib_a-mallocr.o)
                0x010122f0                __malloc_top_pad
                0x010122f4                __malloc_max_sbrked_mem
                0x010122f8                __malloc_max_total_mem
 .sbss          0x010122fc        0x4 c:/altera/quartus/nios2eds/bin/gnu/h-i686-mingw32/bin/../lib/gcc/nios2-elf/4.1.2/../../../../nios2-elf/lib\libc.a(lib_a-int_errno.o)
                0x010122fc                errno
 .sbss          0x01012300        0xc ../Project_1_bsp/\libhal_bsp.a(alt_main.o)
                0x01012300                alt_argc
                0x01012304                alt_argv
                0x01012308                alt_envp
 .sbss          0x0101230c        0x8 ../Project_1_bsp/\libhal_bsp.a(alt_tick.o)
                0x0101230c                _alt_tick_rate
                0x01012310                _alt_nticks
 .sbss          0x01012314        0x8 ../Project_1_bsp/\libhal_bsp.a(altera_avalon_timer_vars.o)
                0x01012314                altera_avalon_timer_ts_base
                0x01012318                altera_avalon_timer_ts_freq
 .sbss          0x0101231c        0x4 ../Project_1_bsp/\libhal_bsp.a(alt_irq_vars.o)
                0x0101231c                alt_irq_active
 *(.sbss2 .sbss2.* .gnu.linkonce.sb2.*)
 *(.scommon)
                0x01012320                PROVIDE (__sbss_end, ABSOLUTE (.))
                0x01012320                PROVIDE (___sbss_end, ABSOLUTE (.))
 *(.dynbss)
 *(.bss .bss.* .gnu.linkonce.b.*)
 .bss           0x01012320        0x0 ../Project_1_bsp//obj/HAL/src/crt0.o
 .bss           0x01012320        0x0 obj/default/project_1.o
 .bss           0x01012320        0x0 c:/altera/quartus/nios2eds/bin/gnu/h-i686-mingw32/bin/../lib/gcc/nios2-elf/4.1.2\libgcc.a(_div_sf.o)
 .bss           0x01012320        0x0 c:/altera/quartus/nios2eds/bin/gnu/h-i686-mingw32/bin/../lib/gcc/nios2-elf/4.1.2\libgcc.a(_si_to_sf.o)
 .bss           0x01012320        0x0 c:/altera/quartus/nios2eds/bin/gnu/h-i686-mingw32/bin/../lib/gcc/nios2-elf/4.1.2\libgcc.a(_sf_to_df.o)
 .bss           0x01012320        0x0 c:/altera/quartus/nios2eds/bin/gnu/h-i686-mingw32/bin/../lib/gcc/nios2-elf/4.1.2\libgcc.a(_thenan_sf.o)
 .bss           0x01012320        0x0 c:/altera/quartus/nios2eds/bin/gnu/h-i686-mingw32/bin/../lib/gcc/nios2-elf/4.1.2\libgcc.a(_usi_to_sf.o)
 .bss           0x01012320        0x0 c:/altera/quartus/nios2eds/bin/gnu/h-i686-mingw32/bin/../lib/gcc/nios2-elf/4.1.2\libgcc.a(_make_df.o)
 .bss           0x01012320        0x0 c:/altera/quartus/nios2eds/bin/gnu/h-i686-mingw32/bin/../lib/gcc/nios2-elf/4.1.2\libgcc.a(_clzsi2.o)
 .bss           0x01012320        0x0 c:/altera/quartus/nios2eds/bin/gnu/h-i686-mingw32/bin/../lib/gcc/nios2-elf/4.1.2\libgcc.a(_pack_sf.o)
 .bss           0x01012320        0x0 c:/altera/quartus/nios2eds/bin/gnu/h-i686-mingw32/bin/../lib/gcc/nios2-elf/4.1.2\libgcc.a(_unpack_sf.o)
 .bss           0x01012320        0x0 c:/altera/quartus/nios2eds/bin/gnu/h-i686-mingw32/bin/../lib/gcc/nios2-elf/4.1.2\libgcc.a(_pack_df.o)
 .bss           0x01012320        0x0 c:/altera/quartus/nios2eds/bin/gnu/h-i686-mingw32/bin/../lib/gcc/nios2-elf/4.1.2\libgcc.a(_clz.o)
 .bss           0x01012320        0x0 c:/altera/quartus/nios2eds/bin/gnu/h-i686-mingw32/bin/../lib/gcc/nios2-elf/4.1.2/../../../../nios2-elf/lib\libc.a(lib_a-printf.o)
 .bss           0x01012320        0x0 c:/altera/quartus/nios2eds/bin/gnu/h-i686-mingw32/bin/../lib/gcc/nios2-elf/4.1.2/../../../../nios2-elf/lib\libc.a(lib_a-puts.o)
 .bss           0x01012320        0x0 c:/altera/quartus/nios2eds/bin/gnu/h-i686-mingw32/bin/../lib/gcc/nios2-elf/4.1.2/../../../../nios2-elf/lib\libc.a(lib_a-strlen.o)
 .bss           0x01012320        0x0 c:/altera/quartus/nios2eds/bin/gnu/h-i686-mingw32/bin/../lib/gcc/nios2-elf/4.1.2/../../../../nios2-elf/lib\libc.a(lib_a-vfprintf.o)
 .bss           0x01012320        0x0 c:/altera/quartus/nios2eds/bin/gnu/h-i686-mingw32/bin/../lib/gcc/nios2-elf/4.1.2/../../../../nios2-elf/lib\libc.a(lib_a-wsetup.o)
 .bss           0x01012320        0x0 c:/altera/quartus/nios2eds/bin/gnu/h-i686-mingw32/bin/../lib/gcc/nios2-elf/4.1.2/../../../../nios2-elf/lib\libc.a(lib_a-dtoa.o)
 .bss           0x01012320        0x0 c:/altera/quartus/nios2eds/bin/gnu/h-i686-mingw32/bin/../lib/gcc/nios2-elf/4.1.2/../../../../nios2-elf/lib\libc.a(lib_a-fflush.o)
 .bss           0x01012320        0x0 c:/altera/quartus/nios2eds/bin/gnu/h-i686-mingw32/bin/../lib/gcc/nios2-elf/4.1.2/../../../../nios2-elf/lib\libc.a(lib_a-findfp.o)
 .bss           0x01012320        0x0 c:/altera/quartus/nios2eds/bin/gnu/h-i686-mingw32/bin/../lib/gcc/nios2-elf/4.1.2/../../../../nios2-elf/lib\libc.a(lib_a-freer.o)
 .bss           0x01012320        0x0 c:/altera/quartus/nios2eds/bin/gnu/h-i686-mingw32/bin/../lib/gcc/nios2-elf/4.1.2/../../../../nios2-elf/lib\libc.a(lib_a-fvwrite.o)
 .bss           0x01012320        0x0 c:/altera/quartus/nios2eds/bin/gnu/h-i686-mingw32/bin/../lib/gcc/nios2-elf/4.1.2/../../../../nios2-elf/lib\libc.a(lib_a-fwalk.o)
 .bss           0x01012320        0x0 c:/altera/quartus/nios2eds/bin/gnu/h-i686-mingw32/bin/../lib/gcc/nios2-elf/4.1.2/../../../../nios2-elf/lib\libc.a(lib_a-impure.o)
 .bss           0x01012320        0x0 c:/altera/quartus/nios2eds/bin/gnu/h-i686-mingw32/bin/../lib/gcc/nios2-elf/4.1.2/../../../../nios2-elf/lib\libc.a(lib_a-locale.o)
 .bss           0x01012320        0x0 c:/altera/quartus/nios2eds/bin/gnu/h-i686-mingw32/bin/../lib/gcc/nios2-elf/4.1.2/../../../../nios2-elf/lib\libc.a(lib_a-makebuf.o)
 .bss           0x01012320       0x28 c:/altera/quartus/nios2eds/bin/gnu/h-i686-mingw32/bin/../lib/gcc/nios2-elf/4.1.2/../../../../nios2-elf/lib\libc.a(lib_a-mallocr.o)
                0x01012320                __malloc_current_mallinfo
 .bss           0x01012348        0x0 c:/altera/quartus/nios2eds/bin/gnu/h-i686-mingw32/bin/../lib/gcc/nios2-elf/4.1.2/../../../../nios2-elf/lib\libc.a(lib_a-memchr.o)
 .bss           0x01012348        0x0 c:/altera/quartus/nios2eds/bin/gnu/h-i686-mingw32/bin/../lib/gcc/nios2-elf/4.1.2/../../../../nios2-elf/lib\libc.a(lib_a-memcpy.o)
 .bss           0x01012348        0x0 c:/altera/quartus/nios2eds/bin/gnu/h-i686-mingw32/bin/../lib/gcc/nios2-elf/4.1.2/../../../../nios2-elf/lib\libc.a(lib_a-memmove.o)
 .bss           0x01012348        0x0 c:/altera/quartus/nios2eds/bin/gnu/h-i686-mingw32/bin/../lib/gcc/nios2-elf/4.1.2/../../../../nios2-elf/lib\libc.a(lib_a-memset.o)
 .bss           0x01012348        0x0 c:/altera/quartus/nios2eds/bin/gnu/h-i686-mingw32/bin/../lib/gcc/nios2-elf/4.1.2/../../../../nios2-elf/lib\libc.a(lib_a-mprec.o)
 .bss           0x01012348        0x0 c:/altera/quartus/nios2eds/bin/gnu/h-i686-mingw32/bin/../lib/gcc/nios2-elf/4.1.2/../../../../nios2-elf/lib\libc.a(lib_a-reallocr.o)
 .bss           0x01012348        0x0 c:/altera/quartus/nios2eds/bin/gnu/h-i686-mingw32/bin/../lib/gcc/nios2-elf/4.1.2/../../../../nios2-elf/lib\libc.a(lib_a-s_isinfd.o)
 .bss           0x01012348        0x0 c:/altera/quartus/nios2eds/bin/gnu/h-i686-mingw32/bin/../lib/gcc/nios2-elf/4.1.2/../../../../nios2-elf/lib\libc.a(lib_a-s_isnand.o)
 .bss           0x01012348        0x0 c:/altera/quartus/nios2eds/bin/gnu/h-i686-mingw32/bin/../lib/gcc/nios2-elf/4.1.2/../../../../nios2-elf/lib\libc.a(lib_a-sbrkr.o)
 .bss           0x01012348        0x0 c:/altera/quartus/nios2eds/bin/gnu/h-i686-mingw32/bin/../lib/gcc/nios2-elf/4.1.2/../../../../nios2-elf/lib\libc.a(lib_a-stdio.o)
 .bss           0x01012348        0x0 c:/altera/quartus/nios2eds/bin/gnu/h-i686-mingw32/bin/../lib/gcc/nios2-elf/4.1.2/../../../../nios2-elf/lib\libc.a(lib_a-strcmp.o)
 .bss           0x01012348        0x0 c:/altera/quartus/nios2eds/bin/gnu/h-i686-mingw32/bin/../lib/gcc/nios2-elf/4.1.2/../../../../nios2-elf/lib\libc.a(lib_a-writer.o)
 .bss           0x01012348        0x0 c:/altera/quartus/nios2eds/bin/gnu/h-i686-mingw32/bin/../lib/gcc/nios2-elf/4.1.2/../../../../nios2-elf/lib\libc.a(lib_a-callocr.o)
 .bss           0x01012348        0x0 c:/altera/quartus/nios2eds/bin/gnu/h-i686-mingw32/bin/../lib/gcc/nios2-elf/4.1.2/../../../../nios2-elf/lib\libc.a(lib_a-closer.o)
 .bss           0x01012348        0x0 c:/altera/quartus/nios2eds/bin/gnu/h-i686-mingw32/bin/../lib/gcc/nios2-elf/4.1.2/../../../../nios2-elf/lib\libc.a(lib_a-fclose.o)
 .bss           0x01012348        0x0 c:/altera/quartus/nios2eds/bin/gnu/h-i686-mingw32/bin/../lib/gcc/nios2-elf/4.1.2/../../../../nios2-elf/lib\libc.a(lib_a-fstatr.o)
 .bss           0x01012348        0x0 c:/altera/quartus/nios2eds/bin/gnu/h-i686-mingw32/bin/../lib/gcc/nios2-elf/4.1.2/../../../../nios2-elf/lib\libc.a(lib_a-int_errno.o)
 .bss           0x01012348        0x0 c:/altera/quartus/nios2eds/bin/gnu/h-i686-mingw32/bin/../lib/gcc/nios2-elf/4.1.2/../../../../nios2-elf/lib\libc.a(lib_a-isattyr.o)
 .bss           0x01012348        0x0 c:/altera/quartus/nios2eds/bin/gnu/h-i686-mingw32/bin/../lib/gcc/nios2-elf/4.1.2/../../../../nios2-elf/lib\libc.a(lib_a-lseekr.o)
 .bss           0x01012348        0x0 c:/altera/quartus/nios2eds/bin/gnu/h-i686-mingw32/bin/../lib/gcc/nios2-elf/4.1.2/../../../../nios2-elf/lib\libc.a(lib_a-readr.o)
 .bss           0x01012348        0x0 c:/altera/quartus/nios2eds/bin/gnu/h-i686-mingw32/bin/../lib/gcc/nios2-elf/4.1.2\libgcc.a(_udivdi3.o)
 .bss           0x01012348        0x0 c:/altera/quartus/nios2eds/bin/gnu/h-i686-mingw32/bin/../lib/gcc/nios2-elf/4.1.2\libgcc.a(_umoddi3.o)
 .bss           0x01012348        0x0 c:/altera/quartus/nios2eds/bin/gnu/h-i686-mingw32/bin/../lib/gcc/nios2-elf/4.1.2\libgcc.a(_addsub_df.o)
 .bss           0x01012348        0x0 c:/altera/quartus/nios2eds/bin/gnu/h-i686-mingw32/bin/../lib/gcc/nios2-elf/4.1.2\libgcc.a(_mul_df.o)
 .bss           0x01012348        0x0 c:/altera/quartus/nios2eds/bin/gnu/h-i686-mingw32/bin/../lib/gcc/nios2-elf/4.1.2\libgcc.a(_div_df.o)
 .bss           0x01012348        0x0 c:/altera/quartus/nios2eds/bin/gnu/h-i686-mingw32/bin/../lib/gcc/nios2-elf/4.1.2\libgcc.a(_eq_df.o)
 .bss           0x01012348        0x0 c:/altera/quartus/nios2eds/bin/gnu/h-i686-mingw32/bin/../lib/gcc/nios2-elf/4.1.2\libgcc.a(_ne_df.o)
 .bss           0x01012348        0x0 c:/altera/quartus/nios2eds/bin/gnu/h-i686-mingw32/bin/../lib/gcc/nios2-elf/4.1.2\libgcc.a(_gt_df.o)
 .bss           0x01012348        0x0 c:/altera/quartus/nios2eds/bin/gnu/h-i686-mingw32/bin/../lib/gcc/nios2-elf/4.1.2\libgcc.a(_ge_df.o)
 .bss           0x01012348        0x0 c:/altera/quartus/nios2eds/bin/gnu/h-i686-mingw32/bin/../lib/gcc/nios2-elf/4.1.2\libgcc.a(_lt_df.o)
 .bss           0x01012348        0x0 c:/altera/quartus/nios2eds/bin/gnu/h-i686-mingw32/bin/../lib/gcc/nios2-elf/4.1.2\libgcc.a(_si_to_df.o)
 .bss           0x01012348        0x0 c:/altera/quartus/nios2eds/bin/gnu/h-i686-mingw32/bin/../lib/gcc/nios2-elf/4.1.2\libgcc.a(_df_to_si.o)
 .bss           0x01012348        0x0 c:/altera/quartus/nios2eds/bin/gnu/h-i686-mingw32/bin/../lib/gcc/nios2-elf/4.1.2\libgcc.a(_thenan_df.o)
 .bss           0x01012348        0x0 c:/altera/quartus/nios2eds/bin/gnu/h-i686-mingw32/bin/../lib/gcc/nios2-elf/4.1.2\libgcc.a(_usi_to_df.o)
 .bss           0x01012348        0x0 c:/altera/quartus/nios2eds/bin/gnu/h-i686-mingw32/bin/../lib/gcc/nios2-elf/4.1.2\libgcc.a(lib2-divmod.o)
 .bss           0x01012348        0x0 c:/altera/quartus/nios2eds/bin/gnu/h-i686-mingw32/bin/../lib/gcc/nios2-elf/4.1.2\libgcc.a(_muldi3.o)
 .bss           0x01012348        0x0 c:/altera/quartus/nios2eds/bin/gnu/h-i686-mingw32/bin/../lib/gcc/nios2-elf/4.1.2\libgcc.a(_unpack_df.o)
 .bss           0x01012348        0x0 c:/altera/quartus/nios2eds/bin/gnu/h-i686-mingw32/bin/../lib/gcc/nios2-elf/4.1.2\libgcc.a(_fpcmp_parts_df.o)
 .bss           0x01012348        0x0 ../Project_1_bsp/\libhal_bsp.a(alt_close.o)
 .bss           0x01012348        0x0 ../Project_1_bsp/\libhal_bsp.a(alt_dev.o)
 .bss           0x01012348        0x0 ../Project_1_bsp/\libhal_bsp.a(alt_errno.o)
 .bss           0x01012348        0x0 ../Project_1_bsp/\libhal_bsp.a(alt_fstat.o)
 .bss           0x01012348        0x0 ../Project_1_bsp/\libhal_bsp.a(alt_isatty.o)
 .bss           0x01012348        0x0 ../Project_1_bsp/\libhal_bsp.a(alt_load.o)
 .bss           0x01012348        0x0 ../Project_1_bsp/\libhal_bsp.a(alt_lseek.o)
 .bss           0x01012348        0x0 ../Project_1_bsp/\libhal_bsp.a(alt_main.o)
 .bss           0x01012348        0x0 ../Project_1_bsp/\libhal_bsp.a(alt_malloc_lock.o)
 .bss           0x01012348        0x0 ../Project_1_bsp/\libhal_bsp.a(alt_printf.o)
 .bss           0x01012348        0x0 ../Project_1_bsp/\libhal_bsp.a(alt_putchar.o)
 .bss           0x01012348        0x0 ../Project_1_bsp/\libhal_bsp.a(alt_read.o)
 .bss           0x01012348        0x0 ../Project_1_bsp/\libhal_bsp.a(alt_release_fd.o)
 .bss           0x01012348        0x0 ../Project_1_bsp/\libhal_bsp.a(alt_sbrk.o)
 .bss           0x01012348        0x0 ../Project_1_bsp/\libhal_bsp.a(alt_tick.o)
 .bss           0x01012348        0x0 ../Project_1_bsp/\libhal_bsp.a(alt_usleep.o)
 .bss           0x01012348        0x0 ../Project_1_bsp/\libhal_bsp.a(alt_write.o)
 .bss           0x01012348        0x0 ../Project_1_bsp/\libhal_bsp.a(alt_sys_init.o)
 .bss           0x01012348        0x0 ../Project_1_bsp/\libhal_bsp.a(altera_avalon_jtag_uart_fd.o)
 .bss           0x01012348        0x0 ../Project_1_bsp/\libhal_bsp.a(altera_avalon_jtag_uart_init.o)
 .bss           0x01012348        0x0 ../Project_1_bsp/\libhal_bsp.a(altera_avalon_jtag_uart_ioctl.o)
 .bss           0x01012348        0x0 ../Project_1_bsp/\libhal_bsp.a(altera_avalon_jtag_uart_read.o)
 .bss           0x01012348        0x0 ../Project_1_bsp/\libhal_bsp.a(altera_avalon_jtag_uart_write.o)
 .bss           0x01012348        0x0 ../Project_1_bsp/\libhal_bsp.a(altera_avalon_timer_sc.o)
 .bss           0x01012348        0x0 ../Project_1_bsp/\libhal_bsp.a(altera_avalon_timer_ts.o)
 .bss           0x01012348        0x0 ../Project_1_bsp/\libhal_bsp.a(altera_avalon_timer_vars.o)
 .bss           0x01012348        0x0 ../Project_1_bsp/\libhal_bsp.a(altera_up_avalon_character_lcd.o)
 .bss           0x01012348        0x0 ../Project_1_bsp/\libhal_bsp.a(altera_up_avalon_video_character_buffer_with_dma.o)
 .bss           0x01012348        0x0 ../Project_1_bsp/\libhal_bsp.a(alt_alarm_start.o)
 .bss           0x01012348        0x0 ../Project_1_bsp/\libhal_bsp.a(alt_busy_sleep.o)
 .bss           0x01012348        0x0 ../Project_1_bsp/\libhal_bsp.a(alt_dcache_flush_all.o)
 .bss           0x01012348        0x0 ../Project_1_bsp/\libhal_bsp.a(alt_dev_llist_insert.o)
 .bss           0x01012348        0x0 ../Project_1_bsp/\libhal_bsp.a(alt_do_ctors.o)
 .bss           0x01012348        0x0 ../Project_1_bsp/\libhal_bsp.a(alt_do_dtors.o)
 .bss           0x01012348        0x0 ../Project_1_bsp/\libhal_bsp.a(alt_find_dev.o)
 .bss           0x01012348        0x0 ../Project_1_bsp/\libhal_bsp.a(alt_icache_flush_all.o)
 .bss           0x01012348        0x0 ../Project_1_bsp/\libhal_bsp.a(alt_iic.o)
 .bss           0x01012348        0x0 ../Project_1_bsp/\libhal_bsp.a(alt_iic_isr_register.o)
 .bss           0x01012348        0x0 ../Project_1_bsp/\libhal_bsp.a(alt_io_redirect.o)
 .bss           0x01012348        0x0 ../Project_1_bsp/\libhal_bsp.a(alt_irq_entry.o)
 .bss           0x01012348        0x0 ../Project_1_bsp/\libhal_bsp.a(alt_irq_handler.o)
 .bss           0x01012348        0x0 ../Project_1_bsp/\libhal_bsp.a(alt_irq_vars.o)
 .bss           0x01012348        0x0 ../Project_1_bsp/\libhal_bsp.a(alt_open.o)
 .bss           0x01012348        0x0 ../Project_1_bsp/\libhal_bsp.a(altera_nios2_qsys_irq.o)
 .bss           0x01012348        0x0 ../Project_1_bsp/\libhal_bsp.a(alt_exception_entry.o)
 .bss           0x01012348        0x0 ../Project_1_bsp/\libhal_bsp.a(alt_find_file.o)
 .bss           0x01012348        0x0 ../Project_1_bsp/\libhal_bsp.a(alt_get_fd.o)
 .bss           0x01012348        0x0 ../Project_1_bsp/\libhal_bsp.a(alt_icache_flush.o)
 .bss           0x01012348        0x0 c:/altera/quartus/nios2eds/bin/gnu/h-i686-mingw32/bin/../lib/gcc/nios2-elf/4.1.2/../../../../nios2-elf/lib\libc.a(lib_a-atexit.o)
 .bss           0x01012348        0x0 c:/altera/quartus/nios2eds/bin/gnu/h-i686-mingw32/bin/../lib/gcc/nios2-elf/4.1.2/../../../../nios2-elf/lib\libc.a(lib_a-exit.o)
 .bss           0x01012348        0x0 c:/altera/quartus/nios2eds/bin/gnu/h-i686-mingw32/bin/../lib/gcc/nios2-elf/4.1.2/../../../../nios2-elf/lib\libc.a(lib_a-memcmp.o)
 .bss           0x01012348        0x0 c:/altera/quartus/nios2eds/bin/gnu/h-i686-mingw32/bin/../lib/gcc/nios2-elf/4.1.2/../../../../nios2-elf/lib\libc.a(lib_a-putc.o)
 .bss           0x01012348        0x0 c:/altera/quartus/nios2eds/bin/gnu/h-i686-mingw32/bin/../lib/gcc/nios2-elf/4.1.2/../../../../nios2-elf/lib\libc.a(lib_a-wbuf.o)
 .bss           0x01012348        0x0 c:/altera/quartus/nios2eds/bin/gnu/h-i686-mingw32/bin/../lib/gcc/nios2-elf/4.1.2/../../../../nios2-elf/lib\libc.a(lib_a-__atexit.o)
 .bss           0x01012348        0x0 c:/altera/quartus/nios2eds/bin/gnu/h-i686-mingw32/bin/../lib/gcc/nios2-elf/4.1.2/../../../../nios2-elf/lib\libc.a(lib_a-__call_atexit.o)
 .bss           0x01012348        0x0 ../Project_1_bsp/\libhal_bsp.a(alt_exit.o)
 *(COMMON)
 COMMON         0x01012348      0x100 ../Project_1_bsp/\libhal_bsp.a(alt_irq_handler.o)
                0x01012348                alt_irq
 COMMON         0x01012448      0x190 c:/altera/quartus/nios2eds/bin/gnu/h-i686-mingw32/bin/../lib/gcc/nios2-elf/4.1.2/../../../../nios2-elf/lib\libc.a(lib_a-atexit.o)
                0x01012448                _atexit0
                0x010125d8                . = ALIGN (0x4)
                0x010125d8                __bss_end = ABSOLUTE (.)

.onchip_memory2_0
                0x00000000        0x0 load address 0x010125d8
                0x00000000                PROVIDE (_alt_partition_onchip_memory2_0_start, ABSOLUTE (.))
 *(.onchip_memory2_0. onchip_memory2_0.*)
                0x00000000                . = ALIGN (0x4)
                0x00000000                PROVIDE (_alt_partition_onchip_memory2_0_end, ABSOLUTE (.))
                0x010125d8                PROVIDE (_alt_partition_onchip_memory2_0_load_addr, LOADADDR (.onchip_memory2_0))

.sdram          0x010125d8        0x0
                0x010125d8                PROVIDE (_alt_partition_sdram_start, ABSOLUTE (.))
 *(.sdram. sdram.*)
                0x010125d8                . = ALIGN (0x4)
                0x010125d8                PROVIDE (_alt_partition_sdram_end, ABSOLUTE (.))
                0x010125d8                _end = ABSOLUTE (.)
                0x010125d8                end = ABSOLUTE (.)
                0x010125d8                __alt_stack_base = ABSOLUTE (.)
                0x010125d8                PROVIDE (_alt_partition_sdram_load_addr, LOADADDR (.sdram))

.stab
 *(.stab)

.stabstr
 *(.stabstr)

.stab.excl
 *(.stab.excl)

.stab.exclstr
 *(.stab.exclstr)

.stab.index
 *(.stab.index)

.stab.indexstr
 *(.stab.indexstr)

.comment        0x00000000       0x26
 *(.comment)
 .comment       0x00000000       0x26 obj/default/project_1.o
                                 0x27 (size before relaxing)
 .comment       0x00000000       0x27 c:/altera/quartus/nios2eds/bin/gnu/h-i686-mingw32/bin/../lib/gcc/nios2-elf/4.1.2\libgcc.a(_div_sf.o)
 .comment       0x00000000       0x27 c:/altera/quartus/nios2eds/bin/gnu/h-i686-mingw32/bin/../lib/gcc/nios2-elf/4.1.2\libgcc.a(_si_to_sf.o)
 .comment       0x00000000       0x27 c:/altera/quartus/nios2eds/bin/gnu/h-i686-mingw32/bin/../lib/gcc/nios2-elf/4.1.2\libgcc.a(_sf_to_df.o)
 .comment       0x00000000       0x27 c:/altera/quartus/nios2eds/bin/gnu/h-i686-mingw32/bin/../lib/gcc/nios2-elf/4.1.2\libgcc.a(_thenan_sf.o)
 .comment       0x00000000       0x27 c:/altera/quartus/nios2eds/bin/gnu/h-i686-mingw32/bin/../lib/gcc/nios2-elf/4.1.2\libgcc.a(_usi_to_sf.o)
 .comment       0x00000000       0x27 c:/altera/quartus/nios2eds/bin/gnu/h-i686-mingw32/bin/../lib/gcc/nios2-elf/4.1.2\libgcc.a(_make_df.o)
 .comment       0x00000000       0x27 c:/altera/quartus/nios2eds/bin/gnu/h-i686-mingw32/bin/../lib/gcc/nios2-elf/4.1.2\libgcc.a(_clzsi2.o)
 .comment       0x00000000       0x27 c:/altera/quartus/nios2eds/bin/gnu/h-i686-mingw32/bin/../lib/gcc/nios2-elf/4.1.2\libgcc.a(_pack_sf.o)
 .comment       0x00000000       0x27 c:/altera/quartus/nios2eds/bin/gnu/h-i686-mingw32/bin/../lib/gcc/nios2-elf/4.1.2\libgcc.a(_unpack_sf.o)
 .comment       0x00000000       0x27 c:/altera/quartus/nios2eds/bin/gnu/h-i686-mingw32/bin/../lib/gcc/nios2-elf/4.1.2\libgcc.a(_pack_df.o)
 .comment       0x00000000       0x27 c:/altera/quartus/nios2eds/bin/gnu/h-i686-mingw32/bin/../lib/gcc/nios2-elf/4.1.2\libgcc.a(_clz.o)
 .comment       0x00000000       0x27 c:/altera/quartus/nios2eds/bin/gnu/h-i686-mingw32/bin/../lib/gcc/nios2-elf/4.1.2/../../../../nios2-elf/lib\libc.a(lib_a-printf.o)
 .comment       0x00000000       0x27 c:/altera/quartus/nios2eds/bin/gnu/h-i686-mingw32/bin/../lib/gcc/nios2-elf/4.1.2/../../../../nios2-elf/lib\libc.a(lib_a-puts.o)
 .comment       0x00000000       0x27 c:/altera/quartus/nios2eds/bin/gnu/h-i686-mingw32/bin/../lib/gcc/nios2-elf/4.1.2/../../../../nios2-elf/lib\libc.a(lib_a-strlen.o)
 .comment       0x00000000       0x27 c:/altera/quartus/nios2eds/bin/gnu/h-i686-mingw32/bin/../lib/gcc/nios2-elf/4.1.2/../../../../nios2-elf/lib\libc.a(lib_a-vfprintf.o)
 .comment       0x00000000       0x27 c:/altera/quartus/nios2eds/bin/gnu/h-i686-mingw32/bin/../lib/gcc/nios2-elf/4.1.2/../../../../nios2-elf/lib\libc.a(lib_a-wsetup.o)
 .comment       0x00000000       0x27 c:/altera/quartus/nios2eds/bin/gnu/h-i686-mingw32/bin/../lib/gcc/nios2-elf/4.1.2/../../../../nios2-elf/lib\libc.a(lib_a-dtoa.o)
 .comment       0x00000000       0x27 c:/altera/quartus/nios2eds/bin/gnu/h-i686-mingw32/bin/../lib/gcc/nios2-elf/4.1.2/../../../../nios2-elf/lib\libc.a(lib_a-fflush.o)
 .comment       0x00000000       0x27 c:/altera/quartus/nios2eds/bin/gnu/h-i686-mingw32/bin/../lib/gcc/nios2-elf/4.1.2/../../../../nios2-elf/lib\libc.a(lib_a-findfp.o)
 .comment       0x00000000       0x27 c:/altera/quartus/nios2eds/bin/gnu/h-i686-mingw32/bin/../lib/gcc/nios2-elf/4.1.2/../../../../nios2-elf/lib\libc.a(lib_a-freer.o)
 .comment       0x00000000       0x27 c:/altera/quartus/nios2eds/bin/gnu/h-i686-mingw32/bin/../lib/gcc/nios2-elf/4.1.2/../../../../nios2-elf/lib\libc.a(lib_a-fvwrite.o)
 .comment       0x00000000       0x27 c:/altera/quartus/nios2eds/bin/gnu/h-i686-mingw32/bin/../lib/gcc/nios2-elf/4.1.2/../../../../nios2-elf/lib\libc.a(lib_a-fwalk.o)
 .comment       0x00000000       0x27 c:/altera/quartus/nios2eds/bin/gnu/h-i686-mingw32/bin/../lib/gcc/nios2-elf/4.1.2/../../../../nios2-elf/lib\libc.a(lib_a-impure.o)
 .comment       0x00000000       0x27 c:/altera/quartus/nios2eds/bin/gnu/h-i686-mingw32/bin/../lib/gcc/nios2-elf/4.1.2/../../../../nios2-elf/lib\libc.a(lib_a-locale.o)
 .comment       0x00000000       0x27 c:/altera/quartus/nios2eds/bin/gnu/h-i686-mingw32/bin/../lib/gcc/nios2-elf/4.1.2/../../../../nios2-elf/lib\libc.a(lib_a-makebuf.o)
 .comment       0x00000000       0x27 c:/altera/quartus/nios2eds/bin/gnu/h-i686-mingw32/bin/../lib/gcc/nios2-elf/4.1.2/../../../../nios2-elf/lib\libc.a(lib_a-mallocr.o)
 .comment       0x00000000       0x27 c:/altera/quartus/nios2eds/bin/gnu/h-i686-mingw32/bin/../lib/gcc/nios2-elf/4.1.2/../../../../nios2-elf/lib\libc.a(lib_a-memchr.o)
 .comment       0x00000000       0x27 c:/altera/quartus/nios2eds/bin/gnu/h-i686-mingw32/bin/../lib/gcc/nios2-elf/4.1.2/../../../../nios2-elf/lib\libc.a(lib_a-memcpy.o)
 .comment       0x00000000       0x27 c:/altera/quartus/nios2eds/bin/gnu/h-i686-mingw32/bin/../lib/gcc/nios2-elf/4.1.2/../../../../nios2-elf/lib\libc.a(lib_a-memmove.o)
 .comment       0x00000000       0x27 c:/altera/quartus/nios2eds/bin/gnu/h-i686-mingw32/bin/../lib/gcc/nios2-elf/4.1.2/../../../../nios2-elf/lib\libc.a(lib_a-memset.o)
 .comment       0x00000000       0x27 c:/altera/quartus/nios2eds/bin/gnu/h-i686-mingw32/bin/../lib/gcc/nios2-elf/4.1.2/../../../../nios2-elf/lib\libc.a(lib_a-mprec.o)
 .comment       0x00000000       0x27 c:/altera/quartus/nios2eds/bin/gnu/h-i686-mingw32/bin/../lib/gcc/nios2-elf/4.1.2/../../../../nios2-elf/lib\libc.a(lib_a-reallocr.o)
 .comment       0x00000000       0x27 c:/altera/quartus/nios2eds/bin/gnu/h-i686-mingw32/bin/../lib/gcc/nios2-elf/4.1.2/../../../../nios2-elf/lib\libc.a(lib_a-s_isinfd.o)
 .comment       0x00000000       0x27 c:/altera/quartus/nios2eds/bin/gnu/h-i686-mingw32/bin/../lib/gcc/nios2-elf/4.1.2/../../../../nios2-elf/lib\libc.a(lib_a-s_isnand.o)
 .comment       0x00000000       0x27 c:/altera/quartus/nios2eds/bin/gnu/h-i686-mingw32/bin/../lib/gcc/nios2-elf/4.1.2/../../../../nios2-elf/lib\libc.a(lib_a-sbrkr.o)
 .comment       0x00000000       0x27 c:/altera/quartus/nios2eds/bin/gnu/h-i686-mingw32/bin/../lib/gcc/nios2-elf/4.1.2/../../../../nios2-elf/lib\libc.a(lib_a-stdio.o)
 .comment       0x00000000       0x27 c:/altera/quartus/nios2eds/bin/gnu/h-i686-mingw32/bin/../lib/gcc/nios2-elf/4.1.2/../../../../nios2-elf/lib\libc.a(lib_a-strcmp.o)
 .comment       0x00000000       0x27 c:/altera/quartus/nios2eds/bin/gnu/h-i686-mingw32/bin/../lib/gcc/nios2-elf/4.1.2/../../../../nios2-elf/lib\libc.a(lib_a-writer.o)
 .comment       0x00000000       0x27 c:/altera/quartus/nios2eds/bin/gnu/h-i686-mingw32/bin/../lib/gcc/nios2-elf/4.1.2/../../../../nios2-elf/lib\libc.a(lib_a-callocr.o)
 .comment       0x00000000       0x27 c:/altera/quartus/nios2eds/bin/gnu/h-i686-mingw32/bin/../lib/gcc/nios2-elf/4.1.2/../../../../nios2-elf/lib\libc.a(lib_a-closer.o)
 .comment       0x00000000       0x27 c:/altera/quartus/nios2eds/bin/gnu/h-i686-mingw32/bin/../lib/gcc/nios2-elf/4.1.2/../../../../nios2-elf/lib\libc.a(lib_a-fclose.o)
 .comment       0x00000000       0x27 c:/altera/quartus/nios2eds/bin/gnu/h-i686-mingw32/bin/../lib/gcc/nios2-elf/4.1.2/../../../../nios2-elf/lib\libc.a(lib_a-fstatr.o)
 .comment       0x00000000       0x27 c:/altera/quartus/nios2eds/bin/gnu/h-i686-mingw32/bin/../lib/gcc/nios2-elf/4.1.2/../../../../nios2-elf/lib\libc.a(lib_a-int_errno.o)
 .comment       0x00000000       0x27 c:/altera/quartus/nios2eds/bin/gnu/h-i686-mingw32/bin/../lib/gcc/nios2-elf/4.1.2/../../../../nios2-elf/lib\libc.a(lib_a-isattyr.o)
 .comment       0x00000000       0x27 c:/altera/quartus/nios2eds/bin/gnu/h-i686-mingw32/bin/../lib/gcc/nios2-elf/4.1.2/../../../../nios2-elf/lib\libc.a(lib_a-lseekr.o)
 .comment       0x00000000       0x27 c:/altera/quartus/nios2eds/bin/gnu/h-i686-mingw32/bin/../lib/gcc/nios2-elf/4.1.2/../../../../nios2-elf/lib\libc.a(lib_a-readr.o)
 .comment       0x00000000       0x27 c:/altera/quartus/nios2eds/bin/gnu/h-i686-mingw32/bin/../lib/gcc/nios2-elf/4.1.2\libgcc.a(_udivdi3.o)
 .comment       0x00000000       0x27 c:/altera/quartus/nios2eds/bin/gnu/h-i686-mingw32/bin/../lib/gcc/nios2-elf/4.1.2\libgcc.a(_umoddi3.o)
 .comment       0x00000000       0x27 c:/altera/quartus/nios2eds/bin/gnu/h-i686-mingw32/bin/../lib/gcc/nios2-elf/4.1.2\libgcc.a(_addsub_df.o)
 .comment       0x00000000       0x27 c:/altera/quartus/nios2eds/bin/gnu/h-i686-mingw32/bin/../lib/gcc/nios2-elf/4.1.2\libgcc.a(_mul_df.o)
 .comment       0x00000000       0x27 c:/altera/quartus/nios2eds/bin/gnu/h-i686-mingw32/bin/../lib/gcc/nios2-elf/4.1.2\libgcc.a(_div_df.o)
 .comment       0x00000000       0x27 c:/altera/quartus/nios2eds/bin/gnu/h-i686-mingw32/bin/../lib/gcc/nios2-elf/4.1.2\libgcc.a(_eq_df.o)
 .comment       0x00000000       0x27 c:/altera/quartus/nios2eds/bin/gnu/h-i686-mingw32/bin/../lib/gcc/nios2-elf/4.1.2\libgcc.a(_ne_df.o)
 .comment       0x00000000       0x27 c:/altera/quartus/nios2eds/bin/gnu/h-i686-mingw32/bin/../lib/gcc/nios2-elf/4.1.2\libgcc.a(_gt_df.o)
 .comment       0x00000000       0x27 c:/altera/quartus/nios2eds/bin/gnu/h-i686-mingw32/bin/../lib/gcc/nios2-elf/4.1.2\libgcc.a(_ge_df.o)
 .comment       0x00000000       0x27 c:/altera/quartus/nios2eds/bin/gnu/h-i686-mingw32/bin/../lib/gcc/nios2-elf/4.1.2\libgcc.a(_lt_df.o)
 .comment       0x00000000       0x27 c:/altera/quartus/nios2eds/bin/gnu/h-i686-mingw32/bin/../lib/gcc/nios2-elf/4.1.2\libgcc.a(_si_to_df.o)
 .comment       0x00000000       0x27 c:/altera/quartus/nios2eds/bin/gnu/h-i686-mingw32/bin/../lib/gcc/nios2-elf/4.1.2\libgcc.a(_df_to_si.o)
 .comment       0x00000000       0x27 c:/altera/quartus/nios2eds/bin/gnu/h-i686-mingw32/bin/../lib/gcc/nios2-elf/4.1.2\libgcc.a(_thenan_df.o)
 .comment       0x00000000       0x27 c:/altera/quartus/nios2eds/bin/gnu/h-i686-mingw32/bin/../lib/gcc/nios2-elf/4.1.2\libgcc.a(_usi_to_df.o)
 .comment       0x00000000       0x27 c:/altera/quartus/nios2eds/bin/gnu/h-i686-mingw32/bin/../lib/gcc/nios2-elf/4.1.2\libgcc.a(lib2-divmod.o)
 .comment       0x00000000       0x27 c:/altera/quartus/nios2eds/bin/gnu/h-i686-mingw32/bin/../lib/gcc/nios2-elf/4.1.2\libgcc.a(_muldi3.o)
 .comment       0x00000000       0x27 c:/altera/quartus/nios2eds/bin/gnu/h-i686-mingw32/bin/../lib/gcc/nios2-elf/4.1.2\libgcc.a(_unpack_df.o)
 .comment       0x00000000       0x27 c:/altera/quartus/nios2eds/bin/gnu/h-i686-mingw32/bin/../lib/gcc/nios2-elf/4.1.2\libgcc.a(_fpcmp_parts_df.o)
 .comment       0x00000000       0x27 ../Project_1_bsp/\libhal_bsp.a(alt_close.o)
 .comment       0x00000000       0x27 ../Project_1_bsp/\libhal_bsp.a(alt_dev.o)
 .comment       0x00000000       0x27 ../Project_1_bsp/\libhal_bsp.a(alt_errno.o)
 .comment       0x00000000       0x27 ../Project_1_bsp/\libhal_bsp.a(alt_fstat.o)
 .comment       0x00000000       0x27 ../Project_1_bsp/\libhal_bsp.a(alt_isatty.o)
 .comment       0x00000000       0x27 ../Project_1_bsp/\libhal_bsp.a(alt_load.o)
 .comment       0x00000000       0x27 ../Project_1_bsp/\libhal_bsp.a(alt_lseek.o)
 .comment       0x00000000       0x27 ../Project_1_bsp/\libhal_bsp.a(alt_main.o)
 .comment       0x00000000       0x27 ../Project_1_bsp/\libhal_bsp.a(alt_malloc_lock.o)
 .comment       0x00000000       0x27 ../Project_1_bsp/\libhal_bsp.a(alt_printf.o)
 .comment       0x00000000       0x27 ../Project_1_bsp/\libhal_bsp.a(alt_putchar.o)
 .comment       0x00000000       0x27 ../Project_1_bsp/\libhal_bsp.a(alt_read.o)
 .comment       0x00000000       0x27 ../Project_1_bsp/\libhal_bsp.a(alt_release_fd.o)
 .comment       0x00000000       0x27 ../Project_1_bsp/\libhal_bsp.a(alt_sbrk.o)
 .comment       0x00000000       0x27 ../Project_1_bsp/\libhal_bsp.a(alt_tick.o)
 .comment       0x00000000       0x27 ../Project_1_bsp/\libhal_bsp.a(alt_usleep.o)
 .comment       0x00000000       0x27 ../Project_1_bsp/\libhal_bsp.a(alt_write.o)
 .comment       0x00000000       0x27 ../Project_1_bsp/\libhal_bsp.a(alt_sys_init.o)
 .comment       0x00000000       0x27 ../Project_1_bsp/\libhal_bsp.a(altera_avalon_jtag_uart_fd.o)
 .comment       0x00000000       0x27 ../Project_1_bsp/\libhal_bsp.a(altera_avalon_jtag_uart_init.o)
 .comment       0x00000000       0x27 ../Project_1_bsp/\libhal_bsp.a(altera_avalon_jtag_uart_ioctl.o)
 .comment       0x00000000       0x27 ../Project_1_bsp/\libhal_bsp.a(altera_avalon_jtag_uart_read.o)
 .comment       0x00000000       0x27 ../Project_1_bsp/\libhal_bsp.a(altera_avalon_jtag_uart_write.o)
 .comment       0x00000000       0x27 ../Project_1_bsp/\libhal_bsp.a(altera_avalon_timer_sc.o)
 .comment       0x00000000       0x27 ../Project_1_bsp/\libhal_bsp.a(altera_avalon_timer_ts.o)
 .comment       0x00000000       0x27 ../Project_1_bsp/\libhal_bsp.a(altera_avalon_timer_vars.o)
 .comment       0x00000000       0x27 ../Project_1_bsp/\libhal_bsp.a(altera_up_avalon_character_lcd.o)
 .comment       0x00000000       0x27 ../Project_1_bsp/\libhal_bsp.a(altera_up_avalon_video_character_buffer_with_dma.o)
 .comment       0x00000000       0x27 ../Project_1_bsp/\libhal_bsp.a(alt_alarm_start.o)
 .comment       0x00000000       0x27 ../Project_1_bsp/\libhal_bsp.a(alt_busy_sleep.o)
 .comment       0x00000000       0x27 ../Project_1_bsp/\libhal_bsp.a(alt_dcache_flush_all.o)
 .comment       0x00000000       0x27 ../Project_1_bsp/\libhal_bsp.a(alt_dev_llist_insert.o)
 .comment       0x00000000       0x27 ../Project_1_bsp/\libhal_bsp.a(alt_do_ctors.o)
 .comment       0x00000000       0x27 ../Project_1_bsp/\libhal_bsp.a(alt_do_dtors.o)
 .comment       0x00000000       0x27 ../Project_1_bsp/\libhal_bsp.a(alt_find_dev.o)
 .comment       0x00000000       0x27 ../Project_1_bsp/\libhal_bsp.a(alt_icache_flush_all.o)
 .comment       0x00000000       0x27 ../Project_1_bsp/\libhal_bsp.a(alt_iic.o)
 .comment       0x00000000       0x27 ../Project_1_bsp/\libhal_bsp.a(alt_iic_isr_register.o)
 .comment       0x00000000       0x27 ../Project_1_bsp/\libhal_bsp.a(alt_io_redirect.o)
 .comment       0x00000000       0x27 ../Project_1_bsp/\libhal_bsp.a(alt_irq_handler.o)
 .comment       0x00000000       0x27 ../Project_1_bsp/\libhal_bsp.a(alt_irq_vars.o)
 .comment       0x00000000       0x27 ../Project_1_bsp/\libhal_bsp.a(alt_open.o)
 .comment       0x00000000       0x27 ../Project_1_bsp/\libhal_bsp.a(altera_nios2_qsys_irq.o)
 .comment       0x00000000       0x27 ../Project_1_bsp/\libhal_bsp.a(alt_find_file.o)
 .comment       0x00000000       0x27 ../Project_1_bsp/\libhal_bsp.a(alt_get_fd.o)
 .comment       0x00000000       0x27 ../Project_1_bsp/\libhal_bsp.a(alt_icache_flush.o)
 .comment       0x00000000       0x27 c:/altera/quartus/nios2eds/bin/gnu/h-i686-mingw32/bin/../lib/gcc/nios2-elf/4.1.2/../../../../nios2-elf/lib\libc.a(lib_a-atexit.o)
 .comment       0x00000000       0x27 c:/altera/quartus/nios2eds/bin/gnu/h-i686-mingw32/bin/../lib/gcc/nios2-elf/4.1.2/../../../../nios2-elf/lib\libc.a(lib_a-exit.o)
 .comment       0x00000000       0x27 c:/altera/quartus/nios2eds/bin/gnu/h-i686-mingw32/bin/../lib/gcc/nios2-elf/4.1.2/../../../../nios2-elf/lib\libc.a(lib_a-memcmp.o)
 .comment       0x00000000       0x27 c:/altera/quartus/nios2eds/bin/gnu/h-i686-mingw32/bin/../lib/gcc/nios2-elf/4.1.2/../../../../nios2-elf/lib\libc.a(lib_a-putc.o)
 .comment       0x00000000       0x27 c:/altera/quartus/nios2eds/bin/gnu/h-i686-mingw32/bin/../lib/gcc/nios2-elf/4.1.2/../../../../nios2-elf/lib\libc.a(lib_a-wbuf.o)
 .comment       0x00000000       0x27 c:/altera/quartus/nios2eds/bin/gnu/h-i686-mingw32/bin/../lib/gcc/nios2-elf/4.1.2/../../../../nios2-elf/lib\libc.a(lib_a-__atexit.o)
 .comment       0x00000000       0x27 c:/altera/quartus/nios2eds/bin/gnu/h-i686-mingw32/bin/../lib/gcc/nios2-elf/4.1.2/../../../../nios2-elf/lib\libc.a(lib_a-__call_atexit.o)
 .comment       0x00000000       0x27 ../Project_1_bsp/\libhal_bsp.a(alt_exit.o)

.debug
 *(.debug)

.line
 *(.line)

.debug_srcinfo
 *(.debug_srcinfo)

.debug_sfnames
 *(.debug_sfnames)

.debug_aranges  0x00000000      0xe78
 *(.debug_aranges)
 .debug_aranges
                0x00000000       0x28 ../Project_1_bsp//obj/HAL/src/crt0.o
 .debug_aranges
                0x00000028       0x20 obj/default/project_1.o
 .debug_aranges
                0x00000048       0x20 c:/altera/quartus/nios2eds/bin/gnu/h-i686-mingw32/bin/../lib/gcc/nios2-elf/4.1.2\libgcc.a(_div_sf.o)
 .debug_aranges
                0x00000068       0x20 c:/altera/quartus/nios2eds/bin/gnu/h-i686-mingw32/bin/../lib/gcc/nios2-elf/4.1.2\libgcc.a(_si_to_sf.o)
 .debug_aranges
                0x00000088       0x20 c:/altera/quartus/nios2eds/bin/gnu/h-i686-mingw32/bin/../lib/gcc/nios2-elf/4.1.2\libgcc.a(_sf_to_df.o)
 .debug_aranges
                0x000000a8       0x20 c:/altera/quartus/nios2eds/bin/gnu/h-i686-mingw32/bin/../lib/gcc/nios2-elf/4.1.2\libgcc.a(_usi_to_sf.o)
 .debug_aranges
                0x000000c8       0x20 c:/altera/quartus/nios2eds/bin/gnu/h-i686-mingw32/bin/../lib/gcc/nios2-elf/4.1.2\libgcc.a(_make_df.o)
 .debug_aranges
                0x000000e8       0x20 c:/altera/quartus/nios2eds/bin/gnu/h-i686-mingw32/bin/../lib/gcc/nios2-elf/4.1.2\libgcc.a(_clzsi2.o)
 .debug_aranges
                0x00000108       0x20 c:/altera/quartus/nios2eds/bin/gnu/h-i686-mingw32/bin/../lib/gcc/nios2-elf/4.1.2\libgcc.a(_pack_sf.o)
 .debug_aranges
                0x00000128       0x20 c:/altera/quartus/nios2eds/bin/gnu/h-i686-mingw32/bin/../lib/gcc/nios2-elf/4.1.2\libgcc.a(_unpack_sf.o)
 .debug_aranges
                0x00000148       0x20 c:/altera/quartus/nios2eds/bin/gnu/h-i686-mingw32/bin/../lib/gcc/nios2-elf/4.1.2\libgcc.a(_pack_df.o)
 .debug_aranges
                0x00000168       0x20 c:/altera/quartus/nios2eds/bin/gnu/h-i686-mingw32/bin/../lib/gcc/nios2-elf/4.1.2/../../../../nios2-elf/lib\libc.a(lib_a-printf.o)
 .debug_aranges
                0x00000188       0x20 c:/altera/quartus/nios2eds/bin/gnu/h-i686-mingw32/bin/../lib/gcc/nios2-elf/4.1.2/../../../../nios2-elf/lib\libc.a(lib_a-puts.o)
 .debug_aranges
                0x000001a8       0x20 c:/altera/quartus/nios2eds/bin/gnu/h-i686-mingw32/bin/../lib/gcc/nios2-elf/4.1.2/../../../../nios2-elf/lib\libc.a(lib_a-strlen.o)
 .debug_aranges
                0x000001c8       0x20 c:/altera/quartus/nios2eds/bin/gnu/h-i686-mingw32/bin/../lib/gcc/nios2-elf/4.1.2/../../../../nios2-elf/lib\libc.a(lib_a-vfprintf.o)
 .debug_aranges
                0x000001e8       0x20 c:/altera/quartus/nios2eds/bin/gnu/h-i686-mingw32/bin/../lib/gcc/nios2-elf/4.1.2/../../../../nios2-elf/lib\libc.a(lib_a-wsetup.o)
 .debug_aranges
                0x00000208       0x20 c:/altera/quartus/nios2eds/bin/gnu/h-i686-mingw32/bin/../lib/gcc/nios2-elf/4.1.2/../../../../nios2-elf/lib\libc.a(lib_a-dtoa.o)
 .debug_aranges
                0x00000228       0x20 c:/altera/quartus/nios2eds/bin/gnu/h-i686-mingw32/bin/../lib/gcc/nios2-elf/4.1.2/../../../../nios2-elf/lib\libc.a(lib_a-fflush.o)
 .debug_aranges
                0x00000248       0x20 c:/altera/quartus/nios2eds/bin/gnu/h-i686-mingw32/bin/../lib/gcc/nios2-elf/4.1.2/../../../../nios2-elf/lib\libc.a(lib_a-findfp.o)
 .debug_aranges
                0x00000268       0x20 c:/altera/quartus/nios2eds/bin/gnu/h-i686-mingw32/bin/../lib/gcc/nios2-elf/4.1.2/../../../../nios2-elf/lib\libc.a(lib_a-freer.o)
 .debug_aranges
                0x00000288       0x20 c:/altera/quartus/nios2eds/bin/gnu/h-i686-mingw32/bin/../lib/gcc/nios2-elf/4.1.2/../../../../nios2-elf/lib\libc.a(lib_a-fvwrite.o)
 .debug_aranges
                0x000002a8       0x20 c:/altera/quartus/nios2eds/bin/gnu/h-i686-mingw32/bin/../lib/gcc/nios2-elf/4.1.2/../../../../nios2-elf/lib\libc.a(lib_a-fwalk.o)
 .debug_aranges
                0x000002c8       0x20 c:/altera/quartus/nios2eds/bin/gnu/h-i686-mingw32/bin/../lib/gcc/nios2-elf/4.1.2/../../../../nios2-elf/lib\libc.a(lib_a-locale.o)
 .debug_aranges
                0x000002e8       0x20 c:/altera/quartus/nios2eds/bin/gnu/h-i686-mingw32/bin/../lib/gcc/nios2-elf/4.1.2/../../../../nios2-elf/lib\libc.a(lib_a-makebuf.o)
 .debug_aranges
                0x00000308       0x20 c:/altera/quartus/nios2eds/bin/gnu/h-i686-mingw32/bin/../lib/gcc/nios2-elf/4.1.2/../../../../nios2-elf/lib\libc.a(lib_a-mallocr.o)
 .debug_aranges
                0x00000328       0x20 c:/altera/quartus/nios2eds/bin/gnu/h-i686-mingw32/bin/../lib/gcc/nios2-elf/4.1.2/../../../../nios2-elf/lib\libc.a(lib_a-memchr.o)
 .debug_aranges