Archive member included because of file (symbol)

c:/altera/quartus/nios2eds/bin/gnu/h-i686-mingw32/bin/../lib/gcc/nios2-elf/4.1.2/../../../../nios2-elf/lib\libc.a(lib_a-memset.o)
                              obj/default/project1.o (memset)
c:/altera/quartus/nios2eds/bin/gnu/h-i686-mingw32/bin/../lib/gcc/nios2-elf/4.1.2/../../../../nios2-elf/lib\libc.a(lib_a-printf.o)
                              obj/default/project1.o (printf)
c:/altera/quartus/nios2eds/bin/gnu/h-i686-mingw32/bin/../lib/gcc/nios2-elf/4.1.2/../../../../nios2-elf/lib\libc.a(lib_a-puts.o)
                              obj/default/project1.o (puts)
c:/altera/quartus/nios2eds/bin/gnu/h-i686-mingw32/bin/../lib/gcc/nios2-elf/4.1.2/../../../../nios2-elf/lib\libc.a(lib_a-strlen.o)
                              c:/altera/quartus/nios2eds/bin/gnu/h-i686-mingw32/bin/../lib/gcc/nios2-elf/4.1.2/../../../../nios2-elf/lib\libc.a(lib_a-puts.o) (strlen)
c:/altera/quartus/nios2eds/bin/gnu/h-i686-mingw32/bin/../lib/gcc/nios2-elf/4.1.2/../../../../nios2-elf/lib\libc.a(lib_a-vfprintf.o)
                              c:/altera/quartus/nios2eds/bin/gnu/h-i686-mingw32/bin/../lib/gcc/nios2-elf/4.1.2/../../../../nios2-elf/lib\libc.a(lib_a-printf.o) (___vfprintf_internal_r)
c:/altera/quartus/nios2eds/bin/gnu/h-i686-mingw32/bin/../lib/gcc/nios2-elf/4.1.2/../../../../nios2-elf/lib\libc.a(lib_a-wsetup.o)
                              c:/altera/quartus/nios2eds/bin/gnu/h-i686-mingw32/bin/../lib/gcc/nios2-elf/4.1.2/../../../../nios2-elf/lib\libc.a(lib_a-vfprintf.o) (__swsetup_r)
c:/altera/quartus/nios2eds/bin/gnu/h-i686-mingw32/bin/../lib/gcc/nios2-elf/4.1.2/../../../../nios2-elf/lib\libc.a(lib_a-dtoa.o)
                              c:/altera/quartus/nios2eds/bin/gnu/h-i686-mingw32/bin/../lib/gcc/nios2-elf/4.1.2/../../../../nios2-elf/lib\libc.a(lib_a-vfprintf.o) (_dtoa_r)
c:/altera/quartus/nios2eds/bin/gnu/h-i686-mingw32/bin/../lib/gcc/nios2-elf/4.1.2/../../../../nios2-elf/lib\libc.a(lib_a-fflush.o)
                              c:/altera/quartus/nios2eds/bin/gnu/h-i686-mingw32/bin/../lib/gcc/nios2-elf/4.1.2/../../../../nios2-elf/lib\libc.a(lib_a-vfprintf.o) (_fflush_r)
c:/altera/quartus/nios2eds/bin/gnu/h-i686-mingw32/bin/../lib/gcc/nios2-elf/4.1.2/../../../../nios2-elf/lib\libc.a(lib_a-findfp.o)
                              c:/altera/quartus/nios2eds/bin/gnu/h-i686-mingw32/bin/../lib/gcc/nios2-elf/4.1.2/../../../../nios2-elf/lib\libc.a(lib_a-vfprintf.o) (__sinit)
c:/altera/quartus/nios2eds/bin/gnu/h-i686-mingw32/bin/../lib/gcc/nios2-elf/4.1.2/../../../../nios2-elf/lib\libc.a(lib_a-freer.o)
                              c:/altera/quartus/nios2eds/bin/gnu/h-i686-mingw32/bin/../lib/gcc/nios2-elf/4.1.2/../../../../nios2-elf/lib\libc.a(lib_a-wsetup.o) (_free_r)
c:/altera/quartus/nios2eds/bin/gnu/h-i686-mingw32/bin/../lib/gcc/nios2-elf/4.1.2/../../../../nios2-elf/lib\libc.a(lib_a-fvwrite.o)
                              c:/altera/quartus/nios2eds/bin/gnu/h-i686-mingw32/bin/../lib/gcc/nios2-elf/4.1.2/../../../../nios2-elf/lib\libc.a(lib_a-puts.o) (__sfvwrite_r)
c:/altera/quartus/nios2eds/bin/gnu/h-i686-mingw32/bin/../lib/gcc/nios2-elf/4.1.2/../../../../nios2-elf/lib\libc.a(lib_a-fwalk.o)
                              c:/altera/quartus/nios2eds/bin/gnu/h-i686-mingw32/bin/../lib/gcc/nios2-elf/4.1.2/../../../../nios2-elf/lib\libc.a(lib_a-fflush.o) (_fwalk_reent)
c:/altera/quartus/nios2eds/bin/gnu/h-i686-mingw32/bin/../lib/gcc/nios2-elf/4.1.2/../../../../nios2-elf/lib\libc.a(lib_a-impure.o)
                              c:/altera/quartus/nios2eds/bin/gnu/h-i686-mingw32/bin/../lib/gcc/nios2-elf/4.1.2/../../../../nios2-elf/lib\libc.a(lib_a-printf.o) (_impure_ptr)
c:/altera/quartus/nios2eds/bin/gnu/h-i686-mingw32/bin/../lib/gcc/nios2-elf/4.1.2/../../../../nios2-elf/lib\libc.a(lib_a-locale.o)
                              c:/altera/quartus/nios2eds/bin/gnu/h-i686-mingw32/bin/../lib/gcc/nios2-elf/4.1.2/../../../../nios2-elf/lib\libc.a(lib_a-vfprintf.o) (_localeconv_r)
c:/altera/quartus/nios2eds/bin/gnu/h-i686-mingw32/bin/../lib/gcc/nios2-elf/4.1.2/../../../../nios2-elf/lib\libc.a(lib_a-makebuf.o)
                              c:/altera/quartus/nios2eds/bin/gnu/h-i686-mingw32/bin/../lib/gcc/nios2-elf/4.1.2/../../../../nios2-elf/lib\libc.a(lib_a-wsetup.o) (__smakebuf_r)
c:/altera/quartus/nios2eds/bin/gnu/h-i686-mingw32/bin/../lib/gcc/nios2-elf/4.1.2/../../../../nios2-elf/lib\libc.a(lib_a-mallocr.o)
                              c:/altera/quartus/nios2eds/bin/gnu/h-i686-mingw32/bin/../lib/gcc/nios2-elf/4.1.2/../../../../nios2-elf/lib\libc.a(lib_a-findfp.o) (_malloc_r)
c:/altera/quartus/nios2eds/bin/gnu/h-i686-mingw32/bin/../lib/gcc/nios2-elf/4.1.2/../../../../nios2-elf/lib\libc.a(lib_a-memchr.o)
                              c:/altera/quartus/nios2eds/bin/gnu/h-i686-mingw32/bin/../lib/gcc/nios2-elf/4.1.2/../../../../nios2-elf/lib\libc.a(lib_a-vfprintf.o) (memchr)
[...]
Memory Configuration

Name             Origin             Length             Attributes
onchip_memory2_0 0x00000000         0x00001000
reset            0x01000000         0x00000020
sdram            0x01000020         0x007fffe0
*default*        0x00000000         0xffffffff

Linker script and memory map

LOAD ../Project1_bsp//obj/HAL/src/crt0.o
LOAD obj/default/project1.o
LOAD c:/altera/quartus/nios2eds/bin/gnu/h-i686-mingw32/bin/../lib/gcc/nios2-elf/4.1.2/../../../../nios2-elf/lib\libstdc++.a
LOAD c:/altera/quartus/nios2eds/bin/gnu/h-i686-mingw32/bin/../lib/gcc/nios2-elf/4.1.2/../../../../nios2-elf/lib\libm.a
LOAD c:/altera/quartus/nios2eds/bin/gnu/h-i686-mingw32/bin/../lib/gcc/nios2-elf/4.1.2\libgcc.a
START GROUP
LOAD c:/altera/quartus/nios2eds/bin/gnu/h-i686-mingw32/bin/../lib/gcc/nios2-elf/4.1.2/../../../../nios2-elf/lib\libc.a
LOAD c:/altera/quartus/nios2eds/bin/gnu/h-i686-mingw32/bin/../lib/gcc/nios2-elf/4.1.2\libgcc.a
LOAD ../Project1_bsp/\libhal_bsp.a
END GROUP
LOAD c:/altera/quartus/nios2eds/bin/gnu/h-i686-mingw32/bin/../lib/gcc/nios2-elf/4.1.2\libgcc.a
                0x00000000                __alt_mem_onchip_memory2_0 = 0x0
                0x01000000                __alt_mem_sdram = 0x1000000

.entry          0x01000000       0x20
 *(.entry)
 .entry         0x01000000       0x20 ../Project1_bsp//obj/HAL/src/crt0.o
                0x01000000                __reset

.exceptions     0x01000020      0x198
                0x01000020                PROVIDE (__ram_exceptions_start, ABSOLUTE (.))
                0x01000020                . = ALIGN (0x20)
 *(.irq)
 *(.exceptions.entry.label)
 .exceptions.entry.label
                0x01000020        0x0 ../Project1_bsp/\libhal_bsp.a(alt_irq_entry.o)
                0x01000020                alt_irq_entry
 .exceptions.entry.label
                0x01000020        0x0 ../Project1_bsp/\libhal_bsp.a(alt_exception_entry.o)
                0x01000020                alt_exception
 *(.exceptions.entry.user)
 *(.exceptions.entry)
 .exceptions.entry
                0x01000020       0x54 ../Project1_bsp/\libhal_bsp.a(alt_exception_entry.o)
 *(.exceptions.irqtest.user)
 *(.exceptions.irqtest)
 .exceptions.irqtest
                0x01000074       0x10 ../Project1_bsp/\libhal_bsp.a(alt_irq_entry.o)
 *(.exceptions.irqhandler.user)
 *(.exceptions.irqhandler)
 .exceptions.irqhandler
                0x01000084        0x4 ../Project1_bsp/\libhal_bsp.a(alt_irq_entry.o)
 *(.exceptions.irqreturn.user)
 *(.exceptions.irqreturn)
 .exceptions.irqreturn
                0x01000088        0x4 ../Project1_bsp/\libhal_bsp.a(alt_irq_entry.o)
 *(.exceptions.notirq.label)
 .exceptions.notirq.label
                0x0100008c        0x0 ../Project1_bsp/\libhal_bsp.a(alt_irq_entry.o)
 *(.exceptions.notirq.user)
 *(.exceptions.notirq)
 .exceptions.notirq
                0x0100008c        0x8 ../Project1_bsp/\libhal_bsp.a(alt_exception_entry.o)
 *(.exceptions.soft.user)
 *(.exceptions.soft)
 *(.exceptions.unknown.user)
 *(.exceptions.unknown)
 .exceptions.unknown
                0x01000094        0x4 ../Project1_bsp/\libhal_bsp.a(alt_exception_entry.o)
 *(.exceptions.exit.label)
 .exceptions.exit.label
                0x01000098        0x0 ../Project1_bsp/\libhal_bsp.a(alt_irq_entry.o)
 .exceptions.exit.label
                0x01000098        0x0 ../Project1_bsp/\libhal_bsp.a(alt_exception_entry.o)
 *(.exceptions.exit.user)
 *(.exceptions.exit)
 .exceptions.exit
                0x01000098       0x54 ../Project1_bsp/\libhal_bsp.a(alt_exception_entry.o)
 *(.exceptions)
 .exceptions    0x010000ec       0xcc ../Project1_bsp/\libhal_bsp.a(alt_irq_handler.o)
                0x010000ec                alt_irq_handler
                0x010001b8                PROVIDE (__ram_exceptions_end, ABSOLUTE (.))
                0x01000020                PROVIDE (__flash_exceptions_start, LOADADDR (.exceptions))

.text           0x010001b8    0x10174
                0x010001b8                PROVIDE (stext, ABSOLUTE (.))
 *(.interp)
 *(.hash)
 *(.dynsym)
 *(.dynstr)
 *(.gnu.version)
 *(.gnu.version_d)
 *(.gnu.version_r)
 *(.rel.init)
 *(.rela.init)
 *(.rel.text .rel.text.* .rel.gnu.linkonce.t.*)
 *(.rela.text .rela.text.* .rela.gnu.linkonce.t.*)
 *(.rel.fini)
 *(.rela.fini)
 *(.rel.rodata .rel.rodata.* .rel.gnu.linkonce.r.*)
 *(.rela.rodata .rela.rodata.* .rela.gnu.linkonce.r.*)
 *(.rel.data .rel.data.* .rel.gnu.linkonce.d.*)
 *(.rela.data .rela.data.* .rela.gnu.linkonce.d.*)
 *(.rel.tdata .rel.tdata.* .rel.gnu.linkonce.td.*)
 *(.rela.tdata .rela.tdata.* .rela.gnu.linkonce.td.*)
 *(.rel.tbss .rel.tbss.* .rel.gnu.linkonce.tb.*)
 *(.rela.tbss .rela.tbss.* .rela.gnu.linkonce.tb.*)
 *(.rel.ctors)
 *(.rela.ctors)
 *(.rel.dtors)
 *(.rela.dtors)
 *(.rel.got)
 *(.rela.got)
 *(.rel.sdata .rel.sdata.* .rel.gnu.linkonce.s.*)
 *(.rela.sdata .rela.sdata.* .rela.gnu.linkonce.s.*)
 *(.rel.sbss .rel.sbss.* .rel.gnu.linkonce.sb.*)
 *(.rela.sbss .rela.sbss.* .rela.gnu.linkonce.sb.*)
 *(.rel.sdata2 .rel.sdata2.* .rel.gnu.linkonce.s2.*)
 *(.rela.sdata2 .rela.sdata2.* .rela.gnu.linkonce.s2.*)
 *(.rel.sbss2 .rel.sbss2.* .rel.gnu.linkonce.sb2.*)
 *(.rela.sbss2 .rela.sbss2.* .rela.gnu.linkonce.sb2.*)
 *(.rel.bss .rel.bss.* .rel.gnu.linkonce.b.*)
 *(.rela.bss .rela.bss.* .rela.gnu.linkonce.b.*)
 *(.rel.plt)
 *(.rela.plt)
 *(.rel.dyn)
 *(.init)
 *(.plt)
 *(.text .stub .text.* .gnu.linkonce.t.*)
 .text          0x010001b8       0x4c ../Project1_bsp//obj/HAL/src/crt0.o
                0x010001b8                _start
 .text          0x01000204     0x1198 obj/default/project1.o
                0x01000204                main
                0x01000794                UpdatePlayerMovement
                0x010007dc                CheckPlayerCollision
                0x01000a0c                detect_keys
                0x01000bd0                update_direction
                0x01000d38                GameReset
                0x01000ed0                UpdatePositions
                0x01001188                UpdateScreen
                0x01001268                UpdateGame
                0x01001320                initialize_hardware
 .text          0x0100139c       0x98 c:/altera/quartus/nios2eds/bin/gnu/h-i686-mingw32/bin/../lib/gcc/nios2-elf/4.1.2/../../../../nios2-elf/lib\libc.a(lib_a-memset.o)
                0x0100139c                memset
 .text          0x01001434       0x78 c:/altera/quartus/nios2eds/bin/gnu/h-i686-mingw32/bin/../lib/gcc/nios2-elf/4.1.2/../../../../nios2-elf/lib\libc.a(lib_a-printf.o)
                0x01001434                printf
                0x01001478                _printf_r
 .text          0x010014ac       0xb4 c:/altera/quartus/nios2eds/bin/gnu/h-i686-mingw32/bin/../lib/gcc/nios2-elf/4.1.2/../../../../nios2-elf/lib\libc.a(lib_a-puts.o)
                0x010014ac                _puts_r
                0x0100154c                puts
 .text          0x01001560       0x74 c:/altera/quartus/nios2eds/bin/gnu/h-i686-mingw32/bin/../lib/gcc/nios2-elf/4.1.2/../../../../nios2-elf/lib\libc.a(lib_a-strlen.o)
                0x01001560                strlen
 .text          0x010015d4     0x1f28 c:/altera/quartus/nios2eds/bin/gnu/h-i686-mingw32/bin/../lib/gcc/nios2-elf/4.1.2/../../../../nios2-elf/lib\libc.a(lib_a-vfprintf.o)
                0x0100162c                ___vfprintf_internal_r
                0x010034d8                __vfprintf_internal
 .text          0x010034fc      0x13c c:/altera/quartus/nios2eds/bin/gnu/h-i686-mingw32/bin/../lib/gcc/nios2-elf/4.1.2/../../../../nios2-elf/lib\libc.a(lib_a-wsetup.o)
                0x010034fc                __swsetup_r
 .text          0x01003638     0x17cc c:/altera/quartus/nios2eds/bin/gnu/h-i686-mingw32/bin/../lib/gcc/nios2-elf/4.1.2/../../../../nios2-elf/lib\libc.a(lib_a-dtoa.o)
                0x01003850                _dtoa_r
 .text          0x01004e04      0x230 c:/altera/quartus/nios2eds/bin/gnu/h-i686-mingw32/bin/../lib/gcc/nios2-elf/4.1.2/../../../../nios2-elf/lib\libc.a(lib_a-fflush.o)
                0x01004e04                _fflush_r
                0x01005000                fflush
 .text          0x01005034      0x2c0 c:/altera/quartus/nios2eds/bin/gnu/h-i686-mingw32/bin/../lib/gcc/nios2-elf/4.1.2/../../../../nios2-elf/lib\libc.a(lib_a-findfp.o)
                0x0100508c                __sfp_lock_acquire
                0x01005090                __sfp_lock_release
                0x01005094                __sinit_lock_acquire
                0x01005098                __sinit_lock_release
                0x0100509c                __sinit
                0x01005150                __fp_unlock_all
                0x01005168                __fp_lock_all
                0x01005180                _cleanup_r
                0x0100518c                _cleanup
                0x0100519c                __sfmoreglue
                0x01005204                __sfp
 .text          0x010052f4      0x440 c:/altera/quartus/nios2eds/bin/gnu/h-i686-mingw32/bin/../lib/gcc/nios2-elf/4.1.2/../../../../nios2-elf/lib\libc.a(lib_a-freer.o)
                0x010052f4                _malloc_trim_r
                0x01005420                _free_r
 .text          0x01005734      0x49c c:/altera/quartus/nios2eds/bin/gnu/h-i686-mingw32/bin/../lib/gcc/nios2-elf/4.1.2/../../../../nios2-elf/lib\libc.a(lib_a-fvwrite.o)
                0x01005734                __sfvwrite_r
 .text          0x01005bd0      0x180 c:/altera/quartus/nios2eds/bin/gnu/h-i686-mingw32/bin/../lib/gcc/nios2-elf/4.1.2/../../../../nios2-elf/lib\libc.a(lib_a-fwalk.o)
                0x01005bd0                _fwalk_reent
                0x01005c98                _fwalk
 .text          0x01005d50        0x0 c:/altera/quartus/nios2eds/bin/gnu/h-i686-mingw32/bin/../lib/gcc/nios2-elf/4.1.2/../../../../nios2-elf/lib\libc.a(lib_a-impure.o)
 .text          0x01005d50       0xc4 c:/altera/quartus/nios2eds/bin/gnu/h-i686-mingw32/bin/../lib/gcc/nios2-elf/4.1.2/../../../../nios2-elf/lib\libc.a(lib_a-locale.o)
                0x01005d50                __locale_charset
                0x01005d58                _localeconv_r
                0x01005d64                localeconv
                0x01005d74                _setlocale_r
                0x01005df8                setlocale
 .text          0x01005e14      0x194 c:/altera/quartus/nios2eds/bin/gnu/h-i686-mingw32/bin/../lib/gcc/nios2-elf/4.1.2/../../../../nios2-elf/lib\libc.a(lib_a-makebuf.o)
                0x01005e14                __smakebuf_r
 .text          0x01005fa8      0x740 c:/altera/quartus/nios2eds/bin/gnu/h-i686-mingw32/bin/../lib/gcc/nios2-elf/4.1.2/../../../../nios2-elf/lib\libc.a(lib_a-mallocr.o)
                0x01005fa8                _malloc_r
 .text          0x010066e8       0xe4 c:/altera/quartus/nios2eds/bin/gnu/h-i686-mingw32/bin/../lib/gcc/nios2-elf/4.1.2/../../../../nios2-elf/lib\libc.a(lib_a-memchr.o)
                0x010066e8                memchr
 .text          0x010067cc       0xa0 c:/altera/quartus/nios2eds/bin/gnu/h-i686-mingw32/bin/../lib/gcc/nios2-elf/4.1.2/../../../../nios2-elf/lib\libc.a(lib_a-memcpy.o)
                0x010067cc                memcpy
 .text          0x0100686c       0xe0 c:/altera/quartus/nios2eds/bin/gnu/h-i686-mingw32/bin/../lib/gcc/nios2-elf/4.1.2/../../../../nios2-elf/lib\libc.a(lib_a-memmove.o)
                0x0100686c                memmove
 .text          0x0100694c      0xff4 c:/altera/quartus/nios2eds/bin/gnu/h-i686-mingw32/bin/../lib/gcc/nios2-elf/4.1.2/../../../../nios2-elf/lib\libc.a(lib_a-mprec.o)
                0x0100694c                _Bfree
                0x01006974                __hi0bits
                0x010069e4                __lo0bits
                0x01006aa8                __mcmp
                0x01006b08                __ulp
                0x01006b88                __b2d
                0x01006ca8                __ratio
                0x01006d58                _mprec_log10
                0x01006dec                __copybits
                0x01006e44                __any_on
                0x01006ecc                _Balloc
                0x01006f88                __d2b
                0x01007104                __mdiff
                0x01007290                __lshift
                0x010073dc                __multiply
                0x010075c4                __i2b
                0x01007600                __multadd
                0x01007700                __pow5mult
                0x01007820                __s2b
 .text          0x01007940      0x5f4 c:/altera/quartus/nios2eds/bin/gnu/h-i686-mingw32/bin/../lib/gcc/nios2-elf/4.1.2/../../../../nios2-elf/lib\libc.a(lib_a-reallocr.o)
                0x01007940                _realloc_r
 .text          0x01007f34       0x40 c:/altera/quartus/nios2eds/bin/gnu/h-i686-mingw32/bin/../lib/gcc/nios2-elf/4.1.2/../../../../nios2-elf/lib\libc.a(lib_a-s_isinfd.o)
                0x01007f34                __isinfd
 .text          0x01007f74       0x30 c:/altera/quartus/nios2eds/bin/gnu/h-i686-mingw32/bin/../lib/gcc/nios2-elf/4.1.2/../../../../nios2-elf/lib\libc.a(lib_a-s_isnand.o)
                0x01007f74                __isnand
 .text          0x01007fa4       0x70 c:/altera/quartus/nios2eds/bin/gnu/h-i686-mingw32/bin/../lib/gcc/nios2-elf/4.1.2/../../../../nios2-elf/lib\libc.a(lib_a-sbrkr.o)
                0x01007fa4                _sbrk_r
 .text          0x01008014      0x14c c:/altera/quartus/nios2eds/bin/gnu/h-i686-mingw32/bin/../lib/gcc/nios2-elf/4.1.2/../../../../nios2-elf/lib\libc.a(lib_a-stdio.o)
                0x01008014                __sclose
                0x0100801c                __sseek
                0x01008084                __swrite
                0x01008100                __sread
 .text          0x01008160       0xbc c:/altera/quartus/nios2eds/bin/gnu/h-i686-mingw32/bin/../lib/gcc/nios2-elf/4.1.2/../../../../nios2-elf/lib\libc.a(lib_a-strcmp.o)
                0x01008160                strcmp
 .text          0x0100821c       0x78 c:/altera/quartus/nios2eds/bin/gnu/h-i686-mingw32/bin/../lib/gcc/nios2-elf/4.1.2/../../../../nios2-elf/lib\libc.a(lib_a-writer.o)
                0x0100821c                _write_r
 .text          0x01008294       0xb4 c:/altera/quartus/nios2eds/bin/gnu/h-i686-mingw32/bin/../lib/gcc/nios2-elf/4.1.2/../../../../nios2-elf/lib\libc.a(lib_a-callocr.o)
                0x01008294                _calloc_r
 .text          0x01008348       0x70 c:/altera/quartus/nios2eds/bin/gnu/h-i686-mingw32/bin/../lib/gcc/nios2-elf/4.1.2/../../../../nios2-elf/lib\libc.a(lib_a-closer.o)
                0x01008348                _close_r
 .text          0x010083b8      0x124 c:/altera/quartus/nios2eds/bin/gnu/h-i686-mingw32/bin/../lib/gcc/nios2-elf/4.1.2/../../../../nios2-elf/lib\libc.a(lib_a-fclose.o)
                0x010083b8                _fclose_r
                0x010084c8                fclose
 .text          0x010084dc       0x74 c:/altera/quartus/nios2eds/bin/gnu/h-i686-mingw32/bin/../lib/gcc/nios2-elf/4.1.2/../../../../nios2-elf/lib\libc.a(lib_a-fstatr.o)
                0x010084dc                _fstat_r
 .text          0x01008550        0x0 c:/altera/quartus/nios2eds/bin/gnu/h-i686-mingw32/bin/../lib/gcc/nios2-elf/4.1.2/../../../../nios2-elf/lib\libc.a(lib_a-int_errno.o)
 .text          0x01008550       0x70 c:/altera/quartus/nios2eds/bin/gnu/h-i686-mingw32/bin/../lib/gcc/nios2-elf/4.1.2/../../../../nios2-elf/lib\libc.a(lib_a-isattyr.o)
                0x01008550                _isatty_r
 .text          0x010085c0       0x78 c:/altera/quartus/nios2eds/bin/gnu/h-i686-mingw32/bin/../lib/gcc/nios2-elf/4.1.2/../../../../nios2-elf/lib\libc.a(lib_a-lseekr.o)
                0x010085c0                _lseek_r
 .text          0x01008638       0x78 c:/altera/quartus/nios2eds/bin/gnu/h-i686-mingw32/bin/../lib/gcc/nios2-elf/4.1.2/../../../../nios2-elf/lib\libc.a(lib_a-readr.o)
                0x01008638                _read_r
 .text          0x010086b0      0x5dc c:/altera/quartus/nios2eds/bin/gnu/h-i686-mingw32/bin/../lib/gcc/nios2-elf/4.1.2\libgcc.a(_udivdi3.o)
                0x010086b0                __udivdi3
 .text          0x01008c8c      0x5b0 c:/altera/quartus/nios2eds/bin/gnu/h-i686-mingw32/bin/../lib/gcc/nios2-elf/4.1.2\libgcc.a(_umoddi3.o)
                0x01008c8c                __umoddi3
 .text          0x0100923c      0x504 c:/altera/quartus/nios2eds/bin/gnu/h-i686-mingw32/bin/../lib/gcc/nios2-elf/4.1.2\libgcc.a(_addsub_df.o)
                0x0100964c                __subdf3
                0x010096cc                __adddf3
 .text          0x01009740      0x3c4 c:/altera/quartus/nios2eds/bin/gnu/h-i686-mingw32/bin/../lib/gcc/nios2-elf/4.1.2\libgcc.a(_mul_df.o)
                0x01009740                __muldf3
 .text          0x01009b04      0x258 c:/altera/quartus/nios2eds/bin/gnu/h-i686-mingw32/bin/../lib/gcc/nios2-elf/4.1.2\libgcc.a(_div_df.o)
                0x01009b04                __divdf3
 .text          0x01009d5c       0x88 c:/altera/quartus/nios2eds/bin/gnu/h-i686-mingw32/bin/../lib/gcc/nios2-elf/4.1.2\libgcc.a(_eq_df.o)
                0x01009d5c                __eqdf2
 .text          0x01009de4       0x88 c:/altera/quartus/nios2eds/bin/gnu/h-i686-mingw32/bin/../lib/gcc/nios2-elf/4.1.2\libgcc.a(_ne_df.o)
                0x01009de4                __nedf2
 .text          0x01009e6c       0x88 c:/altera/quartus/nios2eds/bin/gnu/h-i686-mingw32/bin/../lib/gcc/nios2-elf/4.1.2\libgcc.a(_gt_df.o)
                0x01009e6c                __gtdf2
 .text          0x01009ef4       0x88 c:/altera/quartus/nios2eds/bin/gnu/h-i686-mingw32/bin/../lib/gcc/nios2-elf/4.1.2\libgcc.a(_ge_df.o)
                0x01009ef4                __gedf2
 .text          0x01009f7c       0x88 c:/altera/quartus/nios2eds/bin/gnu/h-i686-mingw32/bin/../lib/gcc/nios2-elf/4.1.2\libgcc.a(_lt_df.o)
                0x01009f7c                __ltdf2
 .text          0x0100a004       0xf8 c:/altera/quartus/nios2eds/bin/gnu/h-i686-mingw32/bin/../lib/gcc/nios2-elf/4.1.2\libgcc.a(_si_to_df.o)
                0x0100a004                __floatsidf
 .text          0x0100a0fc       0xd8 c:/altera/quartus/nios2eds/bin/gnu/h-i686-mingw32/bin/../lib/gcc/nios2-elf/4.1.2\libgcc.a(_df_to_si.o)
                0x0100a0fc                __fixdfsi
 .text          0x0100a1d4        0x0 c:/altera/quartus/nios2eds/bin/gnu/h-i686-mingw32/bin/../lib/gcc/nios2-elf/4.1.2\libgcc.a(_thenan_df.o)
 .text          0x0100a1d4      0x194 c:/altera/quartus/nios2eds/bin/gnu/h-i686-mingw32/bin/../lib/gcc/nios2-elf/4.1.2\libgcc.a(_usi_to_df.o)
                0x0100a1d4                __floatunsidf
 .text          0x0100a368      0x14c c:/altera/quartus/nios2eds/bin/gnu/h-i686-mingw32/bin/../lib/gcc/nios2-elf/4.1.2\libgcc.a(lib2-divmod.o)
                0x0100a3e4                __divsi3
                0x0100a444                __modsi3
                0x0100a4a4                __udivsi3
                0x0100a4ac                __umodsi3
 .text          0x0100a4b4       0x98 c:/altera/quartus/nios2eds/bin/gnu/h-i686-mingw32/bin/../lib/gcc/nios2-elf/4.1.2\libgcc.a(_muldi3.o)
                0x0100a4b4                __muldi3
 .text          0x0100a54c        0x0 c:/altera/quartus/nios2eds/bin/gnu/h-i686-mingw32/bin/../lib/gcc/nios2-elf/4.1.2\libgcc.a(_clz.o)
 .text          0x0100a54c       0x80 c:/altera/quartus/nios2eds/bin/gnu/h-i686-mingw32/bin/../lib/gcc/nios2-elf/4.1.2\libgcc.a(_clzsi2.o)
                0x0100a54c                __clzsi2
 .text          0x0100a5cc      0x314 c:/altera/quartus/nios2eds/bin/gnu/h-i686-mingw32/bin/../lib/gcc/nios2-elf/4.1.2\libgcc.a(_pack_df.o)
                0x0100a5cc                __pack_d
 .text          0x0100a8e0      0x138 c:/altera/quartus/nios2eds/bin/gnu/h-i686-mingw32/bin/../lib/gcc/nios2-elf/4.1.2\libgcc.a(_unpack_df.o)
                0x0100a8e0                __unpack_d
 .text          0x0100aa18       0xc8 c:/altera/quartus/nios2eds/bin/gnu/h-i686-mingw32/bin/../lib/gcc/nios2-elf/4.1.2\libgcc.a(_fpcmp_parts_df.o)
                0x0100aa18                __fpcmp_parts_d
 .text          0x0100aae0      0x15c ../Project1_bsp/\libhal_bsp.a(alt_close.o)
                0x0100aae0                close
 .text          0x0100ac3c       0x2c ../Project1_bsp/\libhal_bsp.a(alt_dev.o)
 .text          0x0100ac68        0x0 ../Project1_bsp/\libhal_bsp.a(alt_errno.o)
 .text          0x0100ac68      0x134 ../Project1_bsp/\libhal_bsp.a(alt_fstat.o)
                0x0100ac68                fstat
 .text          0x0100ad9c      0x120 ../Project1_bsp/\libhal_bsp.a(alt_isatty.o)
                0x0100ad9c                isatty
 .text          0x0100aebc       0xec ../Project1_bsp/\libhal_bsp.a(alt_load.o)
                0x0100aebc                alt_load
 .text          0x0100afa8      0x150 ../Project1_bsp/\libhal_bsp.a(alt_lseek.o)
                0x0100afa8                lseek
 .text          0x0100b0f8       0x6c ../Project1_bsp/\libhal_bsp.a(alt_main.o)
                0x0100b0f8                alt_main
 .text          0x0100b164       0x40 ../Project1_bsp/\libhal_bsp.a(alt_malloc_lock.o)
                0x0100b164                __malloc_lock
                0x0100b184                __malloc_unlock
 .text          0x0100b1a4      0x180 ../Project1_bsp/\libhal_bsp.a(alt_read.o)
                0x0100b1a4                read
 .text          0x0100b324       0x60 ../Project1_bsp/\libhal_bsp.a(alt_release_fd.o)
                0x0100b324                alt_release_fd
 .text          0x0100b384       0xbc ../Project1_bsp/\libhal_bsp.a(alt_sbrk.o)
                0x0100b384                sbrk
 .text          0x0100b440      0x180 ../Project1_bsp/\libhal_bsp.a(alt_write.o)
                0x0100b440                write
 .text          0x0100b5c0      0x3d8 ../Project1_bsp/\libhal_bsp.a(alt_sys_init.o)
                0x0100b5c0                alt_irq_init
                0x0100b5f4                alt_sys_init
 .text          0x0100b998      0x148 ../Project1_bsp/\libhal_bsp.a(altera_avalon_jtag_uart_fd.o)
                0x0100b998                altera_avalon_jtag_uart_read_fd
                0x0100b9f0                altera_avalon_jtag_uart_write_fd
                0x0100ba48                altera_avalon_jtag_uart_close_fd
                0x0100ba90                altera_avalon_jtag_uart_ioctl_fd
 .text          0x0100bae0      0x408 ../Project1_bsp/\libhal_bsp.a(altera_avalon_jtag_uart_init.o)
                0x0100bae0                altera_avalon_jtag_uart_init
                0x0100be74                altera_avalon_jtag_uart_close
 .text          0x0100bee8       0xf4 ../Project1_bsp/\libhal_bsp.a(altera_avalon_jtag_uart_ioctl.o)
                0x0100bee8                altera_avalon_jtag_uart_ioctl
 .text          0x0100bfdc      0x224 ../Project1_bsp/\libhal_bsp.a(altera_avalon_jtag_uart_read.o)
                0x0100bfdc                altera_avalon_jtag_uart_read
 .text          0x0100c200      0x240 ../Project1_bsp/\libhal_bsp.a(altera_avalon_jtag_uart_write.o)
                0x0100c200                altera_avalon_jtag_uart_write
 .text          0x0100c440       0xfc ../Project1_bsp/\libhal_bsp.a(altera_avalon_timer_sc.o)
                0x0100c4b4                alt_avalon_timer_sc_init
 .text          0x0100c53c        0x0 ../Project1_bsp/\libhal_bsp.a(altera_avalon_timer_vars.o)
 .text          0x0100c53c      0x530 ../Project1_bsp/\libhal_bsp.a(altera_up_avalon_character_lcd.o)
                0x0100c53c                get_DDRAM_addr
                0x0100c5b8                alt_up_character_lcd_send_cmd
                0x0100c5ec                alt_up_character_lcd_init
                0x0100c620                alt_up_character_lcd_open_dev
                0x0100c660                alt_up_character_lcd_write
                0x0100c6d8                alt_up_character_lcd_string
                0x0100c750                alt_up_character_lcd_write_fd
                0x0100c79c                alt_up_character_lcd_set_cursor_pos
                0x0100c814                alt_up_character_lcd_shift_cursor
                0x0100c8c4                alt_up_character_lcd_shift_display
                0x0100c974                alt_up_character_lcd_erase_pos
                0x0100ca04                alt_up_character_lcd_cursor_off
                0x0100ca38                alt_up_character_lcd_cursor_blink_on
 .text          0x0100ca6c      0x700 ../Project1_bsp/\libhal_bsp.a(altera_up_avalon_ps2.o)
                0x0100ca6c                read_RI_bit
                0x0100caa0                read_RE_bit
                0x0100cad0                read_CE_bit
                0x0100cb04                read_num_bytes_available
                0x0100cb38                read_data_valid
                0x0100cb6c                read_data_byte
                0x0100cb98                alt_up_ps2_init
                0x0100cc64                alt_up_ps2_enable_read_interrupt
                0x0100ccb8                alt_up_ps2_disable_read_interrupt
                0x0100cd10                alt_up_ps2_write_data_byte
                0x0100cd88                alt_up_ps2_wait_for_ack
                0x0100cdf8                alt_up_ps2_write_data_byte_with_ack
                0x0100ce64                alt_up_ps2_read_data_byte_timeout
                0x0100cf14                alt_up_ps2_read_data_byte
                0x0100cf90                alt_up_ps2_clear_fifo
                0x0100cfe8                alt_up_ps2_read_fd
                0x0100d084                alt_up_ps2_write_fd
                0x0100d12c                alt_up_ps2_open_dev
 .text          0x0100d16c      0x304 ../Project1_bsp/\libhal_bsp.a(altera_up_avalon_video_character_buffer_with_dma.o)
                0x0100d16c                alt_up_char_buffer_init
                0x0100d1f0                alt_up_char_buffer_open_dev
                0x0100d230                alt_up_char_buffer_draw
                0x0100d300                alt_up_char_buffer_string
                0x0100d414                alt_up_char_buffer_clear
 .text          0x0100d470     0x156c ../Project1_bsp/\libhal_bsp.a(altera_up_avalon_video_pixel_buffer_dma.o)
                0x0100d470                alt_up_pixel_buffer_dma_open_dev
                0x0100d4b0                alt_up_pixel_buffer_dma_draw
                0x0100d650                alt_up_pixel_buffer_dma_change_back_buffer_address
                0x0100d6a8                alt_up_pixel_buffer_dma_swap_buffers
                0x0100d700                alt_up_pixel_buffer_dma_check_swap_buffers_status
                0x0100d734                alt_up_pixel_buffer_dma_clear_screen
                0x0100d898                alt_up_pixel_buffer_dma_draw_box
                0x0100dd8c                alt_up_pixel_buffer_dma_draw_hline
                0x0100e0dc                alt_up_pixel_buffer_dma_draw_vline
                0x0100e4ac                alt_up_pixel_buffer_dma_draw_rectangle
                0x0100e570                helper_plot_pixel
                0x0100e640                alt_up_pixel_buffer_dma_draw_line
 .text          0x0100e9dc      0x628 ../Project1_bsp/\libhal_bsp.a(altera_up_ps2_keyboard.o)
                0x0100e9dc                get_multi_byte_make_code_index
                0x0100ea54                get_single_byte_make_code_index
                0x0100eacc                get_next_state
                0x0100ed28                decode_scancode
                0x0100ee1c                set_keyboard_rate
                0x0100ee7c                translate_make_code
                0x0100ef84                reset_keyboard
 .text          0x0100f004      0x154 ../Project1_bsp/\libhal_bsp.a(alt_alarm_start.o)
                0x0100f004                alt_alarm_start
 .text          0x0100f158       0x44 ../Project1_bsp/\libhal_bsp.a(alt_dcache_flush_all.o)
                0x0100f158                alt_dcache_flush_all
 .text          0x0100f19c      0x114 ../Project1_bsp/\libhal_bsp.a(alt_dev_llist_insert.o)
                0x0100f19c                alt_dev_llist_insert
 .text          0x0100f2b0       0x64 ../Project1_bsp/\libhal_bsp.a(alt_do_ctors.o)
                0x0100f2b0                _do_ctors
 .text          0x0100f314       0x64 ../Project1_bsp/\libhal_bsp.a(alt_do_dtors.o)
                0x0100f314                _do_dtors
 .text          0x0100f378       0x94 ../Project1_bsp/\libhal_bsp.a(alt_find_dev.o)
                0x0100f378                alt_find_dev
 .text          0x0100f40c       0x30 ../Project1_bsp/\libhal_bsp.a(alt_icache_flush_all.o)
                0x0100f40c                alt_icache_flush_all
 .text          0x0100f43c      0x13c ../Project1_bsp/\libhal_bsp.a(alt_io_redirect.o)
                0x0100f500                alt_io_redirect
 .text          0x0100f578      0x1c0 ../Project1_bsp/\libhal_bsp.a(alt_irq_register.o)
                0x0100f578                alt_irq_register
 .text          0x0100f738        0x0 ../Project1_bsp/\libhal_bsp.a(alt_irq_vars.o)
 .text          0x0100f738      0x2c4 ../Project1_bsp/\libhal_bsp.a(alt_open.o)
                0x0100f814                open
 .text          0x0100f9fc      0x1a4 ../Project1_bsp/\libhal_bsp.a(alt_tick.o)
                0x0100f9fc                alt_alarm_stop
                0x0100fa94                alt_tick
 .text          0x0100fba0       0x20 ../Project1_bsp/\libhal_bsp.a(altera_nios2_qsys_irq.o)
                0x0100fba0                altera_nios2_qsys_irq_init
 .text          0x0100fbc0      0x120 ../Project1_bsp/\libhal_bsp.a(alt_find_file.o)
                0x0100fbc0                alt_find_file
 .text          0x0100fce0       0xb8 ../Project1_bsp/\libhal_bsp.a(alt_get_fd.o)
                0x0100fce0                alt_get_fd
 .text          0x0100fd98       0x90 ../Project1_bsp/\libhal_bsp.a(alt_icache_flush.o)
                0x0100fd98                alt_icache_flush
 .text          0x0100fe28        0x0 ../Project1_bsp/\libhal_bsp.a(alt_irq_entry.o)
 .text          0x0100fe28        0x0 ../Project1_bsp/\libhal_bsp.a(alt_irq_handler.o)
 .text          0x0100fe28        0x0 ../Project1_bsp/\libhal_bsp.a(alt_exception_entry.o)
 .text          0x0100fe28       0x14 c:/altera/quartus/nios2eds/bin/gnu/h-i686-mingw32/bin/../lib/gcc/nios2-elf/4.1.2/../../../../nios2-elf/lib\libc.a(lib_a-atexit.o)
                0x0100fe28                atexit
 .text          0x0100fe3c       0x38 c:/altera/quartus/nios2eds/bin/gnu/h-i686-mingw32/bin/../lib/gcc/nios2-elf/4.1.2/../../../../nios2-elf/lib\libc.a(lib_a-exit.o)
                0x0100fe3c                exit
 .text          0x0100fe74       0x74 c:/altera/quartus/nios2eds/bin/gnu/h-i686-mingw32/bin/../lib/gcc/nios2-elf/4.1.2/../../../../nios2-elf/lib\libc.a(lib_a-memcmp.o)
                0x0100fe74                memcmp
 .text          0x0100fee8       0x8c c:/altera/quartus/nios2eds/bin/gnu/h-i686-mingw32/bin/../lib/gcc/nios2-elf/4.1.2/../../../../nios2-elf/lib\libc.a(lib_a-strcpy.o)
                0x0100fee8                strcpy
 .text          0x0100ff74      0x134 c:/altera/quartus/nios2eds/bin/gnu/h-i686-mingw32/bin/../lib/gcc/nios2-elf/4.1.2/../../../../nios2-elf/lib\libc.a(lib_a-__atexit.o)
                0x0100ff74                __register_exitproc
 .text          0x010100a8      0x1b4 c:/altera/quartus/nios2eds/bin/gnu/h-i686-mingw32/bin/../lib/gcc/nios2-elf/4.1.2/../../../../nios2-elf/lib\libc.a(lib_a-__call_atexit.o)
                0x010100ac                __call_exitprocs
 .text          0x0101025c       0x60 ../Project1_bsp/\libhal_bsp.a(alt_exit.o)
                0x0101029c                _exit
 *(.gnu.warning.*)
 *(.fini)
                0x010102bc                PROVIDE (__etext, ABSOLUTE (.))
                0x010102bc                PROVIDE (_etext, ABSOLUTE (.))
                0x010102bc                PROVIDE (etext, ABSOLUTE (.))
 *(.eh_frame_hdr)
                0x010102bc                . = ALIGN (0x4)
                0x010102bc                PROVIDE (__preinit_array_start, ABSOLUTE (.))
 *(.preinit_array)
                0x010102bc                PROVIDE (__preinit_array_end, ABSOLUTE (.))
                0x010102bc                PROVIDE (__init_array_start, ABSOLUTE (.))
 *(.init_array)
                0x010102bc                PROVIDE (__init_array_end, ABSOLUTE (.))
                0x010102bc                PROVIDE (__fini_array_start, ABSOLUTE (.))
 *(.fini_array)
                0x010102bc                PROVIDE (__fini_array_end, ABSOLUTE (.))
 *(.eh_frame)
 .eh_frame      0x010102bc       0x40 c:/altera/quartus/nios2eds/bin/gnu/h-i686-mingw32/bin/../lib/gcc/nios2-elf/4.1.2\libgcc.a(_udivdi3.o)
 .eh_frame      0x010102fc       0x2c c:/altera/quartus/nios2eds/bin/gnu/h-i686-mingw32/bin/../lib/gcc/nios2-elf/4.1.2\libgcc.a(_umoddi3.o)
                                 0x40 (size before relaxing)
 *(.gcc_except_table)
 *(.dynamic)
                0x01010328                PROVIDE (__CTOR_LIST__, ABSOLUTE (.))
 *(.ctors)
 *(SORT(.ctors.*))
 .ctors.65535   0x01010328        0x4 c:/altera/quartus/nios2eds/bin/gnu/h-i686-mingw32/bin/../lib/gcc/nios2-elf/4.1.2/../../../../nios2-elf/lib\libc.a(lib_a-__call_atexit.o)
                0x0101032c                PROVIDE (__CTOR_END__, ABSOLUTE (.))
                0x0101032c                PROVIDE (__DTOR_LIST__, ABSOLUTE (.))
 *(.dtors)
 *(SORT(.dtors.*))
                0x0101032c                PROVIDE (__DTOR_END__, ABSOLUTE (.))
 *(.jcr)
                0x0101032c                . = ALIGN (0x4)

.rodata         0x0101032c      0x774
                0x0101032c                PROVIDE (__ram_rodata_start, ABSOLUTE (.))
                0x0101032c                . = ALIGN (0x4)
 *(.rodata .rodata.* .gnu.linkonce.r.*)
 .rodata        0x0101032c      0x15c obj/default/project1.o
 .rodata.str1.4
                0x01010488        0x2 c:/altera/quartus/nios2eds/bin/gnu/h-i686-mingw32/bin/../lib/gcc/nios2-elf/4.1.2/../../../../nios2-elf/lib\libc.a(lib_a-puts.o)
                                  0x4 (size before relaxing)
 *fill*         0x0101048a        0x2 00
 .rodata.str1.4
                0x0101048c       0x5e c:/altera/quartus/nios2eds/bin/gnu/h-i686-mingw32/bin/../lib/gcc/nios2-elf/4.1.2/../../../../nios2-elf/lib\libc.a(lib_a-vfprintf.o)
                                 0x60 (size before relaxing)
 .rodata        0x010104ea       0x20 c:/altera/quartus/nios2eds/bin/gnu/h-i686-mingw32/bin/../lib/gcc/nios2-elf/4.1.2/../../../../nios2-elf/lib\libc.a(lib_a-vfprintf.o)
 *fill*         0x0101050a        0x2 00
 .rodata.str1.4
                0x0101050c       0x10 c:/altera/quartus/nios2eds/bin/gnu/h-i686-mingw32/bin/../lib/gcc/nios2-elf/4.1.2/../../../../nios2-elf/lib\libc.a(lib_a-dtoa.o)
                                 0x14 (size before relaxing)
 .rodata.str1.4
                0x0101051c        0x2 c:/altera/quartus/nios2eds/bin/gnu/h-i686-mingw32/bin/../lib/gcc/nios2-elf/4.1.2/../../../../nios2-elf/lib\libc.a(lib_a-impure.o)
                                  0x4 (size before relaxing)
 *fill*         0x0101051e        0x2 00
 .rodata.str1.4
                0x01010520       0x10 c:/altera/quartus/nios2eds/bin/gnu/h-i686-mingw32/bin/../lib/gcc/nios2-elf/4.1.2/../../../../nios2-elf/lib\libc.a(lib_a-locale.o)
                                 0x18 (size before relaxing)
 .rodata        0x01010530       0x30 c:/altera/quartus/nios2eds/bin/gnu/h-i686-mingw32/bin/../lib/gcc/nios2-elf/4.1.2/../../../../nios2-elf/lib\libc.a(lib_a-locale.o)
 .rodata        0x01010560      0x124 c:/altera/quartus/nios2eds/bin/gnu/h-i686-mingw32/bin/../lib/gcc/nios2-elf/4.1.2/../../../../nios2-elf/lib\libc.a(lib_a-mprec.o)
                0x01010560                __mprec_tens
                0x01010628                __mprec_bigtens
                0x01010650                __mprec_tinytens
 .rodata        0x01010684       0x14 c:/altera/quartus/nios2eds/bin/gnu/h-i686-mingw32/bin/../lib/gcc/nios2-elf/4.1.2\libgcc.a(_thenan_df.o)
                0x01010684                __thenan_df
 .rodata        0x01010698      0x100 c:/altera/quartus/nios2eds/bin/gnu/h-i686-mingw32/bin/../lib/gcc/nios2-elf/4.1.2\libgcc.a(_clz.o)
                0x01010698                __clz_tab
 .rodata        0x01010798        0xc ../Project1_bsp/\libhal_bsp.a(alt_dev.o)
 .rodata        0x010107a4       0x14 ../Project1_bsp/\libhal_bsp.a(alt_main.o)
 .rodata        0x010107b8       0x90 ../Project1_bsp/\libhal_bsp.a(alt_sys_init.o)
 .rodata        0x01010848       0x1c ../Project1_bsp/\libhal_bsp.a(altera_up_avalon_video_character_buffer_with_dma.o)
 .rodata        0x01010864      0x23c ../Project1_bsp/\libhal_bsp.a(altera_up_ps2_keyboard.o)
 *(.rodata1)
                0x01010aa0                . = ALIGN (0x4)
                0x01010aa0                PROVIDE (__ram_rodata_end, ABSOLUTE (.))
                0x0101032c                PROVIDE (__flash_rodata_start, LOADADDR (.rodata))

.rwdata         0x01010aa0    0x4ce54
                0x01010aa0                PROVIDE (__ram_rwdata_start, ABSOLUTE (.))
                0x01010aa0                . = ALIGN (0x4)
 *(.got.plt)
 *(.got)
 *(.data1)
 *(.data .data.* .gnu.linkonce.d.*)
 .data          0x01010aa0        0x0 ../Project1_bsp//obj/HAL/src/crt0.o
 .data          0x01010aa0    0x4b000 obj/default/project1.o
                0x01010aa0                world
 .data          0x0105baa0        0x0 c:/altera/quartus/nios2eds/bin/gnu/h-i686-mingw32/bin/../lib/gcc/nios2-elf/4.1.2/../../../../nios2-elf/lib\libc.a(lib_a-memset.o)
 .data          0x0105baa0        0x0 c:/altera/quartus/nios2eds/bin/gnu/h-i686-mingw32/bin/../lib/gcc/nios2-elf/4.1.2/../../../../nios2-elf/lib\libc.a(lib_a-printf.o)
 .data          0x0105baa0        0x0 c:/altera/quartus/nios2eds/bin/gnu/h-i686-mingw32/bin/../lib/gcc/nios2-elf/4.1.2/../../../../nios2-elf/lib\libc.a(lib_a-puts.o)
 .data          0x0105baa0        0x0 c:/altera/quartus/nios2eds/bin/gnu/h-i686-mingw32/bin/../lib/gcc/nios2-elf/4.1.2/../../../../nios2-elf/lib\libc.a(lib_a-strlen.o)
 .data          0x0105baa0        0x0 c:/altera/quartus/nios2eds/bin/gnu/h-i686-mingw32/bin/../lib/gcc/nios2-elf/4.1.2/../../../../nios2-elf/lib\libc.a(lib_a-vfprintf.o)
 .data          0x0105baa0        0x0 c:/altera/quartus/nios2eds/bin/gnu/h-i686-mingw32/bin/../lib/gcc/nios2-elf/4.1.2/../../../../nios2-elf/lib\libc.a(lib_a-wsetup.o)
 .data          0x0105baa0        0x0 c:/altera/quartus/nios2eds/bin/gnu/h-i686-mingw32/bin/../lib/gcc/nios2-elf/4.1.2/../../../../nios2-elf/lib\libc.a(lib_a-dtoa.o)
 .data          0x0105baa0        0x0 c:/altera/quartus/nios2eds/bin/gnu/h-i686-mingw32/bin/../lib/gcc/nios2-elf/4.1.2/../../../../nios2-elf/lib\libc.a(lib_a-fflush.o)
 .data          0x0105baa0        0x0 c:/altera/quartus/nios2eds/bin/gnu/h-i686-mingw32/bin/../lib/gcc/nios2-elf/4.1.2/../../../../nios2-elf/lib\libc.a(lib_a-findfp.o)
 .data          0x0105baa0        0x0 c:/altera/quartus/nios2eds/bin/gnu/h-i686-mingw32/bin/../lib/gcc/nios2-elf/4.1.2/../../../../nios2-elf/lib\libc.a(lib_a-freer.o)
 .data          0x0105baa0        0x0 c:/altera/quartus/nios2eds/bin/gnu/h-i686-mingw32/bin/../lib/gcc/nios2-elf/4.1.2/../../../../nios2-elf/lib\libc.a(lib_a-fvwrite.o)
 .data          0x0105baa0        0x0 c:/altera/quartus/nios2eds/bin/gnu/h-i686-mingw32/bin/../lib/gcc/nios2-elf/4.1.2/../../../../nios2-elf/lib\libc.a(lib_a-fwalk.o)
 .data          0x0105baa0      0x400 c:/altera/quartus/nios2eds/bin/gnu/h-i686-mingw32/bin/../lib/gcc/nios2-elf/4.1.2/../../../../nios2-elf/lib\libc.a(lib_a-impure.o)
 .data          0x0105bea0        0xc c:/altera/quartus/nios2eds/bin/gnu/h-i686-mingw32/bin/../lib/gcc/nios2-elf/4.1.2/../../../../nios2-elf/lib\libc.a(lib_a-locale.o)
                0x0105bea0                __lc_ctype
 .data          0x0105beac        0x0 c:/altera/quartus/nios2eds/bin/gnu/h-i686-mingw32/bin/../lib/gcc/nios2-elf/4.1.2/../../../../nios2-elf/lib\libc.a(lib_a-makebuf.o)
 .data          0x0105beac      0x408 c:/altera/quartus/nios2eds/bin/gnu/h-i686-mingw32/bin/../lib/gcc/nios2-elf/4.1.2/../../../../nios2-elf/lib\libc.a(lib_a-mallocr.o)
                0x0105beac                __malloc_av_
 .data          0x0105c2b4        0x0 c:/altera/quartus/nios2eds/bin/gnu/h-i686-mingw32/bin/../lib/gcc/nios2-elf/4.1.2/../../../../nios2-elf/lib\libc.a(lib_a-memchr.o)
 .data          0x0105c2b4        0x0 c:/altera/quartus/nios2eds/bin/gnu/h-i686-mingw32/bin/../lib/gcc/nios2-elf/4.1.2/../../../../nios2-elf/lib\libc.a(lib_a-memcpy.o)
 .data          0x0105c2b4        0x0 c:/altera/quartus/nios2eds/bin/gnu/h-i686-mingw32/bin/../lib/gcc/nios2-elf/4.1.2/../../../../nios2-elf/lib\libc.a(lib_a-memmove.o)
 .data          0x0105c2b4        0x0 c:/altera/quartus/nios2eds/bin/gnu/h-i686-mingw32/bin/../lib/gcc/nios2-elf/4.1.2/../../../../nios2-elf/lib\libc.a(lib_a-mprec.o)
 .data          0x0105c2b4        0x0 c:/altera/quartus/nios2eds/bin/gnu/h-i686-mingw32/bin/../lib/gcc/nios2-elf/4.1.2/../../../../nios2-elf/lib\libc.a(lib_a-reallocr.o)
 .data          0x0105c2b4        0x0 c:/altera/quartus/nios2eds/bin/gnu/h-i686-mingw32/bin/../lib/gcc/nios2-elf/4.1.2/../../../../nios2-elf/lib\libc.a(lib_a-s_isinfd.o)
 .data          0x0105c2b4        0x0 c:/altera/quartus/nios2eds/bin/gnu/h-i686-mingw32/bin/../lib/gcc/nios2-elf/4.1.2/../../../../nios2-elf/lib\libc.a(lib_a-s_isnand.o)
 .data          0x0105c2b4        0x0 c:/altera/quartus/nios2eds/bin/gnu/h-i686-mingw32/bin/../lib/gcc/nios2-elf/4.1.2/../../../../nios2-elf/lib\libc.a(lib_a-sbrkr.o)
 .data          0x0105c2b4        0x0 c:/altera/quartus/nios2eds/bin/gnu/h-i686-mingw32/bin/../lib/gcc/nios2-elf/4.1.2/../../../../nios2-elf/lib\libc.a(lib_a-stdio.o)
 .data          0x0105c2b4        0x0 c:/altera/quartus/nios2eds/bin/gnu/h-i686-mingw32/bin/../lib/gcc/nios2-elf/4.1.2/../../../../nios2-elf/lib\libc.a(lib_a-strcmp.o)
 .data          0x0105c2b4        0x0 c:/altera/quartus/nios2eds/bin/gnu/h-i686-mingw32/bin/../lib/gcc/nios2-elf/4.1.2/../../../../nios2-elf/lib\libc.a(lib_a-writer.o)
 .data          0x0105c2b4        0x0 c:/altera/quartus/nios2eds/bin/gnu/h-i686-mingw32/bin/../lib/gcc/nios2-elf/4.1.2/../../../../nios2-elf/lib\libc.a(lib_a-callocr.o)
 .data          0x0105c2b4        0x0 c:/altera/quartus/nios2eds/bin/gnu/h-i686-mingw32/bin/../lib/gcc/nios2-elf/4.1.2/../../../../nios2-elf/lib\libc.a(lib_a-closer.o)
 .data          0x0105c2b4        0x0 c:/altera/quartus/nios2eds/bin/gnu/h-i686-mingw32/bin/../lib/gcc/nios2-elf/4.1.2/../../../../nios2-elf/lib\libc.a(lib_a-fclose.o)
 .data          0x0105c2b4        0x0 c:/altera/quartus/nios2eds/bin/gnu/h-i686-mingw32/bin/../lib/gcc/nios2-elf/4.1.2/../../../../nios2-elf/lib\libc.a(lib_a-fstatr.o)
 .data          0x0105c2b4        0x0 c:/altera/quartus/nios2eds/bin/gnu/h-i686-mingw32/bin/../lib/gcc/nios2-elf/4.1.2/../../../../nios2-elf/lib\libc.a(lib_a-int_errno.o)
 .data          0x0105c2b4        0x0 c:/altera/quartus/nios2eds/bin/gnu/h-i686-mingw32/bin/../lib/gcc/nios2-elf/4.1.2/../../../../nios2-elf/lib\libc.a(lib_a-isattyr.o)
 .data          0x0105c2b4        0x0 c:/altera/quartus/nios2eds/bin/gnu/h-i686-mingw32/bin/../lib/gcc/nios2-elf/4.1.2/../../../../nios2-elf/lib\libc.a(lib_a-lseekr.o)
 .data          0x0105c2b4        0x0 c:/altera/quartus/nios2eds/bin/gnu/h-i686-mingw32/bin/../lib/gcc/nios2-elf/4.1.2/../../../../nios2-elf/lib\libc.a(lib_a-readr.o)
 .data          0x0105c2b4        0x0 c:/altera/quartus/nios2eds/bin/gnu/h-i686-mingw32/bin/../lib/gcc/nios2-elf/4.1.2\libgcc.a(_udivdi3.o)
 .data          0x0105c2b4        0x0 c:/altera/quartus/nios2eds/bin/gnu/h-i686-mingw32/bin/../lib/gcc/nios2-elf/4.1.2\libgcc.a(_umoddi3.o)
 .data          0x0105c2b4        0x0 c:/altera/quartus/nios2eds/bin/gnu/h-i686-mingw32/bin/../lib/gcc/nios2-elf/4.1.2\libgcc.a(_addsub_df.o)
 .data          0x0105c2b4        0x0 c:/altera/quartus/nios2eds/bin/gnu/h-i686-mingw32/bin/../lib/gcc/nios2-elf/4.1.2\libgcc.a(_mul_df.o)
 .data          0x0105c2b4        0x0 c:/altera/quartus/nios2eds/bin/gnu/h-i686-mingw32/bin/../lib/gcc/nios2-elf/4.1.2\libgcc.a(_div_df.o)
 .data          0x0105c2b4        0x0 c:/altera/quartus/nios2eds/bin/gnu/h-i686-mingw32/bin/../lib/gcc/nios2-elf/4.1.2\libgcc.a(_eq_df.o)
 .data          0x0105c2b4        0x0 c:/altera/quartus/nios2eds/bin/gnu/h-i686-mingw32/bin/../lib/gcc/nios2-elf/4.1.2\libgcc.a(_ne_df.o)
 .data          0x0105c2b4        0x0 c:/altera/quartus/nios2eds/bin/gnu/h-i686-mingw32/bin/../lib/gcc/nios2-elf/4.1.2\libgcc.a(_gt_df.o)
 .data          0x0105c2b4        0x0 c:/altera/quartus/nios2eds/bin/gnu/h-i686-mingw32/bin/../lib/gcc/nios2-elf/4.1.2\libgcc.a(_ge_df.o)
 .data          0x0105c2b4        0x0 c:/altera/quartus/nios2eds/bin/gnu/h-i686-mingw32/bin/../lib/gcc/nios2-elf/4.1.2\libgcc.a(_lt_df.o)
 .data          0x0105c2b4        0x0 c:/altera/quartus/nios2eds/bin/gnu/h-i686-mingw32/bin/../lib/gcc/nios2-elf/4.1.2\libgcc.a(_si_to_df.o)
 .data          0x0105c2b4        0x0 c:/altera/quartus/nios2eds/bin/gnu/h-i686-mingw32/bin/../lib/gcc/nios2-elf/4.1.2\libgcc.a(_df_to_si.o)
 .data          0x0105c2b4        0x0 c:/altera/quartus/nios2eds/bin/gnu/h-i686-mingw32/bin/../lib/gcc/nios2-elf/4.1.2\libgcc.a(_thenan_df.o)
 .data          0x0105c2b4        0x0 c:/altera/quartus/nios2eds/bin/gnu/h-i686-mingw32/bin/../lib/gcc/nios2-elf/4.1.2\libgcc.a(_usi_to_df.o)
 .data          0x0105c2b4        0x0 c:/altera/quartus/nios2eds/bin/gnu/h-i686-mingw32/bin/../lib/gcc/nios2-elf/4.1.2\libgcc.a(lib2-divmod.o)
 .data          0x0105c2b4        0x0 c:/altera/quartus/nios2eds/bin/gnu/h-i686-mingw32/bin/../lib/gcc/nios2-elf/4.1.2\libgcc.a(_muldi3.o)
 .data          0x0105c2b4        0x0 c:/altera/quartus/nios2eds/bin/gnu/h-i686-mingw32/bin/../lib/gcc/nios2-elf/4.1.2\libgcc.a(_clz.o)
 .data          0x0105c2b4        0x0 c:/altera/quartus/nios2eds/bin/gnu/h-i686-mingw32/bin/../lib/gcc/nios2-elf/4.1.2\libgcc.a(_clzsi2.o)
 .data          0x0105c2b4        0x0 c:/altera/quartus/nios2eds/bin/gnu/h-i686-mingw32/bin/../lib/gcc/nios2-elf/4.1.2\libgcc.a(_pack_df.o)
 .data          0x0105c2b4        0x0 c:/altera/quartus/nios2eds/bin/gnu/h-i686-mingw32/bin/../lib/gcc/nios2-elf/4.1.2\libgcc.a(_unpack_df.o)
 .data          0x0105c2b4        0x0 c:/altera/quartus/nios2eds/bin/gnu/h-i686-mingw32/bin/../lib/gcc/nios2-elf/4.1.2\libgcc.a(_fpcmp_parts_df.o)
 .data          0x0105c2b4        0x0 ../Project1_bsp/\libhal_bsp.a(alt_close.o)
 .data          0x0105c2b4      0x1a8 ../Project1_bsp/\libhal_bsp.a(alt_dev.o)
                0x0105c2b4                alt_dev_null
                0x0105c2dc                alt_fd_list
 .data          0x0105c45c        0x0 ../Project1_bsp/\libhal_bsp.a(alt_errno.o)
 .data          0x0105c45c        0x0 ../Project1_bsp/\libhal_bsp.a(alt_fstat.o)
 .data          0x0105c45c        0x0 ../Project1_bsp/\libhal_bsp.a(alt_isatty.o)
 .data          0x0105c45c        0x0 ../Project1_bsp/\libhal_bsp.a(alt_load.o)
 .data          0x0105c45c        0x0 ../Project1_bsp/\libhal_bsp.a(alt_lseek.o)
 .data          0x0105c45c        0x0 ../Project1_bsp/\libhal_bsp.a(alt_main.o)
 .data          0x0105c45c        0x0 ../Project1_bsp/\libhal_bsp.a(alt_malloc_lock.o)
 .data          0x0105c45c        0x0 ../Project1_bsp/\libhal_bsp.a(alt_read.o)
 .data          0x0105c45c        0x0 ../Project1_bsp/\libhal_bsp.a(alt_release_fd.o)
 .data          0x0105c45c        0x0 ../Project1_bsp/\libhal_bsp.a(alt_sbrk.o)
 .data          0x0105c45c        0x0 ../Project1_bsp/\libhal_bsp.a(alt_write.o)
 .data          0x0105c45c     0x118c ../Project1_bsp/\libhal_bsp.a(alt_sys_init.o)
 .data          0x0105d5e8        0x0 ../Project1_bsp/\libhal_bsp.a(altera_avalon_jtag_uart_fd.o)
 .data          0x0105d5e8        0x0 ../Project1_bsp/\libhal_bsp.a(altera_avalon_jtag_uart_init.o)
 .data          0x0105d5e8        0x0 ../Project1_bsp/\libhal_bsp.a(altera_avalon_jtag_uart_ioctl.o)
 .data          0x0105d5e8        0x0 ../Project1_bsp/\libhal_bsp.a(altera_avalon_jtag_uart_read.o)
 .data          0x0105d5e8        0x0 ../Project1_bsp/\libhal_bsp.a(altera_avalon_jtag_uart_write.o)
 .data          0x0105d5e8        0x0 ../Project1_bsp/\libhal_bsp.a(altera_avalon_timer_sc.o)
 .data          0x0105d5e8        0x0 ../Project1_bsp/\libhal_bsp.a(altera_avalon_timer_vars.o)
 .data          0x0105d5e8        0x0 ../Project1_bsp/\libhal_bsp.a(altera_up_avalon_character_lcd.o)
 .data          0x0105d5e8        0x0 ../Project1_bsp/\libhal_bsp.a(altera_up_avalon_ps2.o)
 .data          0x0105d5e8        0x0 ../Project1_bsp/\libhal_bsp.a(altera_up_avalon_video_character_buffer_with_dma.o)
 .data          0x0105d5e8        0x0 ../Project1_bsp/\libhal_bsp.a(altera_up_avalon_video_pixel_buffer_dma.o)
 .data          0x0105d5e8      0x2cc ../Project1_bsp/\libhal_bsp.a(altera_up_ps2_keyboard.o)
                0x0105d5e8                key_table
                0x0105d780                ascii_codes
                0x0105d7e6                single_byte_make_code
                0x0105d84c                multi_byte_make_code
 .data          0x0105d8b4        0x0 ../Project1_bsp/\libhal_bsp.a(alt_alarm_start.o)
 .data          0x0105d8b4        0x0 ../Project1_bsp/\libhal_bsp.a(alt_dcache_flush_all.o)
 .data          0x0105d8b4        0x0 ../Project1_bsp/\libhal_bsp.a(alt_dev_llist_insert.o)
 .data          0x0105d8b4        0x0 ../Project1_bsp/\libhal_bsp.a(alt_do_ctors.o)
 .data          0x0105d8b4        0x0 ../Project1_bsp/\libhal_bsp.a(alt_do_dtors.o)
 .data          0x0105d8b4        0x0 ../Project1_bsp/\libhal_bsp.a(alt_find_dev.o)
 .data          0x0105d8b4        0x0 ../Project1_bsp/\libhal_bsp.a(alt_icache_flush_all.o)
 .data          0x0105d8b4        0x0 ../Project1_bsp/\libhal_bsp.a(alt_io_redirect.o)
 .data          0x0105d8b4        0x0 ../Project1_bsp/\libhal_bsp.a(alt_irq_register.o)
 .data          0x0105d8b4        0x0 ../Project1_bsp/\libhal_bsp.a(alt_irq_vars.o)
 .data          0x0105d8b4        0x0 ../Project1_bsp/\libhal_bsp.a(alt_open.o)
 .data          0x0105d8b4        0x0 ../Project1_bsp/\libhal_bsp.a(alt_tick.o)
 .data          0x0105d8b4        0x0 ../Project1_bsp/\libhal_bsp.a(altera_nios2_qsys_irq.o)
 .data          0x0105d8b4        0x0 ../Project1_bsp/\libhal_bsp.a(alt_find_file.o)
 .data          0x0105d8b4        0x0 ../Project1_bsp/\libhal_bsp.a(alt_get_fd.o)
 .data          0x0105d8b4        0x0 ../Project1_bsp/\libhal_bsp.a(alt_icache_flush.o)
 .data          0x0105d8b4        0x0 ../Project1_bsp/\libhal_bsp.a(alt_irq_entry.o)
 .data          0x0105d8b4        0x0 ../Project1_bsp/\libhal_bsp.a(alt_irq_handler.o)
 .data          0x0105d8b4        0x0 ../Project1_bsp/\libhal_bsp.a(alt_exception_entry.o)
 .data          0x0105d8b4        0x0 c:/altera/quartus/nios2eds/bin/gnu/h-i686-mingw32/bin/../lib/gcc/nios2-elf/4.1.2/../../../../nios2-elf/lib\libc.a(lib_a-atexit.o)
 .data          0x0105d8b4        0x0 c:/altera/quartus/nios2eds/bin/gnu/h-i686-mingw32/bin/../lib/gcc/nios2-elf/4.1.2/../../../../nios2-elf/lib\libc.a(lib_a-exit.o)
 .data          0x0105d8b4        0x0 c:/altera/quartus/nios2eds/bin/gnu/h-i686-mingw32/bin/../lib/gcc/nios2-elf/4.1.2/../../../../nios2-elf/lib\libc.a(lib_a-memcmp.o)
 .data          0x0105d8b4        0x0 c:/altera/quartus/nios2eds/bin/gnu/h-i686-mingw32/bin/../lib/gcc/nios2-elf/4.1.2/../../../../nios2-elf/lib\libc.a(lib_a-strcpy.o)
 .data          0x0105d8b4        0x0 c:/altera/quartus/nios2eds/bin/gnu/h-i686-mingw32/bin/../lib/gcc/nios2-elf/4.1.2/../../../../nios2-elf/lib\libc.a(lib_a-__atexit.o)
 .data          0x0105d8b4        0x0 c:/altera/quartus/nios2eds/bin/gnu/h-i686-mingw32/bin/../lib/gcc/nios2-elf/4.1.2/../../../../nios2-elf/lib\libc.a(lib_a-__call_atexit.o)
 .data          0x0105d8b4        0x0 ../Project1_bsp/\libhal_bsp.a(alt_exit.o)
                0x010658b4                _gp = ABSOLUTE ((. + 0x8000))
                0x010658b4                PROVIDE (gp, _gp)
 *(.rwdata .rwdata.*)
 *(.sdata .sdata.* .gnu.linkonce.s.*)
 .sdata         0x0105d8b4        0x8 c:/altera/quartus/nios2eds/bin/gnu/h-i686-mingw32/bin/../lib/gcc/nios2-elf/4.1.2/../../../../nios2-elf/lib\libc.a(lib_a-impure.o)
                0x0105d8b4                _impure_ptr
                0x0105d8b8                _global_impure_ptr
 .sdata         0x0105d8bc        0x8 c:/altera/quartus/nios2eds/bin/gnu/h-i686-mingw32/bin/../lib/gcc/nios2-elf/4.1.2/../../../../nios2-elf/lib\libc.a(lib_a-locale.o)
                0x0105d8bc                __mb_cur_max
 .sdata         0x0105d8c4        0x8 c:/altera/quartus/nios2eds/bin/gnu/h-i686-mingw32/bin/../lib/gcc/nios2-elf/4.1.2/../../../../nios2-elf/lib\libc.a(lib_a-mallocr.o)
                0x0105d8c4                __malloc_trim_threshold
                0x0105d8c8                __malloc_sbrk_base
 .sdata         0x0105d8cc       0x14 ../Project1_bsp/\libhal_bsp.a(alt_dev.o)
                0x0105d8cc                alt_fs_list
                0x0105d8d4                alt_dev_list
                0x0105d8dc                alt_max_fd
 .sdata         0x0105d8e0        0x4 ../Project1_bsp/\libhal_bsp.a(alt_errno.o)
                0x0105d8e0                alt_errno
 .sdata         0x0105d8e4        0x4 ../Project1_bsp/\libhal_bsp.a(alt_sbrk.o)
 .sdata         0x0105d8e8        0x4 ../Project1_bsp/\libhal_bsp.a(alt_irq_vars.o)
                0x0105d8e8                alt_priority_mask
 .sdata         0x0105d8ec        0x8 ../Project1_bsp/\libhal_bsp.a(alt_tick.o)
                0x0105d8ec                alt_alarm_list
 *(.sdata2 .sdata2.* .gnu.linkonce.s2.*)
                0x0105d8f4                . = ALIGN (0x4)
                0x0105d8f4                _edata = ABSOLUTE (.)
                0x0105d8f4                PROVIDE (edata, ABSOLUTE (.))
                0x0105d8f4                PROVIDE (__ram_rwdata_end, ABSOLUTE (.))
                0x01010aa0                PROVIDE (__flash_rwdata_start, LOADADDR (.rwdata))

.bss            0x0105d8f4      0x314
                0x0105d8f4                __bss_start = ABSOLUTE (.)
                0x0105d8f4                PROVIDE (__sbss_start, ABSOLUTE (.))
                0x0105d8f4                PROVIDE (___sbss_start, ABSOLUTE (.))
 *(.dynsbss)
 *(.sbss .sbss.* .gnu.linkonce.sb.*)
 .sbss          0x0105d8f4       0x1d obj/default/project1.o
                0x0105d8f4                player1_direction
                0x0105d8f8                char_buffer
                0x0105d8fc                player2_direction
                0x0105d900                ps2_dev
                0x0105d904                buffer
                0x0105d908                decode_mode
                0x0105d90c                pixel_buffer
                0x0105d910                ascii
 *fill*         0x0105d911        0x3 00
 .sbss          0x0105d914        0xc c:/altera/quartus/nios2eds/bin/gnu/h-i686-mingw32/bin/../lib/gcc/nios2-elf/4.1.2/../../../../nios2-elf/lib\libc.a(lib_a-locale.o)
                0x0105d914                __nlocale_changed
                0x0105d918                __mlocale_changed
                0x0105d91c                _PathLocale
 .sbss          0x0105d920        0xc c:/altera/quartus/nios2eds/bin/gnu/h-i686-mingw32/bin/../lib/gcc/nios2-elf/4.1.2/../../../../nios2-elf/lib\libc.a(lib_a-mallocr.o)
                0x0105d920                __malloc_top_pad
                0x0105d924                __malloc_max_sbrked_mem
                0x0105d928                __malloc_max_total_mem
 .sbss          0x0105d92c        0x4 c:/altera/quartus/nios2eds/bin/gnu/h-i686-mingw32/bin/../lib/gcc/nios2-elf/4.1.2/../../../../nios2-elf/lib\libc.a(lib_a-int_errno.o)
                0x0105d92c                errno
 .sbss          0x0105d930        0xc ../Project1_bsp/\libhal_bsp.a(alt_main.o)
                0x0105d930                alt_argc
                0x0105d934                alt_argv
                0x0105d938                alt_envp
 .sbss          0x0105d93c        0x8 ../Project1_bsp/\libhal_bsp.a(altera_avalon_timer_vars.o)
                0x0105d93c                altera_avalon_timer_ts_base
                0x0105d940                altera_avalon_timer_ts_freq
 .sbss          0x0105d944        0x4 ../Project1_bsp/\libhal_bsp.a(alt_irq_vars.o)
                0x0105d944                alt_irq_active
 .sbss          0x0105d948        0x8 ../Project1_bsp/\libhal_bsp.a(alt_tick.o)
                0x0105d948                _alt_tick_rate
                0x0105d94c                _alt_nticks
 *(.sbss2 .sbss2.* .gnu.linkonce.sb2.*)
 *(.scommon)
                0x0105d950                PROVIDE (__sbss_end, ABSOLUTE (.))
                0x0105d950                PROVIDE (___sbss_end, ABSOLUTE (.))
 *(.dynbss)
 *(.bss .bss.* .gnu.linkonce.b.*)
 .bss           0x0105d950        0x0 ../Project1_bsp//obj/HAL/src/crt0.o
 .bss           0x0105d950        0x0 obj/default/project1.o
 .bss           0x0105d950        0x0 c:/altera/quartus/nios2eds/bin/gnu/h-i686-mingw32/bin/../lib/gcc/nios2-elf/4.1.2/../../../../nios2-elf/lib\libc.a(lib_a-memset.o)
 .bss           0x0105d950        0x0 c:/altera/quartus/nios2eds/bin/gnu/h-i686-mingw32/bin/../lib/gcc/nios2-elf/4.1.2/../../../../nios2-elf/lib\libc.a(lib_a-printf.o)
 .bss           0x0105d950        0x0 c:/altera/quartus/nios2eds/bin/gnu/h-i686-mingw32/bin/../lib/gcc/nios2-elf/4.1.2/../../../../nios2-elf/lib\libc.a(lib_a-puts.o)
 .bss           0x0105d950        0x0 c:/altera/quartus/nios2eds/bin/gnu/h-i686-mingw32/bin/../lib/gcc/nios2-elf/4.1.2/../../../../nios2-elf/lib\libc.a(lib_a-strlen.o)
 .bss           0x0105d950        0x0 c:/altera/quartus/nios2eds/bin/gnu/h-i686-mingw32/bin/../lib/gcc/nios2-elf/4.1.2/../../../../nios2-elf/lib\libc.a(lib_a-vfprintf.o)
 .bss           0x0105d950        0x0 c:/altera/quartus/nios2eds/bin/gnu/h-i686-mingw32/bin/../lib/gcc/nios2-elf/4.1.2/../../../../nios2-elf/lib\libc.a(lib_a-wsetup.o)
 .bss           0x0105d950        0x0 c:/altera/quartus/nios2eds/bin/gnu/h-i686-mingw32/bin/../lib/gcc/nios2-elf/4.1.2/../../../../nios2-elf/lib\libc.a(lib_a-dtoa.o)
 .bss           0x0105d950        0x0 c:/altera/quartus/nios2eds/bin/gnu/h-i686-mingw32/bin/../lib/gcc/nios2-elf/4.1.2/../../../../nios2-elf/lib\libc.a(lib_a-fflush.o)
 .bss           0x0105d950        0x0 c:/altera/quartus/nios2eds/bin/gnu/h-i686-mingw32/bin/../lib/gcc/nios2-elf/4.1.2/../../../../nios2-elf/lib\libc.a(lib_a-findfp.o)
 .bss           0x0105d950        0x0 c:/altera/quartus/nios2eds/bin/gnu/h-i686-mingw32/bin/../lib/gcc/nios2-elf/4.1.2/../../../../nios2-elf/lib\libc.a(lib_a-freer.o)
 .bss           0x0105d950        0x0 c:/altera/quartus/nios2eds/bin/gnu/h-i686-mingw32/bin/../lib/gcc/nios2-elf/4.1.2/../../../../nios2-elf/lib\libc.a(lib_a-fvwrite.o)
 .bss           0x0105d950        0x0 c:/altera/quartus/nios2eds/bin/gnu/h-i686-mingw32/bin/../lib/gcc/nios2-elf/4.1.2/../../../../nios2-elf/lib\libc.a(lib_a-fwalk.o)
 .bss           0x0105d950        0x0 c:/altera/quartus/nios2eds/bin/gnu/h-i686-mingw32/bin/../lib/gcc/nios2-elf/4.1.2/../../../../nios2-elf/lib\libc.a(lib_a-impure.o)
 .bss           0x0105d950        0x0 c:/altera/quartus/nios2eds/bin/gnu/h-i686-mingw32/bin/../lib/gcc/nios2-elf/4.1.2/../../../../nios2-elf/lib\libc.a(lib_a-locale.o)
 .bss           0x0105d950        0x0 c:/altera/quartus/nios2eds/bin/gnu/h-i686-mingw32/bin/../lib/gcc/nios2-elf/4.1.2/../../../../nios2-elf/lib\libc.a(lib_a-makebuf.o)
 .bss           0x0105d950       0x28 c:/altera/quartus/nios2eds/bin/gnu/h-i686-mingw32/bin/../lib/gcc/nios2-elf/4.1.2/../../../../nios2-elf/lib\libc.a(lib_a-mallocr.o)
                0x0105d950                __malloc_current_mallinfo
 .bss           0x0105d978        0x0 c:/altera/quartus/nios2eds/bin/gnu/h-i686-mingw32/bin/../lib/gcc/nios2-elf/4.1.2/../../../../nios2-elf/lib\libc.a(lib_a-memchr.o)
 .bss           0x0105d978        0x0 c:/altera/quartus/nios2eds/bin/gnu/h-i686-mingw32/bin/../lib/gcc/nios2-elf/4.1.2/../../../../nios2-elf/lib\libc.a(lib_a-memcpy.o)
 .bss           0x0105d978        0x0 c:/altera/quartus/nios2eds/bin/gnu/h-i686-mingw32/bin/../lib/gcc/nios2-elf/4.1.2/../../../../nios2-elf/lib\libc.a(lib_a-memmove.o)
 .bss           0x0105d978        0x0 c:/altera/quartus/nios2eds/bin/gnu/h-i686-mingw32/bin/../lib/gcc/nios2-elf/4.1.2/../../../../nios2-elf/lib\libc.a(lib_a-mprec.o)
 .bss           0x0105d978        0x0 c:/altera/quartus/nios2eds/bin/gnu/h-i686-mingw32/bin/../lib/gcc/nios2-elf/4.1.2/../../../../nios2-elf/lib\libc.a(lib_a-reallocr.o)
 .bss           0x0105d978        0x0 c:/altera/quartus/nios2eds/bin/gnu/h-i686-mingw32/bin/../lib/gcc/nios2-elf/4.1.2/../../../../nios2-elf/lib\libc.a(lib_a-s_isinfd.o)
 .bss           0x0105d978        0x0 c:/altera/quartus/nios2eds/bin/gnu/h-i686-mingw32/bin/../lib/gcc/nios2-elf/4.1.2/../../../../nios2-elf/lib\libc.a(lib_a-s_isnand.o)
 .bss           0x0105d978        0x0 c:/altera/quartus/nios2eds/bin/gnu/h-i686-mingw32/bin/../lib/gcc/nios2-elf/4.1.2/../../../../nios2-elf/lib\libc.a(lib_a-sbrkr.o)
 .bss           0x0105d978        0x0 c:/altera/quartus/nios2eds/bin/gnu/h-i686-mingw32/bin/../lib/gcc/nios2-elf/4.1.2/../../../../nios2-elf/lib\libc.a(lib_a-stdio.o)
 .bss           0x0105d978        0x0 c:/altera/quartus/nios2eds/bin/gnu/h-i686-mingw32/bin/../lib/gcc/nios2-elf/4.1.2/../../../../nios2-elf/lib\libc.a(lib_a-strcmp.o)
 .bss           0x0105d978        0x0 c:/altera/quartus/nios2eds/bin/gnu/h-i686-mingw32/bin/../lib/gcc/nios2-elf/4.1.2/../../../../nios2-elf/lib\libc.a(lib_a-writer.o)
 .bss           0x0105d978        0x0 c:/altera/quartus/nios2eds/bin/gnu/h-i686-mingw32/bin/../lib/gcc/nios2-elf/4.1.2/../../../../nios2-elf/lib\libc.a(lib_a-callocr.o)
 .bss           0x0105d978        0x0 c:/altera/quartus/nios2eds/bin/gnu/h-i686-mingw32/bin/../lib/gcc/nios2-elf/4.1.2/../../../../nios2-elf/lib\libc.a(lib_a-closer.o)
 .bss           0x0105d978        0x0 c:/altera/quartus/nios2eds/bin/gnu/h-i686-mingw32/bin/../lib/gcc/nios2-elf/4.1.2/../../../../nios2-elf/lib\libc.a(lib_a-fclose.o)
 .bss           0x0105d978        0x0 c:/altera/quartus/nios2eds/bin/gnu/h-i686-mingw32/bin/../lib/gcc/nios2-elf/4.1.2/../../../../nios2-elf/lib\libc.a(lib_a-fstatr.o)
 .bss           0x0105d978        0x0 c:/altera/quartus/nios2eds/bin/gnu/h-i686-mingw32/bin/../lib/gcc/nios2-elf/4.1.2/../../../../nios2-elf/lib\libc.a(lib_a-int_errno.o)
 .bss           0x0105d978        0x0 c:/altera/quartus/nios2eds/bin/gnu/h-i686-mingw32/bin/../lib/gcc/nios2-elf/4.1.2/../../../../nios2-elf/lib\libc.a(lib_a-isattyr.o)
 .bss           0x0105d978        0x0 c:/altera/quartus/nios2eds/bin/gnu/h-i686-mingw32/bin/../lib/gcc/nios2-elf/4.1.2/../../../../nios2-elf/lib\libc.a(lib_a-lseekr.o)
 .bss           0x0105d978        0x0 c:/altera/quartus/nios2eds/bin/gnu/h-i686-mingw32/bin/../lib/gcc/nios2-elf/4.1.2/../../../../nios2-elf/lib\libc.a(lib_a-readr.o)
 .bss           0x0105d978        0x0 c:/altera/quartus/nios2eds/bin/gnu/h-i686-mingw32/bin/../lib/gcc/nios2-elf/4.1.2\libgcc.a(_udivdi3.o)
 .bss           0x0105d978        0x0 c:/altera/quartus/nios2eds/bin/gnu/h-i686-mingw32/bin/../lib/gcc/nios2-elf/4.1.2\libgcc.a(_umoddi3.o)
 .bss           0x0105d978        0x0 c:/altera/quartus/nios2eds/bin/gnu/h-i686-mingw32/bin/../lib/gcc/nios2-elf/4.1.2\libgcc.a(_addsub_df.o)
 .bss           0x0105d978        0x0 c:/altera/quartus/nios2eds/bin/gnu/h-i686-mingw32/bin/../lib/gcc/nios2-elf/4.1.2\libgcc.a(_mul_df.o)
 .bss           0x0105d978        0x0 c:/altera/quartus/nios2eds/bin/gnu/h-i686-mingw32/bin/../lib/gcc/nios2-elf/4.1.2\libgcc.a(_div_df.o)
 .bss           0x0105d978        0x0 c:/altera/quartus/nios2eds/bin/gnu/h-i686-mingw32/bin/../lib/gcc/nios2-elf/4.1.2\libgcc.a(_eq_df.o)
 .bss           0x0105d978        0x0 c:/altera/quartus/nios2eds/bin/gnu/h-i686-mingw32/bin/../lib/gcc/nios2-elf/4.1.2\libgcc.a(_ne_df.o)
 .bss           0x0105d978        0x0 c:/altera/quartus/nios2eds/bin/gnu/h-i686-mingw32/bin/../lib/gcc/nios2-elf/4.1.2\libgcc.a(_gt_df.o)
 .bss           0x0105d978        0x0 c:/altera/quartus/nios2eds/bin/gnu/h-i686-mingw32/bin/../lib/gcc/nios2-elf/4.1.2\libgcc.a(_ge_df.o)
 .bss           0x0105d978        0x0 c:/altera/quartus/nios2eds/bin/gnu/h-i686-mingw32/bin/../lib/gcc/nios2-elf/4.1.2\libgcc.a(_lt_df.o)
 .bss           0x0105d978        0x0 c:/altera/quartus/nios2eds/bin/gnu/h-i686-mingw32/bin/../lib/gcc/nios2-elf/4.1.2\libgcc.a(_si_to_df.o)
 .bss           0x0105d978        0x0 c:/altera/quartus/nios2eds/bin/gnu/h-i686-mingw32/bin/../lib/gcc/nios2-elf/4.1.2\libgcc.a(_df_to_si.o)
 .bss           0x0105d978        0x0 c:/altera/quartus/nios2eds/bin/gnu/h-i686-mingw32/bin/../lib/gcc/nios2-elf/4.1.2\libgcc.a(_thenan_df.o)
 .bss           0x0105d978        0x0 c:/altera/quartus/nios2eds/bin/gnu/h-i686-mingw32/bin/../lib/gcc/nios2-elf/4.1.2\libgcc.a(_usi_to_df.o)
 .bss           0x0105d978        0x0 c:/altera/quartus/nios2eds/bin/gnu/h-i686-mingw32/bin/../lib/gcc/nios2-elf/4.1.2\libgcc.a(lib2-divmod.o)
 .bss           0x0105d978        0x0 c:/altera/quartus/nios2eds/bin/gnu/h-i686-mingw32/bin/../lib/gcc/nios2-elf/4.1.2\libgcc.a(_muldi3.o)
 .bss           0x0105d978        0x0 c:/altera/quartus/nios2eds/bin/gnu/h-i686-mingw32/bin/../lib/gcc/nios2-elf/4.1.2\libgcc.a(_clz.o)
 .bss           0x0105d978        0x0 c:/altera/quartus/nios2eds/bin/gnu/h-i686-mingw32/bin/../lib/gcc/nios2-elf/4.1.2\libgcc.a(_clzsi2.o)
 .bss           0x0105d978        0x0 c:/altera/quartus/nios2eds/bin/gnu/h-i686-mingw32/bin/../lib/gcc/nios2-elf/4.1.2\libgcc.a(_pack_df.o)
 .bss           0x0105d978        0x0 c:/altera/quartus/nios2eds/bin/gnu/h-i686-mingw32/bin/../lib/gcc/nios2-elf/4.1.2\libgcc.a(_unpack_df.o)
 .bss           0x0105d978        0x0 c:/altera/quartus/nios2eds/bin/gnu/h-i686-mingw32/bin/../lib/gcc/nios2-elf/4.1.2\libgcc.a(_fpcmp_parts_df.o)
 .bss           0x0105d978        0x0 ../Project1_bsp/\libhal_bsp.a(alt_close.o)
 .bss           0x0105d978        0x0 ../Project1_bsp/\libhal_bsp.a(alt_dev.o)
 .bss           0x0105d978        0x0 ../Project1_bsp/\libhal_bsp.a(alt_errno.o)
 .bss           0x0105d978        0x0 ../Project1_bsp/\libhal_bsp.a(alt_fstat.o)
 .bss           0x0105d978        0x0 ../Project1_bsp/\libhal_bsp.a(alt_isatty.o)
 .bss           0x0105d978        0x0 ../Project1_bsp/\libhal_bsp.a(alt_load.o)
 .bss           0x0105d978        0x0 ../Project1_bsp/\libhal_bsp.a(alt_lseek.o)
 .bss           0x0105d978        0x0 ../Project1_bsp/\libhal_bsp.a(alt_main.o)
 .bss           0x0105d978        0x0 ../Project1_bsp/\libhal_bsp.a(alt_malloc_lock.o)
 .bss           0x0105d978        0x0 ../Project1_bsp/\libhal_bsp.a(alt_read.o)
 .bss           0x0105d978        0x0 ../Project1_bsp/\libhal_bsp.a(alt_release_fd.o)
 .bss           0x0105d978        0x0 ../Project1_bsp/\libhal_bsp.a(alt_sbrk.o)
 .bss           0x0105d978        0x0 ../Project1_bsp/\libhal_bsp.a(alt_write.o)
 .bss           0x0105d978        0x0 ../Project1_bsp/\libhal_bsp.a(alt_sys_init.o)
 .bss           0x0105d978        0x0 ../Project1_bsp/\libhal_bsp.a(altera_avalon_jtag_uart_fd.o)
 .bss           0x0105d978        0x0 ../Project1_bsp/\libhal_bsp.a(altera_avalon_jtag_uart_init.o)
 .bss           0x0105d978        0x0 ../Project1_bsp/\libhal_bsp.a(altera_avalon_jtag_uart_ioctl.o)
 .bss           0x0105d978        0x0 ../Project1_bsp/\libhal_bsp.a(altera_avalon_jtag_uart_read.o)
 .bss           0x0105d978        0x0 ../Project1_bsp/\libhal_bsp.a(altera_avalon_jtag_uart_write.o)
 .bss           0x0105d978        0x0 ../Project1_bsp/\libhal_bsp.a(altera_avalon_timer_sc.o)
 .bss           0x0105d978        0x0 ../Project1_bsp/\libhal_bsp.a(altera_avalon_timer_vars.o)
 .bss           0x0105d978        0x0 ../Project1_bsp/\libhal_bsp.a(altera_up_avalon_character_lcd.o)
 .bss           0x0105d978        0x0 ../Project1_bsp/\libhal_bsp.a(altera_up_avalon_ps2.o)
 .bss           0x0105d978        0x0 ../Project1_bsp/\libhal_bsp.a(altera_up_avalon_video_character_buffer_with_dma.o)
 .bss           0x0105d978        0x0 ../Project1_bsp/\libhal_bsp.a(altera_up_avalon_video_pixel_buffer_dma.o)
 .bss           0x0105d978        0x0 ../Project1_bsp/\libhal_bsp.a(altera_up_ps2_keyboard.o)
 .bss           0x0105d978        0x0 ../Project1_bsp/\libhal_bsp.a(alt_alarm_start.o)
 .bss           0x0105d978        0x0 ../Project1_bsp/\libhal_bsp.a(alt_dcache_flush_all.o)
 .bss           0x0105d978        0x0 ../Project1_bsp/\libhal_bsp.a(alt_dev_llist_insert.o)
 .bss           0x0105d978        0x0 ../Project1_bsp/\libhal_bsp.a(alt_do_ctors.o)
 .bss           0x0105d978        0x0 ../Project1_bsp/\libhal_bsp.a(alt_do_dtors.o)
 .bss           0x0105d978        0x0 ../Project1_bsp/\libhal_bsp.a(alt_find_dev.o)
 .bss           0x0105d978        0x0 ../Project1_bsp/\libhal_bsp.a(alt_icache_flush_all.o)
 .bss           0x0105d978        0x0 ../Project1_bsp/\libhal_bsp.a(alt_io_redirect.o)
 .bss           0x0105d978        0x0 ../Project1_bsp/\libhal_bsp.a(alt_irq_register.o)
 .bss           0x0105d978        0x0 ../Project1_bsp/\libhal_bsp.a(alt_irq_vars.o)
 .bss           0x0105d978        0x0 ../Project1_bsp/\libhal_bsp.a(alt_open.o)
 .bss           0x0105d978        0x0 ../Project1_bsp/\libhal_bsp.a(alt_tick.o)
 .bss           0x0105d978        0x0 ../Project1_bsp/\libhal_bsp.a(altera_nios2_qsys_irq.o)
 .bss           0x0105d978        0x0 ../Project1_bsp/\libhal_bsp.a(alt_find_file.o)
 .bss           0x0105d978        0x0 ../Project1_bsp/\libhal_bsp.a(alt_get_fd.o)
 .bss           0x0105d978        0x0 ../Project1_bsp/\libhal_bsp.a(alt_icache_flush.o)
 .bss           0x0105d978        0x0 ../Project1_bsp/\libhal_bsp.a(alt_irq_entry.o)
 .bss           0x0105d978        0x0 ../Project1_bsp/\libhal_bsp.a(alt_irq_handler.o)
 .bss           0x0105d978        0x0 ../Project1_bsp/\libhal_bsp.a(alt_exception_entry.o)
 .bss           0x0105d978        0x0 c:/altera/quartus/nios2eds/bin/gnu/h-i686-mingw32/bin/../lib/gcc/nios2-elf/4.1.2/../../../../nios2-elf/lib\libc.a(lib_a-atexit.o)
 .bss           0x0105d978        0x0 c:/altera/quartus/nios2eds/bin/gnu/h-i686-mingw32/bin/../lib/gcc/nios2-elf/4.1.2/../../../../nios2-elf/lib\libc.a(lib_a-exit.o)
 .bss           0x0105d978        0x0 c:/altera/quartus/nios2eds/bin/gnu/h-i686-mingw32/bin/../lib/gcc/nios2-elf/4.1.2/../../../../nios2-elf/lib\libc.a(lib_a-memcmp.o)
 .bss           0x0105d978        0x0 c:/altera/quartus/nios2eds/bin/gnu/h-i686-mingw32/bin/../lib/gcc/nios2-elf/4.1.2/../../../../nios2-elf/lib\libc.a(lib_a-strcpy.o)
 .bss           0x0105d978        0x0 c:/altera/quartus/nios2eds/bin/gnu/h-i686-mingw32/bin/../lib/gcc/nios2-elf/4.1.2/../../../../nios2-elf/lib\libc.a(lib_a-__atexit.o)
 .bss           0x0105d978        0x0 c:/altera/quartus/nios2eds/bin/gnu/h-i686-mingw32/bin/../lib/gcc/nios2-elf/4.1.2/../../../../nios2-elf/lib\libc.a(lib_a-__call_atexit.o)
 .bss           0x0105d978        0x0 ../Project1_bsp/\libhal_bsp.a(alt_exit.o)
 *(COMMON)
 COMMON         0x0105d978      0x100 ../Project1_bsp/\libhal_bsp.a(alt_irq_handler.o)
                0x0105d978                alt_irq
 COMMON         0x0105da78      0x190 c:/altera/quartus/nios2eds/bin/gnu/h-i686-mingw32/bin/../lib/gcc/nios2-elf/4.1.2/../../../../nios2-elf/lib\libc.a(lib_a-atexit.o)
                0x0105da78                _atexit0
                0x0105dc08                . = ALIGN (0x4)
                0x0105dc08                __bss_end = ABSOLUTE (.)

.onchip_memory2_0
                0x00000000        0x0 load address 0x0105dc08
                0x00000000                PROVIDE (_alt_partition_onchip_memory2_0_start, ABSOLUTE (.))
 *(.onchip_memory2_0. onchip_memory2_0.*)
                0x00000000                . = ALIGN (0x4)
                0x00000000                PROVIDE (_alt_partition_onchip_memory2_0_end, ABSOLUTE (.))
                0x0105dc08                PROVIDE (_alt_partition_onchip_memory2_0_load_addr, LOADADDR (.onchip_memory2_0))

.sdram          0x0105dc08        0x0
                0x0105dc08                PROVIDE (_alt_partition_sdram_start, ABSOLUTE (.))
 *(.sdram. sdram.*)
                0x0105dc08                . = ALIGN (0x4)
                0x0105dc08                PROVIDE (_alt_partition_sdram_end, ABSOLUTE (.))
                0x0105dc08                _end = ABSOLUTE (.)
                0x0105dc08                end = ABSOLUTE (.)
                0x0105dc08                __alt_stack_base = ABSOLUTE (.)
                0x0105dc08                PROVIDE (_alt_partition_sdram_load_addr, LOADADDR (.sdram))

.stab
 *(.stab)

.stabstr
 *(.stabstr)

.stab.excl
 *(.stab.excl)

.stab.exclstr
 *(.stab.exclstr)

.stab.index
 *(.stab.index)

.stab.indexstr
 *(.stab.indexstr)

.comment        0x00000000       0x26
 *(.comment)
 .comment       0x00000000       0x26 obj/default/project1.o
                                 0x27 (size before relaxing)
 .comment       0x00000000       0x27 c:/altera/quartus/nios2eds/bin/gnu/h-i686-mingw32/bin/../lib/gcc/nios2-elf/4.1.2/../../../../nios2-elf/lib\libc.a(lib_a-memset.o)
 .comment       0x00000000       0x27 c:/altera/quartus/nios2eds/bin/gnu/h-i686-mingw32/bin/../lib/gcc/nios2-elf/4.1.2/../../../../nios2-elf/lib\libc.a(lib_a-printf.o)
 .comment       0x00000000       0x27 c:/altera/quartus/nios2eds/bin/gnu/h-i686-mingw32/bin/../lib/gcc/nios2-elf/4.1.2/../../../../nios2-elf/lib\libc.a(lib_a-puts.o)
 .comment       0x00000000       0x27 c:/altera/quartus/nios2eds/bin/gnu/h-i686-mingw32/bin/../lib/gcc/nios2-elf/4.1.2/../../../../nios2-elf/lib\libc.a(lib_a-strlen.o)
 .comment       0x00000000       0x27 c:/altera/quartus/nios2eds/bin/gnu/h-i686-mingw32/bin/../lib/gcc/nios2-elf/4.1.2/../../../../nios2-elf/lib\libc.a(lib_a-vfprintf.o)
 .comment       0x00000000       0x27 c:/altera/quartus/nios2eds/bin/gnu/h-i686-mingw32/bin/../lib/gcc/nios2-elf/4.1.2/../../../../nios2-elf/lib\libc.a(lib_a-wsetup.o)
 .comment       0x00000000       0x27 c:/altera/quartus/nios2eds/bin/gnu/h-i686-mingw32/bin/../lib/gcc/nios2-elf/4.1.2/../../../../nios2-elf/lib\libc.a(lib_a-dtoa.o)
 .comment       0x00000000       0x27 c:/altera/quartus/nios2eds/bin/gnu/h-i686-mingw32/bin/../lib/gcc/nios2-elf/4.1.2/../../../../nios2-elf/lib\libc.a(lib_a-fflush.o)
 .comment       0x00000000       0x27 c:/altera/quartus/nios2eds/bin/gnu/h-i686-mingw32/bin/../lib/gcc/nios2-elf/4.1.2/../../../../nios2-elf/lib\libc.a(lib_a-findfp.o)
 .comment       0x00000000       0x27 c:/altera/quartus/nios2eds/bin/gnu/h-i686-mingw32/bin/../lib/gcc/nios2-elf/4.1.2/../../../../nios2-elf/lib\libc.a(lib_a-freer.o)
 .comment       0x00000000       0x27 c:/altera/quartus/nios2eds/bin/gnu/h-i686-mingw32/bin/../lib/gcc/nios2-elf/4.1.2/../../../../nios2-elf/lib\libc.a(lib_a-fvwrite.o)
 .comment       0x00000000       0x27 c:/altera/quartus/nios2eds/bin/gnu/h-i686-mingw32/bin/../lib/gcc/nios2-elf/4.1.2/../../../../nios2-elf/lib\libc.a(lib_a-fwalk.o)
 .comment       0x00000000       0x27 c:/altera/quartus/nios2eds/bin/gnu/h-i686-mingw32/bin/../lib/gcc/nios2-elf/4.1.2/../../../../nios2-elf/lib\libc.a(lib_a-impure.o)
 .comment       0x00000000       0x27 c:/altera/quartus/nios2eds/bin/gnu/h-i686-mingw32/bin/../lib/gcc/nios2-elf/4.1.2/../../../../nios2-elf/lib\libc.a(lib_a-locale.o)
 .comment       0x00000000       0x27 c:/altera/quartus/nios2eds/bin/gnu/h-i686-mingw32/bin/../lib/gcc/nios2-elf/4.1.2/../../../../nios2-elf/lib\libc.a(lib_a-makebuf.o)
 .comment       0x00000000       0x27 c:/altera/quartus/nios2eds/bin/gnu/h-i686-mingw32/bin/../lib/gcc/nios2-elf/4.1.2/../../../../nios2-elf/lib\libc.a(lib_a-mallocr.o)
 .comment       0x00000000       0x27 c:/altera/quartus/nios2eds/bin/gnu/h-i686-mingw32/bin/../lib/gcc/nios2-elf/4.1.2/../../../../nios2-elf/lib\libc.a(lib_a-memchr.o)
 .comment       0x00000000       0x27 c:/altera/quartus/nios2eds/bin/gnu/h-i686-mingw32/bin/../lib/gcc/nios2-elf/4.1.2/../../../../nios2-elf/lib\libc.a(lib_a-memcpy.o)
 .comment       0x00000000       0x27 c:/altera/quartus/nios2eds/bin/gnu/h-i686-mingw32/bin/../lib/gcc/nios2-elf/4.1.2/../../../../nios2-elf/lib\libc.a(lib_a-memmove.o)
 .comment       0x00000000       0x27 c:/altera/quartus/nios2eds/bin/gnu/h-i686-mingw32/bin/../lib/gcc/nios2-elf/4.1.2/../../../../nios2-elf/lib\libc.a(lib_a-mprec.o)
 .comment       0x00000000       0x27 c:/altera/quartus/nios2eds/bin/gnu/h-i686-mingw32/bin/../lib/gcc/nios2-elf/4.1.2/../../../../nios2-elf/lib\libc.a(lib_a-reallocr.o)
 .comment       0x00000000       0x27 c:/altera/quartus/nios2eds/bin/gnu/h-i686-mingw32/bin/../lib/gcc/nios2-elf/4.1.2/../../../../nios2-elf/lib\libc.a(lib_a-s_isinfd.o)
 .comment       0x00000000       0x27 c:/altera/quartus/nios2eds/bin/gnu/h-i686-mingw32/bin/../lib/gcc/nios2-elf/4.1.2/../../../../nios2-elf/lib\libc.a(lib_a-s_isnand.o)
 .comment       0x00000000       0x27 c:/altera/quartus/nios2eds/bin/gnu/h-i686-mingw32/bin/../lib/gcc/nios2-elf/4.1.2/../../../../nios2-elf/lib\libc.a(lib_a-sbrkr.o)
 .comment       0x00000000       0x27 c:/altera/quartus/nios2eds/bin/gnu/h-i686-mingw32/bin/../lib/gcc/nios2-elf/4.1.2/../../../../nios2-elf/lib\libc.a(lib_a-stdio.o)
 .comment       0x00000000       0x27 c:/altera/quartus/nios2eds/bin/gnu/h-i686-mingw32/bin/../lib/gcc/nios2-elf/4.1.2/../../../../nios2-elf/lib\libc.a(lib_a-strcmp.o)
 .comment       0x00000000       0x27 c:/altera/quartus/nios2eds/bin/gnu/h-i686-mingw32/bin/../lib/gcc/nios2-elf/4.1.2/../../../../nios2-elf/lib\libc.a(lib_a-writer.o)
 .comment       0x00000000       0x27 c:/altera/quartus/nios2eds/bin/gnu/h-i686-mingw32/bin/../lib/gcc/nios2-elf/4.1.2/../../../../nios2-elf/lib\libc.a(lib_a-callocr.o)
 .comment       0x00000000       0x27 c:/altera/quartus/nios2eds/bin/gnu/h-i686-mingw32/bin/../lib/gcc/nios2-elf/4.1.2/../../../../nios2-elf/lib\libc.a(lib_a-closer.o)
 .comment       0x00000000       0x27 c:/altera/quartus/nios2eds/bin/gnu/h-i686-mingw32/bin/../lib/gcc/nios2-elf/4.1.2/../../../../nios2-elf/lib\libc.a(lib_a-fclose.o)
 .comment       0x00000000       0x27 c:/altera/quartus/nios2eds/bin/gnu/h-i686-mingw32/bin/../lib/gcc/nios2-elf/4.1.2/../../../../nios2-elf/lib\libc.a(lib_a-fstatr.o)
 .comment       0x00000000       0x27 c:/altera/quartus/nios2eds/bin/gnu/h-i686-mingw32/bin/../lib/gcc/nios2-elf/4.1.2/../../../../nios2-elf/lib\libc.a(lib_a-int_errno.o)
 .comment       0x00000000       0x27 c:/altera/quartus/nios2eds/bin/gnu/h-i686-mingw32/bin/../lib/gcc/nios2-elf/4.1.2/../../../../nios2-elf/lib\libc.a(lib_a-isattyr.o)
 .comment       0x00000000       0x27 c:/altera/quartus/nios2eds/bin/gnu/h-i686-mingw32/bin/../lib/gcc/nios2-elf/4.1.2/../../../../nios2-elf/lib\libc.a(lib_a-lseekr.o)
 .comment       0x00000000       0x27 c:/altera/quartus/nios2eds/bin/gnu/h-i686-mingw32/bin/../lib/gcc/nios2-elf/4.1.2/../../../../nios2-elf/lib\libc.a(lib_a-readr.o)
 .comment       0x00000000       0x27 c:/altera/quartus/nios2eds/bin/gnu/h-i686-mingw32/bin/../lib/gcc/nios2-elf/4.1.2\libgcc.a(_udivdi3.o)
 .comment       0x00000000       0x27 c:/altera/quartus/nios2eds/bin/gnu/h-i686-mingw32/bin/../lib/gcc/nios2-elf/4.1.2\libgcc.a(_umoddi3.o)
 .comment       0x00000000       0x27 c:/altera/quartus/nios2eds/bin/gnu/h-i686-mingw32/bin/../lib/gcc/nios2-elf/4.1.2\libgcc.a(_addsub_df.o)
 .comment       0x00000000       0x27 c:/altera/quartus/nios2eds/bin/gnu/h-i686-mingw32/bin/../lib/gcc/nios2-elf/4.1.2\libgcc.a(_mul_df.o)
 .comment       0x00000000       0x27 c:/altera/quartus/nios2eds/bin/gnu/h-i686-mingw32/bin/../lib/gcc/nios2-elf/4.1.2\libgcc.a(_div_df.o)
 .comment       0x00000000       0x27 c:/altera/quartus/nios2eds/bin/gnu/h-i686-mingw32/bin/../lib/gcc/nios2-elf/4.1.2\libgcc.a(_eq_df.o)
 .comment       0x00000000       0x27 c:/altera/quartus/nios2eds/bin/gnu/h-i686-mingw32/bin/../lib/gcc/nios2-elf/4.1.2\libgcc.a(_ne_df.o)
 .comment       0x00000000       0x27 c:/altera/quartus/nios2eds/bin/gnu/h-i686-mingw32/bin/../lib/gcc/nios2-elf/4.1.2\libgcc.a(_gt_df.o)
 .comment       0x00000000       0x27 c:/altera/quartus/nios2eds/bin/gnu/h-i686-mingw32/bin/../lib/gcc/nios2-elf/4.1.2\libgcc.a(_ge_df.o)
 .comment       0x00000000       0x27 c:/altera/quartus/nios2eds/bin/gnu/h-i686-mingw32/bin/../lib/gcc/nios2-elf/4.1.2\libgcc.a(_lt_df.o)
 .comment       0x00000000       0x27 c:/altera/quartus/nios2eds/bin/gnu/h-i686-mingw32/bin/../lib/gcc/nios2-elf/4.1.2\libgcc.a(_si_to_df.o)
 .comment       0x00000000       0x27 c:/altera/quartus/nios2eds/bin/gnu/h-i686-mingw32/bin/../lib/gcc/nios2-elf/4.1.2\libgcc.a(_df_to_si.o)
 .comment       0x00000000       0x27 c:/altera/quartus/nios2eds/bin/gnu/h-i686-mingw32/bin/../lib/gcc/nios2-elf/4.1.2\libgcc.a(_thenan_df.o)
 .comment       0x00000000       0x27 c:/altera/quartus/nios2eds/bin/gnu/h-i686-mingw32/bin/../lib/gcc/nios2-elf/4.1.2\libgcc.a(_usi_to_df.o)
 .comment       0x00000000       0x27 c:/altera/quartus/nios2eds/bin/gnu/h-i686-mingw32/bin/../lib/gcc/nios2-elf/4.1.2\libgcc.a(lib2-divmod.o)
 .comment       0x00000000       0x27 c:/altera/quartus/nios2eds/bin/gnu/h-i686-mingw32/bin/../lib/gcc/nios2-elf/4.1.2\libgcc.a(_muldi3.o)
 .comment       0x00000000       0x27 c:/altera/quartus/nios2eds/bin/gnu/h-i686-mingw32/bin/../lib/gcc/nios2-elf/4.1.2\libgcc.a(_clz.o)
 .comment       0x00000000       0x27 c:/altera/quartus/nios2eds/bin/gnu/h-i686-mingw32/bin/../lib/gcc/nios2-elf/4.1.2\libgcc.a(_clzsi2.o)
 .comment       0x00000000       0x27 c:/altera/quartus/nios2eds/bin/gnu/h-i686-mingw32/bin/../lib/gcc/nios2-elf/4.1.2\libgcc.a(_pack_df.o)
 .comment       0x00000000       0x27 c:/altera/quartus/nios2eds/bin/gnu/h-i686-mingw32/bin/../lib/gcc/nios2-elf/4.1.2\libgcc.a(_unpack_df.o)
 .comment       0x00000000       0x27 c:/altera/quartus/nios2eds/bin/gnu/h-i686-mingw32/bin/../lib/gcc/nios2-elf/4.1.2\libgcc.a(_fpcmp_parts_df.o)
 .comment       0x00000000       0x27 ../Project1_bsp/\libhal_bsp.a(alt_close.o)
 .comment       0x00000000       0x27 ../Project1_bsp/\libhal_bsp.a(alt_dev.o)
 .comment       0x00000000       0x27 ../Project1_bsp/\libhal_bsp.a(alt_errno.o)
 .comment       0x00000000       0x27 ../Project1_bsp/\libhal_bsp.a(alt_fstat.o)
 .comment       0x00000000       0x27 ../Project1_bsp/\libhal_bsp.a(alt_isatty.o)
 .comment       0x00000000       0x27 ../Project1_bsp/\libhal_bsp.a(alt_load.o)
 .comment       0x00000000       0x27 ../Project1_bsp/\libhal_bsp.a(alt_lseek.o)
 .comment       0x00000000       0x27 ../Project1_bsp/\libhal_bsp.a(alt_main.o)
 .comment       0x00000000       0x27 ../Project1_bsp/\libhal_bsp.a(alt_malloc_lock.o)
 .comment       0x00000000       0x27 ../Project1_bsp/\libhal_bsp.a(alt_read.o)
 .comment       0x00000000       0x27 ../Project1_bsp/\libhal_bsp.a(alt_release_fd.o)
 .comment       0x00000000       0x27 ../Project1_bsp/\libhal_bsp.a(alt_sbrk.o)
 .comment       0x00000000       0x27 ../Project1_bsp/\libhal_bsp.a(alt_write.o)
 .comment       0x00000000       0x27 ../Project1_bsp/\libhal_bsp.a(alt_sys_init.o)
 .comment       0x00000000       0x27 ../Project1_bsp/\libhal_bsp.a(altera_avalon_jtag_uart_fd.o)
 .comment       0x00000000       0x27 ../Project1_bsp/\libhal_bsp.a(altera_avalon_jtag_uart_init.o)
 .comment       0x00000000       0x27 ../Project1_bsp/\libhal_bsp.a(altera_avalon_jtag_uart_ioctl.o)
 .comment       0x00000000       0x27 ../Project1_bsp/\libhal_bsp.a(altera_avalon_jtag_uart_read.o)
 .comment       0x00000000       0x27 ../Project1_bsp/\libhal_bsp.a(altera_avalon_jtag_uart_write.o)
 .comment       0x00000000       0x27 ../Project1_bsp/\libhal_bsp.a(altera_avalon_timer_sc.o)
 .comment       0x00000000       0x27 ../Project1_bsp/\libhal_bsp.a(altera_avalon_timer_vars.o)
 .comment       0x00000000       0x27 ../Project1_bsp/\libhal_bsp.a(altera_up_avalon_character_lcd.o)
 .comment       0x00000000       0x27 ../Project1_bsp/\libhal_bsp.a(altera_up_avalon_ps2.o)
 .comment       0x00000000       0x27 ../Project1_bsp/\libhal_bsp.a(altera_up_avalon_video_character_buffer_with_dma.o)
 .comment       0x00000000       0x27 ../Project1_bsp/\libhal_bsp.a(altera_up_avalon_video_pixel_buffer_dma.o)
 .comment       0x00000000       0x27 ../Project1_bsp/\libhal_bsp.a(altera_up_ps2_keyboard.o)
 .comment       0x00000000       0x27 ../Project1_bsp/\libhal_bsp.a(alt_alarm_start.o)
 .comment       0x00000000       0x27 ../Project1_bsp/\libhal_bsp.a(alt_dcache_flush_all.o)
 .comment       0x00000000       0x27 ../Project1_bsp/\libhal_bsp.a(alt_dev_llist_insert.o)
 .comment       0x00000000       0x27 ../Project1_bsp/\libhal_bsp.a(alt_do_ctors.o)
 .comment       0x00000000       0x27 ../Project1_bsp/\libhal_bsp.a(alt_do_dtors.o)
 .comment       0x00000000       0x27 ../Project1_bsp/\libhal_bsp.a(alt_find_dev.o)
 .comment       0x00000000       0x27 ../Project1_bsp/\libhal_bsp.a(alt_icache_flush_all.o)
 .comment       0x00000000       0x27 ../Project1_bsp/\libhal_bsp.a(alt_io_redirect.o)
 .comment       0x00000000       0x27 ../Project1_bsp/\libhal_bsp.a(alt_irq_register.o)
 .comment       0x00000000       0x27 ../Project1_bsp/\libhal_bsp.a(alt_irq_vars.o)
 .comment       0x00000000       0x27 ../Project1_bsp/\libhal_bsp.a(alt_open.o)
 .comment       0x00000000       0x27 ../Project1_bsp/\libhal_bsp.a(alt_tick.o)
 .comment       0x00000000       0x27 ../Project1_bsp/\libhal_bsp.a(altera_nios2_qsys_irq.o)
 .comment       0x00000000       0x27 ../Project1_bsp/\libhal_bsp.a(alt_find_file.o)
 .comment       0x00000000       0x27 ../Project1_bsp/\libhal_bsp.a(alt_get_fd.o)
 .comment       0x00000000       0x27 ../Project1_bsp/\libhal_bsp.a(alt_icache_flush.o)
 .comment       0x00000000       0x27 ../Project1_bsp/\libhal_bsp.a(alt_irq_handler.o)
 .comment       0x00000000       0x27 c:/altera/quartus/nios2eds/bin/gnu/h-i686-mingw32/bin/../lib/gcc/nios2-elf/4.1.2/../../../../nios2-elf/lib\libc.a(lib_a-atexit.o)
 .comment       0x00000000       0x27 c:/altera/quartus/nios2eds/bin/gnu/h-i686-mingw32/bin/../lib/gcc/nios2-elf/4.1.2/../../../../nios2-elf/lib\libc.a(lib_a-exit.o)
 .comment       0x00000000       0x27 c:/altera/quartus/nios2eds/bin/gnu/h-i686-mingw32/bin/../lib/gcc/nios2-elf/4.1.2/../../../../nios2-elf/lib\libc.a(lib_a-memcmp.o)
 .comment       0x00000000       0x27 c:/altera/quartus/nios2eds/bin/gnu/h-i686-mingw32/bin/../lib/gcc/nios2-elf/4.1.2/../../../../nios2-elf/lib\libc.a(lib_a-strcpy.o)
 .comment       0x00000000       0x27 c:/altera/quartus/nios2eds/bin/gnu/h-i686-mingw32/bin/../lib/gcc/nios2-elf/4.1.2/../../../../nios2-elf/lib\libc.a(lib_a-__atexit.o)
 .comment       0x00000000       0x27 c:/altera/quartus/nios2eds/bin/gnu/h-i686-mingw32/bin/../lib/gcc/nios2-elf/4.1.2/../../../../nios2-elf/lib\libc.a(lib_a-__call_atexit.o)
 .comment       0x00000000       0x27 ../Project1_bsp/\libhal_bsp.a(alt_exit.o)

.debug
 *(.debug)

.line
 *(.line)

.debug_srcinfo
 *(.debug_srcinfo)

.debug_sfnames
 *(.debug_sfnames)

.debug_aranges  0x00000000      0xd18
 *(.debug_aranges)
 .debug_aranges
                0x00000000       0x28 ../Project1_bsp//obj/HAL/src/crt0.o
 .debug_aranges
                0x00000028       0x20 obj/default/project1.o
 .debug_aranges
                0x00000048       0x20 c:/altera/quartus/nios2eds/bin/gnu/h-i686-mingw32/bin/../lib/gcc/nios2-elf/4.1.2/../../../../nios2-elf/lib\libc.a(lib_a-memset.o)
 .debug_aranges
                0x00000068       0x20 c:/altera/quartus/nios2eds/bin/gnu/h-i686-mingw32/bin/../lib/gcc/nios2-elf/4.1.2/../../../../nios2-elf/lib\libc.a(lib_a-printf.o)
 .debug_aranges
                0x00000088       0x20 c:/altera/quartus/nios2eds/bin/gnu/h-i686-mingw32/bin/../lib/gcc/nios2-elf/4.1.2/../../../../nios2-elf/lib\libc.a(lib_a-puts.o)
 .debug_aranges
                0x000000a8       0x20 c:/altera/quartus/nios2eds/bin/gnu/h-i686-mingw32/bin/../lib/gcc/nios2-elf/4.1.2/../../../../nios2-elf/lib\libc.a(lib_a-strlen.o)
 .debug_aranges
                0x000000c8       0x20 c:/altera/quartus/nios2eds/bin/gnu/h-i686-mingw32/bin/../lib/gcc/nios2-elf/4.1.2/../../../../nios2-elf/lib\libc.a(lib_a-vfprintf.o)
 .debug_aranges
                0x000000e8       0x20 c:/altera/quartus/nios2eds/bin/gnu/h-i686-mingw32/bin/../lib/gcc/nios2-elf/4.1.2/../../../../nios2-elf/lib\libc.a(lib_a-wsetup.o)
 .debug_aranges
                0x00000108       0x20 c:/altera/quartus/nios2eds/bin/gnu/h-i686-mingw32/bin/../lib/gcc/nios2-elf/4.1.2/../../../../nios2-elf/lib\libc.a(lib_a-dtoa.o)
 .debug_aranges
                0x00000128       0x20 c:/altera/quartus/nios2eds/bin/gnu/h-i686-mingw32/bin/../lib/gcc/nios2-elf/4.1.2/../../../../nios2-elf/lib\libc.a(lib_a-fflush.o)
 .debug_aranges
                0x00000148       0x20 c:/altera/quartus/nios2eds/bin/gnu/h-i686-mingw32/bin/../lib/gcc/nios2-elf/4.1.2/../../../../nios2-elf/lib\libc.a(lib_a-findfp.o)
 .debug_aranges
                0x00000168       0x20 c:/altera/quartus/nios2eds/bin/gnu/h-i686-mingw32/bin/../lib/gcc/nios2-elf/4.1.2/../../../../nios2-elf/lib\libc.a(lib_a-freer.o)
 .debug_aranges
                0x00000188       0x20 c:/altera/quartus/nios2eds/bin/gnu/h-i686-mingw32/bin/../lib/gcc/nios2-elf/4.1.2/../../../../nios2-elf/lib\libc.a(lib_a-fvwrite.o)
 .debug_aranges
                0x000001a8       0x20 c:/altera/quartus/nios2eds/bin/gnu/h-i686-mingw32/bin/../lib/gcc/nios2-elf/4.1.2/../../../../nios2-elf/lib\libc.a(lib_a-fwalk.o)
 .debug_aranges
                0x000001c8       0x20 c:/altera/quartus/nios2eds/bin/gnu/h-i686-mingw32/bin/../lib/gcc/nios2-elf/4.1.2/../../../../nios2-elf/lib\libc.a(lib_a-locale.o)
 .debug_aranges
                0x000001e8       0x20 c:/altera/quartus/nios2eds/bin/gnu/h-i686-mingw32/bin/../lib/gcc/nios2-elf/4.1.2/../../../../nios2-elf/lib\libc.a(lib_a-makebuf.o)
 .debug_aranges
                0x00000208       0x20 c:/altera/quartus/nios2eds/bin/gnu/h-i686-mingw32/bin/../lib/gcc/nios2-elf/4.1.2/../../../../nios2-elf/lib\libc.a(lib_a-mallocr.o)
 .debug_aranges
                0x00000228       0x20 c:/altera/quartus/nios2eds/bin/gnu/h-i686-mingw32/bin/../lib/gcc/nios2-elf/4.1.2/../../../../nios2-elf/lib\libc.a(lib_a-memchr.o)
 .debug_aranges
                0x00000248       0x20 c:/altera/quartus/nios2eds/bin/gnu/h-i686-mingw32/bin/../lib/gcc/nios2-elf/4.1.2/../../../../nios2-elf/lib\libc.a(lib_a-memcpy.o)
 .debug_aranges
                0x00000268       0x20 c:/altera/quartus/nios2eds/bin/gnu/h-i686-mingw32/bin/../lib/gcc/nios2-elf/4.1.2/../../../../nios2-elf/lib\libc.a(lib_a-memmove.o)
 .debug_aranges
                0x00000288       0x20 c:/altera/quartus/nios2eds/bin/gnu/h-i686-mingw32/bin/../lib/gcc/nios2-elf/4.1.2/../../../../nios2-elf/lib\libc.a(lib_a-mprec.o)
 .debug_aranges
                0x000002a8       0x20 c:/altera/quartus/nios2eds/bin/gnu/h-i686-mingw32/bin/../lib/gcc/nios2-elf/4.1.2/../../../../nios2-elf/lib\libc.a(lib_a-reallocr.o)
 .debug_aranges
                0x000002c8       0x20 c:/altera/quartus/nios2eds/bin/gnu/h-i686-mingw32/bin/../lib/gcc/nios2-elf/4.1.2/../../../../nios2-elf/lib\libc.a(lib_a-s_isinfd.o)
 .debug_aranges
                0x000002e8       0x20 c:/altera/quartus/nios2eds/bin/gnu/h-i686-mingw32/bin/../lib/gcc/nios2-elf/4.1.2/../../../../nios2-elf/lib\libc.a(lib_a-s_isnand.o)
 .debug_aranges
                0x00000308       0x20 c:/altera/quartus/nios2eds/bin/gnu/h-i686-mingw32/bin/../lib/gcc/nios2-elf/4.1.2/../../../../nios2-elf/lib\libc.a(lib_a-sbrkr.o)
 .debug_aranges
                0x00000328       0x20 c:/altera/quartus/nios2eds/bin/gnu/h-i686-mingw32/bin/../lib/gcc/nios2-elf/4.1.2/../../../../nios2-elf/lib\libc.a(lib_a-stdio.o)
 .debug_aranges
                0x00000348       0x20 c:/altera/quartus/nios2eds/bin/gnu/h-i686-mingw32/bin/../lib/gcc/nios2-elf/4.1.2/../../../../nios2-elf/lib\libc.a(lib_a-strcmp.o)
 .debug_aranges
                0x00000368       0x20 c:/altera/quartus/nios2eds/bin/gnu/h-i686-mingw32/bin/../lib/gcc/nios2-elf/4.1.2/../../../../nios2-elf/lib\libc.a(lib_a-writer.o)
 .debug_aranges
                0x00000388       0x20 c:/altera/quartus/nios2eds/bin/gnu/h-i686-mingw32/bin/../lib/gcc/nios2-elf/4.1.2/../../../../nios2-elf/lib\libc.a(lib_a-callocr.o)
 .debug_aranges
                0x000003a8       0x20 c:/altera/quartus/nios2eds/bin/gnu/h-i686-mingw32/bin/../lib/gcc/nios2-elf/4.1.2/../../../../nios2-elf/lib\libc.a(lib_a-closer.o)
 .debug_aranges
                0x000003c8       0x20 c:/altera/quartus/nios2eds/bin/gnu/h-i686-mingw32/bin/../lib/gcc/nios2-elf/4.1.2/../../../../nios2-elf/lib\libc.a(lib_a-fclose.o)
 .debug_aranges
                0x000003e8       0x20 c:/altera/quartus/nios2eds/bin/gnu/h-i686-mingw32/bin/../lib/gcc/nios2-elf/4.1.2/../../../../nios2-elf/lib\libc.a(lib_a-fstatr.o)
 .debug_aranges
                0x00000408       0x20 c:/altera/quartus/nios2eds/bin/gnu/h-i686-mingw32/bin/../lib/gcc/nios2-elf/4.1.2/../../../../nios2-elf/lib\libc.a(lib_a-isattyr.o)
 .debug_aranges
                0x00000428       0x20 c:/altera/quartus/nios2eds/bin/gnu/h-i686-mingw32/bin/../lib/gcc/nios2-elf/4.1.2/../../../../nios2-elf/lib\libc.a(lib_a-lseekr.o)
 .debug_aranges
                0x00000448       0x20 c:/altera/quartus/nios2eds/bin/gnu/h-i686-mingw32/bin/../lib/gcc/nios2-elf/4.1.2/../../../../nios2-elf/lib\libc.a(lib_a-readr.o)
 .debug_aranges
                0x00000468       0x20 c:/altera/quartus/nios2eds/bin/gnu/h-i686-mingw32/bin/../lib/gcc/nios2-elf/4.1.2\libgcc.a(_udivdi3.o)
 .debug_aranges
                0x00000488       0x20 c:/altera/quartus/nios2eds/bin/gnu/h-i686-mingw32/bin/../lib/gcc/nios2-elf/4.1.2\libgcc.a(_umoddi3.o)
 .debug_aranges
                0x000004a8       0x20 c:/altera/quartus/nios2eds/bin/gnu/h-i686-mingw32/bin/../lib/gcc/nios2-elf/4.1.2\libgcc.a(_addsub_df.o)
 .debug_aranges
                0x000004c8       0x20 c:/altera/quartus/nios2eds/bin/gnu/h-i686-mingw32/bin/../lib/gcc/nios2-elf/4.1.2\libgcc.a(_mul_df.o)
 .debug_aranges
                0x000004e8       0x20 c:/altera/quartus/nios2eds/bin/gnu/h-i686-mingw32/bin/../lib/gcc/nios2-elf/4.1.2\libgcc.a(_div_df.o)
 .debug_aranges
                0x00000508       0x20 c:/altera/quartus/nios2eds/bin/gnu/h-i686-mingw32/bin/../lib/gcc/nios2-elf/4.1.2\libgcc.a(_eq_df.o)
 .debug_aranges
                0x00000528       0x20 c:/altera/quartus/nios2eds/bin/gnu/h-i686-mingw32/bin/../lib/gcc/nios2-elf/4.1.2\libgcc.a(_ne_df.o)
 .debug_aranges
                0x00000548       0x20 c:/altera/quartus/nios2eds/bin/gnu/h-i686-mingw32/bin/../lib/gcc/nios2-elf/4.1.2\libgcc.a(_gt_df.o)
 .debug_aranges
                0x00000568       0x20 c:/altera/quartus/nios2eds/bin/gnu/h-i686-mingw32/bin/../lib/gcc/nios2-elf/4.1.2\libgcc.a(_ge_df.o)
 .debug_aranges
                0x00000588       0x20 c:/altera/quartus/nios2eds/bin/gnu/h-i686-mingw32/bin/../lib/gcc/nios2-elf/4.1.2\libgcc.a(_lt_df.o)
 .debug_aranges
                0x000005a8       0x20 c:/altera/quartus/nios2eds/bin/gnu/h-i686-mingw32/bin/../lib/gcc/nios2-elf/4.1.2\libgcc.a(_si_to_df.o)
 .debug_aranges
                0x000005c8       0x20 c:/altera/quartus/nios2eds/bin/gnu/h-i686-mingw32/bin/../lib/gcc/nios2-elf/4.1.2\libgcc.a(_df_to_si.o)
 .debug_aranges
                0x000005e8       0x20 c:/altera/quartus/nios2eds/bin/gnu/h-i686-mingw32/bin/../lib/gcc/nios2-elf/4.1.2\libgcc.a(_usi_to_df.o)
 .debug_aranges